Archive member included because of file (symbol)

C:\Users\Gunnar\Atollic\TrueSTUDIO\ARM_workspace\BSP\Debug\libBSP.a(stm32f4xx_usart.o)
                              src\lib\UART.o (USART_Init)
C:\Users\Gunnar\Atollic\TrueSTUDIO\ARM_workspace\BSP\Debug\libBSP.a(stm32f4xx_rcc.o)
                              C:\Users\Gunnar\Atollic\TrueSTUDIO\ARM_workspace\BSP\Debug\libBSP.a(stm32f4xx_usart.o) (RCC_GetClocksFreq)
C:\Users\Gunnar\Atollic\TrueSTUDIO\ARM_workspace\BSP\Debug\libBSP.a(stm32f4xx_i2c.o)
                              src\lib\I2C.o (I2C_DeInit)
C:\Users\Gunnar\Atollic\TrueSTUDIO\ARM_workspace\BSP\Debug\libBSP.a(stm32f4xx_gpio.o)
                              src\lib\can.o (GPIO_Init)
C:\Users\Gunnar\Atollic\TrueSTUDIO\ARM_workspace\BSP\Debug\libBSP.a(stm32f4xx_can.o)
                              src\lib\can.o (CAN_DeInit)
C:\Users\Gunnar\Atollic\TrueSTUDIO\ARM_workspace\BSP\Debug\libBSP.a(misc.o)
                              src\application\main.o (NVIC_PriorityGroupConfig)
C:\Users\Gunnar\Atollic\TrueSTUDIO\ARM_workspace\FreeRTOS\Debug\libFreeRTOS.a(tasks.o)
                              src\application\CANGatekeeper.o (xTaskGenericCreate)
C:\Users\Gunnar\Atollic\TrueSTUDIO\ARM_workspace\FreeRTOS\Debug\libFreeRTOS.a(queue.o)
                              src\application\CANGatekeeper.o (xQueueGenericCreate)
C:\Users\Gunnar\Atollic\TrueSTUDIO\ARM_workspace\FreeRTOS\Debug\libFreeRTOS.a(heap_4.o)
                              C:\Users\Gunnar\Atollic\TrueSTUDIO\ARM_workspace\FreeRTOS\Debug\libFreeRTOS.a(tasks.o) (pvPortMalloc)
C:\Users\Gunnar\Atollic\TrueSTUDIO\ARM_workspace\FreeRTOS\Debug\libFreeRTOS.a(port.o)
                              C:\Users\Gunnar\Atollic\TrueSTUDIO\ARM_workspace\FreeRTOS\Debug\libFreeRTOS.a(tasks.o) (pxPortInitialiseStack)
C:\Users\Gunnar\Atollic\TrueSTUDIO\ARM_workspace\FreeRTOS\Debug\libFreeRTOS.a(list.o)
                              C:\Users\Gunnar\Atollic\TrueSTUDIO\ARM_workspace\FreeRTOS\Debug\libFreeRTOS.a(tasks.o) (vListInitialise)
C:\Users\Gunnar\Atollic\TrueSTUDIO\ARM_workspace\FreeRTOS\Debug\libFreeRTOS.a(timers.o)
                              C:\Users\Gunnar\Atollic\TrueSTUDIO\ARM_workspace\FreeRTOS\Debug\libFreeRTOS.a(tasks.o) (xTimerCreateTimerTask)
c:/program files/atollic/truestudio for arm pro 4.3.1/armtools/bin/../lib/gcc/arm-atollic-eabi/4.7.3/../../../../arm-atollic-eabi/lib/armv7e-m/fpu\libc_s.a(lib_a-atoi.o)
                              src\application\RFComm.o (atoi)
c:/program files/atollic/truestudio for arm pro 4.3.1/armtools/bin/../lib/gcc/arm-atollic-eabi/4.7.3/../../../../arm-atollic-eabi/lib/armv7e-m/fpu\libc_s.a(lib_a-init.o)
                              src\startup_stm32f40xx.o (__libc_init_array)
c:/program files/atollic/truestudio for arm pro 4.3.1/armtools/bin/../lib/gcc/arm-atollic-eabi/4.7.3/../../../../arm-atollic-eabi/lib/armv7e-m/fpu\libc_s.a(lib_a-memcmp.o)
                              C:\Users\Gunnar\Atollic\TrueSTUDIO\ARM_workspace\FreeRTOS\Debug\libFreeRTOS.a(tasks.o) (memcmp)
c:/program files/atollic/truestudio for arm pro 4.3.1/armtools/bin/../lib/gcc/arm-atollic-eabi/4.7.3/../../../../arm-atollic-eabi/lib/armv7e-m/fpu\libc_s.a(lib_a-memcpy.o)
                              C:\Users\Gunnar\Atollic\TrueSTUDIO\ARM_workspace\FreeRTOS\Debug\libFreeRTOS.a(queue.o) (memcpy)
c:/program files/atollic/truestudio for arm pro 4.3.1/armtools/bin/../lib/gcc/arm-atollic-eabi/4.7.3/../../../../arm-atollic-eabi/lib/armv7e-m/fpu\libc_s.a(lib_a-memset.o)
                              src\application\RFComm.o (memset)
c:/program files/atollic/truestudio for arm pro 4.3.1/armtools/bin/../lib/gcc/arm-atollic-eabi/4.7.3/../../../../arm-atollic-eabi/lib/armv7e-m/fpu\libc_s.a(lib_a-printf.o)
                              src\application\GyroTask.o (printf)
c:/program files/atollic/truestudio for arm pro 4.3.1/armtools/bin/../lib/gcc/arm-atollic-eabi/4.7.3/../../../../arm-atollic-eabi/lib/armv7e-m/fpu\libc_s.a(lib_a-puts.o)
                              src\application\GyroTask.o (puts)
c:/program files/atollic/truestudio for arm pro 4.3.1/armtools/bin/../lib/gcc/arm-atollic-eabi/4.7.3/../../../../arm-atollic-eabi/lib/armv7e-m/fpu\libc_s.a(lib_a-reent.o)
                              src\syscalls.o (errno)
c:/program files/atollic/truestudio for arm pro 4.3.1/armtools/bin/../lib/gcc/arm-atollic-eabi/4.7.3/../../../../arm-atollic-eabi/lib/armv7e-m/fpu\libc_s.a(lib_a-sprintf.o)
                              src\application\RFComm.o (sprintf)
c:/program files/atollic/truestudio for arm pro 4.3.1/armtools/bin/../lib/gcc/arm-atollic-eabi/4.7.3/../../../../arm-atollic-eabi/lib/armv7e-m/fpu\libc_s.a(lib_a-strcat.o)
                              src\application\RFComm.o (strcat)
c:/program files/atollic/truestudio for arm pro 4.3.1/armtools/bin/../lib/gcc/arm-atollic-eabi/4.7.3/../../../../arm-atollic-eabi/lib/armv7e-m/fpu\libc_s.a(lib_a-strcpy.o)
                              src\application\RFComm.o (strcpy)
[...]
Memory Configuration

Name             Origin             Length             Attributes
FLASH            0x08000000         0x00100000         xr
RAM              0x20000000         0x00020000         xrw
MEMORY_B1        0x60000000         0x00000000         xr
CCMRAM           0x10000000         0x00010000         rw
*default*        0x00000000         0xffffffff

Linker script and memory map

LOAD c:/program files/atollic/truestudio for arm pro 4.3.1/armtools/bin/../lib/gcc/arm-atollic-eabi/4.7.3/armv7e-m/fpu/crti.o
LOAD c:/program files/atollic/truestudio for arm pro 4.3.1/armtools/bin/../lib/gcc/arm-atollic-eabi/4.7.3/armv7e-m/fpu/crtbegin.o
LOAD src\system_stm32f4xx.o
LOAD src\syscalls.o
LOAD src\startup_stm32f40xx.o
LOAD src\lib\can.o
LOAD src\lib\UART.o
LOAD src\lib\I2C.o
LOAD src\application\main.o
LOAD src\application\Trilateration.o
LOAD src\application\RFComm.o
LOAD src\application\GyroTask.o
LOAD src\application\CANGatekeeper.o
LOAD C:\Users\Gunnar\Atollic\TrueSTUDIO\ARM_workspace\BSP\Debug\libBSP.a
LOAD C:\Users\Gunnar\Atollic\TrueSTUDIO\ARM_workspace\FreeRTOS\Debug\libFreeRTOS.a
START GROUP
LOAD c:/program files/atollic/truestudio for arm pro 4.3.1/armtools/bin/../lib/gcc/arm-atollic-eabi/4.7.3/../../../../arm-atollic-eabi/lib/armv7e-m/fpu\libc_s.a
LOAD c:/program files/atollic/truestudio for arm pro 4.3.1/armtools/bin/../lib/gcc/arm-atollic-eabi/4.7.3/../../../../arm-atollic-eabi/lib/armv7e-m/fpu\libm.a
END GROUP
                0x00001000                malloc_getpagesize_P = 0x1000
START GROUP
LOAD c:/program files/atollic/truestudio for arm pro 4.3.1/armtools/bin/../lib/gcc/arm-atollic-eabi/4.7.3/armv7e-m/fpu\libgcc.a
LOAD c:/program files/atollic/truestudio for arm pro 4.3.1/armtools/bin/../lib/gcc/arm-atollic-eabi/4.7.3/../../../../arm-atollic-eabi/lib/armv7e-m/fpu\libc.a
END GROUP
LOAD c:/program files/atollic/truestudio for arm pro 4.3.1/armtools/bin/../lib/gcc/arm-atollic-eabi/4.7.3/armv7e-m/fpu/crtend.o
LOAD c:/program files/atollic/truestudio for arm pro 4.3.1/armtools/bin/../lib/gcc/arm-atollic-eabi/4.7.3/armv7e-m/fpu/crtn.o
                0x20020000                _estack = 0x20020000
                0x00000000                _Min_Heap_Size = 0x0
                0x00000400                _Min_Stack_Size = 0x400

.isr_vector     0x08000000      0x188
                0x08000000                . = ALIGN (0x4)
 *(.isr_vector)
 .isr_vector    0x08000000      0x188 src\startup_stm32f40xx.o
                0x08000000                g_pfnVectors
                0x08000188                . = ALIGN (0x4)

.text           0x08000188     0x4e98
                0x08000188                . = ALIGN (0x4)
 *(.text)
 .text          0x08000188       0x54 c:/program files/atollic/truestudio for arm pro 4.3.1/armtools/bin/../lib/gcc/arm-atollic-eabi/4.7.3/armv7e-m/fpu/crtbegin.o
 *(.text*)
 .text.SystemInit
                0x080001dc       0xb0 src\system_stm32f4xx.o
                0x080001dc                SystemInit
 .text.SetSysClock
                0x0800028c      0x188 src\system_stm32f4xx.o
 .text.Reset_Handler
                0x08000414       0x58 src\startup_stm32f40xx.o
                0x08000414                Reset_Handler
 .text.Default_Handler
                0x0800046c        0x4 src\startup_stm32f40xx.o
                0x0800046c                RTC_Alarm_IRQHandler
                0x0800046c                HASH_RNG_IRQHandler
                0x0800046c                EXTI2_IRQHandler
                0x0800046c                TIM8_CC_IRQHandler
                0x0800046c                DebugMon_Handler
                0x0800046c                TIM1_CC_IRQHandler
                0x0800046c                DMA2_Stream5_IRQHandler
                0x0800046c                HardFault_Handler
                0x0800046c                DMA1_Stream5_IRQHandler
                0x0800046c                PVD_IRQHandler
                0x0800046c                SDIO_IRQHandler
                0x0800046c                TAMP_STAMP_IRQHandler
                0x0800046c                NMI_Handler
                0x0800046c                CAN2_RX1_IRQHandler
                0x0800046c                EXTI3_IRQHandler
                0x0800046c                TIM8_TRG_COM_TIM14_IRQHandler
                0x0800046c                TIM1_UP_TIM10_IRQHandler
                0x0800046c                TIM8_UP_TIM13_IRQHandler
                0x0800046c                I2C3_ER_IRQHandler
                0x0800046c                EXTI0_IRQHandler
                0x0800046c                I2C2_EV_IRQHandler
                0x0800046c                DMA1_Stream2_IRQHandler
                0x0800046c                FPU_IRQHandler
                0x0800046c                OTG_HS_WKUP_IRQHandler
                0x0800046c                UsageFault_Handler
                0x0800046c                CAN2_SCE_IRQHandler
                0x0800046c                DMA2_Stream2_IRQHandler
                0x0800046c                SPI1_IRQHandler
                0x0800046c                TIM6_DAC_IRQHandler
                0x0800046c                TIM1_BRK_TIM9_IRQHandler
                0x0800046c                DCMI_IRQHandler
                0x0800046c                CAN2_RX0_IRQHandler
                0x0800046c                DMA2_Stream3_IRQHandler
                0x0800046c                USART6_IRQHandler
                0x0800046c                USART3_IRQHandler
                0x0800046c                CRYP_IRQHandler
                0x0800046c                CAN1_RX1_IRQHandler
                0x0800046c                UART5_IRQHandler
                0x0800046c                DMA2_Stream0_IRQHandler
                0x0800046c                TIM4_IRQHandler
                0x0800046c                I2C1_EV_IRQHandler
                0x0800046c                DMA1_Stream6_IRQHandler
                0x0800046c                DMA1_Stream1_IRQHandler
                0x0800046c                UART4_IRQHandler
                0x0800046c                TIM3_IRQHandler
                0x0800046c                RCC_IRQHandler
                0x0800046c                TIM8_BRK_TIM12_IRQHandler
                0x0800046c                Default_Handler
                0x0800046c                EXTI15_10_IRQHandler
                0x0800046c                ADC_IRQHandler
                0x0800046c                DMA1_Stream7_IRQHandler
                0x0800046c                TIM7_IRQHandler
                0x0800046c                CAN2_TX_IRQHandler
                0x0800046c                TIM5_IRQHandler
                0x0800046c                DMA2_Stream7_IRQHandler
                0x0800046c                I2C3_EV_IRQHandler
                0x0800046c                EXTI9_5_IRQHandler
                0x0800046c                RTC_WKUP_IRQHandler
                0x0800046c                ETH_WKUP_IRQHandler
                0x0800046c                SPI2_IRQHandler
                0x0800046c                OTG_HS_EP1_IN_IRQHandler
                0x0800046c                MemManage_Handler
                0x0800046c                DMA1_Stream0_IRQHandler
                0x0800046c                CAN1_TX_IRQHandler
                0x0800046c                EXTI4_IRQHandler
                0x0800046c                FSMC_IRQHandler
                0x0800046c                ETH_IRQHandler
                0x0800046c                OTG_HS_EP1_OUT_IRQHandler
                0x0800046c                WWDG_IRQHandler
                0x0800046c                TIM2_IRQHandler
                0x0800046c                OTG_FS_WKUP_IRQHandler
                0x0800046c                TIM1_TRG_COM_TIM11_IRQHandler
                0x0800046c                OTG_HS_IRQHandler
                0x0800046c                EXTI1_IRQHandler
                0x0800046c                USART2_IRQHandler
                0x0800046c                I2C2_ER_IRQHandler
                0x0800046c                DMA2_Stream1_IRQHandler
                0x0800046c                CAN1_SCE_IRQHandler
                0x0800046c                FLASH_IRQHandler
                0x0800046c                DMA2_Stream4_IRQHandler
                0x0800046c                BusFault_Handler
                0x0800046c                OTG_FS_IRQHandler
                0x0800046c                SPI3_IRQHandler
                0x0800046c                DMA1_Stream4_IRQHandler
                0x0800046c                DMA2_Stream6_IRQHandler
                0x0800046c                DMA1_Stream3_IRQHandler
 .text.initCAN  0x08000470      0x1c4 src\lib\can.o
                0x08000470                initCAN
 .text.setCANFilter
                0x08000634      0x138 src\lib\can.o
                0x08000634                setCANFilter
 .text.initCANInterrupt
                0x0800076c       0x30 src\lib\can.o
 .text.CAN1_RX0_IRQHandler
                0x0800079c       0x3c src\lib\can.o
                0x0800079c                CAN1_RX0_IRQHandler
 .text.initI2C  0x080007d8      0x118 src\lib\I2C.o
                0x080007d8                initI2C
 .text.startByteI2C
                0x080008f0       0xc4 src\lib\I2C.o
 .text.writeByteI2C
                0x080009b4       0x50 src\lib\I2C.o
 .text.writeEndByteI2C
                0x08000a04       0x60 src\lib\I2C.o
 .text.writeI2C
                0x08000a64       0x7c src\lib\I2C.o
                0x08000a64                writeI2C
 .text.I2C1_ER_IRQHandler
                0x08000ae0       0x54 src\lib\I2C.o
                0x08000ae0                I2C1_ER_IRQHandler
 .text.posRequest
                0x08000b34       0x1c src\application\main.o
                0x08000b34                posRequest
 .text.main     0x08000b50       0x30 src\application\main.o
                0x08000b50                main
 .text.vApplicationMallocFailedHook
                0x08000b80        0xc src\application\main.o
                0x08000b80                vApplicationMallocFailedHook
 .text.vApplicationStackOverflowHook
                0x08000b8c       0x10 src\application\main.o
                0x08000b8c                vApplicationStackOverflowHook
 .text.USART1_IRQHandler
                0x08000b9c       0x98 src\application\RFComm.o
                0x08000b9c                USART1_IRQHandler
 .text.initGyr  0x08000c34       0xa8 src\application\GyroTask.o
                0x08000c34                initGyr
 .text.setGyrSensitivity
                0x08000cdc       0x88 src\application\GyroTask.o
                0x08000cdc                setGyrSensitivity
 .text.initCANGatekeeper
                0x08000d64       0xcc src\application\CANGatekeeper.o
                0x08000d64                initCANGatekeeper
 .text.setFunctionCANListener
                0x08000e30       0xc0 src\application\CANGatekeeper.o
                0x08000e30                setFunctionCANListener
 .text.createCANMessage
                0x08000ef0       0xa0 src\application\CANGatekeeper.o
                0x08000ef0                createCANMessage
 .text.txNaviPositionResponse
                0x08000f90       0x28 src\application\CANGatekeeper.o
                0x08000f90                txNaviPositionResponse
 .text.txPositionResponse
                0x08000fb8       0x80 src\application\CANGatekeeper.o
 .text.rxEmergencyStop
                0x08001038       0x28 src\application\CANGatekeeper.o
 .text.rxGotoXY
                0x08001060       0xc8 src\application\CANGatekeeper.o
 .text.rxGotoStateResponse
                0x08001128       0x40 src\application\CANGatekeeper.o
 .text.rxPositionResponse
                0x08001168       0x84 src\application\CANGatekeeper.o
 .text.rxStartConfigurationSet
                0x080011ec       0x80 src\application\CANGatekeeper.o
 .text.vCANRx   0x0800126c      0x238 src\application\CANGatekeeper.o
 .text.vCANTx   0x080014a4       0xbc src\application\CANGatekeeper.o
 .text.catchCANRx
                0x08001560       0x34 src\application\CANGatekeeper.o
 .text.USART_ReceiveData
                0x08001594       0x24 C:\Users\Gunnar\Atollic\TrueSTUDIO\ARM_workspace\BSP\Debug\libBSP.a(stm32f4xx_usart.o)
                0x08001594                USART_ReceiveData
 .text.USART_GetITStatus
                0x080015b8       0xc4 C:\Users\Gunnar\Atollic\TrueSTUDIO\ARM_workspace\BSP\Debug\libBSP.a(stm32f4xx_usart.o)
                0x080015b8                USART_GetITStatus
 .text.RCC_GetClocksFreq
                0x0800167c      0x1cc C:\Users\Gunnar\Atollic\TrueSTUDIO\ARM_workspace\BSP\Debug\libBSP.a(stm32f4xx_rcc.o)
                0x0800167c                RCC_GetClocksFreq
 .text.RCC_AHB1PeriphClockCmd
                0x08001848       0x54 C:\Users\Gunnar\Atollic\TrueSTUDIO\ARM_workspace\BSP\Debug\libBSP.a(stm32f4xx_rcc.o)
                0x08001848                RCC_AHB1PeriphClockCmd
 .text.RCC_APB1PeriphClockCmd
                0x0800189c       0x54 C:\Users\Gunnar\Atollic\TrueSTUDIO\ARM_workspace\BSP\Debug\libBSP.a(stm32f4xx_rcc.o)
                0x0800189c                RCC_APB1PeriphClockCmd
 .text.RCC_APB2PeriphClockCmd
                0x080018f0       0x54 C:\Users\Gunnar\Atollic\TrueSTUDIO\ARM_workspace\BSP\Debug\libBSP.a(stm32f4xx_rcc.o)
                0x080018f0                RCC_APB2PeriphClockCmd
 .text.RCC_APB1PeriphResetCmd
                0x08001944       0x54 C:\Users\Gunnar\Atollic\TrueSTUDIO\ARM_workspace\BSP\Debug\libBSP.a(stm32f4xx_rcc.o)
                0x08001944                RCC_APB1PeriphResetCmd
 .text.I2C_DeInit
                0x08001998       0x88 C:\Users\Gunnar\Atollic\TrueSTUDIO\ARM_workspace\BSP\Debug\libBSP.a(stm32f4xx_i2c.o)
                0x08001998                I2C_DeInit
 .text.I2C_Init
                0x08001a20      0x1ac C:\Users\Gunnar\Atollic\TrueSTUDIO\ARM_workspace\BSP\Debug\libBSP.a(stm32f4xx_i2c.o)
                0x08001a20                I2C_Init
 .text.I2C_Cmd  0x08001bcc       0x40 C:\Users\Gunnar\Atollic\TrueSTUDIO\ARM_workspace\BSP\Debug\libBSP.a(stm32f4xx_i2c.o)
                0x08001bcc                I2C_Cmd
 .text.I2C_GenerateSTART
                0x08001c0c       0x40 C:\Users\Gunnar\Atollic\TrueSTUDIO\ARM_workspace\BSP\Debug\libBSP.a(stm32f4xx_i2c.o)
                0x08001c0c                I2C_GenerateSTART
 .text.I2C_GenerateSTOP
                0x08001c4c       0x40 C:\Users\Gunnar\Atollic\TrueSTUDIO\ARM_workspace\BSP\Debug\libBSP.a(stm32f4xx_i2c.o)
                0x08001c4c                I2C_GenerateSTOP
 .text.I2C_Send7bitAddress
                0x08001c8c       0x3c C:\Users\Gunnar\Atollic\TrueSTUDIO\ARM_workspace\BSP\Debug\libBSP.a(stm32f4xx_i2c.o)
                0x08001c8c                I2C_Send7bitAddress
 .text.I2C_SendData
                0x08001cc8       0x20 C:\Users\Gunnar\Atollic\TrueSTUDIO\ARM_workspace\BSP\Debug\libBSP.a(stm32f4xx_i2c.o)
                0x08001cc8                I2C_SendData
 .text.I2C_CheckEvent
                0x08001ce8       0x70 C:\Users\Gunnar\Atollic\TrueSTUDIO\ARM_workspace\BSP\Debug\libBSP.a(stm32f4xx_i2c.o)
                0x08001ce8                I2C_CheckEvent
 .text.I2C_GetFlagStatus
                0x08001d58       0x78 C:\Users\Gunnar\Atollic\TrueSTUDIO\ARM_workspace\BSP\Debug\libBSP.a(stm32f4xx_i2c.o)
                0x08001d58                I2C_GetFlagStatus
 .text.I2C_ClearFlag
                0x08001dd0       0x30 C:\Users\Gunnar\Atollic\TrueSTUDIO\ARM_workspace\BSP\Debug\libBSP.a(stm32f4xx_i2c.o)
                0x08001dd0                I2C_ClearFlag
 .text.GPIO_Init
                0x08001e00      0x144 C:\Users\Gunnar\Atollic\TrueSTUDIO\ARM_workspace\BSP\Debug\libBSP.a(stm32f4xx_gpio.o)
                0x08001e00                GPIO_Init
 .text.GPIO_PinAFConfig
                0x08001f44       0xa8 C:\Users\Gunnar\Atollic\TrueSTUDIO\ARM_workspace\BSP\Debug\libBSP.a(stm32f4xx_gpio.o)
                0x08001f44                GPIO_PinAFConfig
 .text.CAN_DeInit
                0x08001fec       0x50 C:\Users\Gunnar\Atollic\TrueSTUDIO\ARM_workspace\BSP\Debug\libBSP.a(stm32f4xx_can.o)
                0x08001fec                CAN_DeInit
 .text.CAN_Init
                0x0800203c      0x1bc C:\Users\Gunnar\Atollic\TrueSTUDIO\ARM_workspace\BSP\Debug\libBSP.a(stm32f4xx_can.o)
                0x0800203c                CAN_Init
 .text.CAN_FilterInit
                0x080021f8      0x210 C:\Users\Gunnar\Atollic\TrueSTUDIO\ARM_workspace\BSP\Debug\libBSP.a(stm32f4xx_can.o)
                0x080021f8                CAN_FilterInit
 .text.CAN_Transmit
                0x08002408      0x1dc C:\Users\Gunnar\Atollic\TrueSTUDIO\ARM_workspace\BSP\Debug\libBSP.a(stm32f4xx_can.o)
                0x08002408                CAN_Transmit
 .text.CAN_Receive
                0x080025e4      0x1a8 C:\Users\Gunnar\Atollic\TrueSTUDIO\ARM_workspace\BSP\Debug\libBSP.a(stm32f4xx_can.o)
                0x080025e4                CAN_Receive
 .text.CAN_ITConfig
                0x0800278c       0x3c C:\Users\Gunnar\Atollic\TrueSTUDIO\ARM_workspace\BSP\Debug\libBSP.a(stm32f4xx_can.o)
                0x0800278c                CAN_ITConfig
 .text.NVIC_PriorityGroupConfig
                0x080027c8       0x28 C:\Users\Gunnar\Atollic\TrueSTUDIO\ARM_workspace\BSP\Debug\libBSP.a(misc.o)
                0x080027c8                NVIC_PriorityGroupConfig
 .text.NVIC_Init
                0x080027f0       0xe4 C:\Users\Gunnar\Atollic\TrueSTUDIO\ARM_workspace\BSP\Debug\libBSP.a(misc.o)
                0x080027f0                NVIC_Init
 .text.xTaskGenericCreate
                0x080028d4      0x1c0 C:\Users\Gunnar\Atollic\TrueSTUDIO\ARM_workspace\FreeRTOS\Debug\libFreeRTOS.a(tasks.o)
                0x080028d4                xTaskGenericCreate
 .text.vTaskDelayUntil
                0x08002a94       0xbc C:\Users\Gunnar\Atollic\TrueSTUDIO\ARM_workspace\FreeRTOS\Debug\libFreeRTOS.a(tasks.o)
                0x08002a94                vTaskDelayUntil
 .text.vTaskStartScheduler
                0x08002b50       0x88 C:\Users\Gunnar\Atollic\TrueSTUDIO\ARM_workspace\FreeRTOS\Debug\libFreeRTOS.a(tasks.o)
                0x08002b50                vTaskStartScheduler
 .text.vTaskSuspendAll
                0x08002bd8       0x24 C:\Users\Gunnar\Atollic\TrueSTUDIO\ARM_workspace\FreeRTOS\Debug\libFreeRTOS.a(tasks.o)
                0x08002bd8                vTaskSuspendAll
 .text.xTaskResumeAll
                0x08002bfc      0x17c C:\Users\Gunnar\Atollic\TrueSTUDIO\ARM_workspace\FreeRTOS\Debug\libFreeRTOS.a(tasks.o)
                0x08002bfc                xTaskResumeAll
 .text.xTaskGetTickCount
                0x08002d78       0x28 C:\Users\Gunnar\Atollic\TrueSTUDIO\ARM_workspace\FreeRTOS\Debug\libFreeRTOS.a(tasks.o)
                0x08002d78                xTaskGetTickCount
 .text.xTaskIncrementTick
                0x08002da0      0x234 C:\Users\Gunnar\Atollic\TrueSTUDIO\ARM_workspace\FreeRTOS\Debug\libFreeRTOS.a(tasks.o)
                0x08002da0                xTaskIncrementTick
 .text.vTaskSwitchContext
                0x08002fd4      0x154 C:\Users\Gunnar\Atollic\TrueSTUDIO\ARM_workspace\FreeRTOS\Debug\libFreeRTOS.a(tasks.o)
                0x08002fd4                vTaskSwitchContext
 .text.vTaskPlaceOnEventList
                0x08003128       0x84 C:\Users\Gunnar\Atollic\TrueSTUDIO\ARM_workspace\FreeRTOS\Debug\libFreeRTOS.a(tasks.o)
                0x08003128                vTaskPlaceOnEventList
 .text.vTaskPlaceOnEventListRestricted
                0x080031ac       0x60 C:\Users\Gunnar\Atollic\TrueSTUDIO\ARM_workspace\FreeRTOS\Debug\libFreeRTOS.a(tasks.o)
                0x080031ac                vTaskPlaceOnEventListRestricted
 .text.xTaskRemoveFromEventList
                0x0800320c       0xd0 C:\Users\Gunnar\Atollic\TrueSTUDIO\ARM_workspace\FreeRTOS\Debug\libFreeRTOS.a(tasks.o)
                0x0800320c                xTaskRemoveFromEventList
 .text.vTaskSetTimeOutState
                0x080032dc       0x38 C:\Users\Gunnar\Atollic\TrueSTUDIO\ARM_workspace\FreeRTOS\Debug\libFreeRTOS.a(tasks.o)
                0x080032dc                vTaskSetTimeOutState
 .text.xTaskCheckForTimeOut
                0x08003314       0xb0 C:\Users\Gunnar\Atollic\TrueSTUDIO\ARM_workspace\FreeRTOS\Debug\libFreeRTOS.a(tasks.o)
                0x08003314                xTaskCheckForTimeOut
 .text.vTaskMissedYield
                0x080033c4       0x18 C:\Users\Gunnar\Atollic\TrueSTUDIO\ARM_workspace\FreeRTOS\Debug\libFreeRTOS.a(tasks.o)
                0x080033c4                vTaskMissedYield
 .text.prvIdleTask
                0x080033dc       0x24 C:\Users\Gunnar\Atollic\TrueSTUDIO\ARM_workspace\FreeRTOS\Debug\libFreeRTOS.a(tasks.o)
 .text.prvInitialiseTCBVariables
                0x08003400       0xa0 C:\Users\Gunnar\Atollic\TrueSTUDIO\ARM_workspace\FreeRTOS\Debug\libFreeRTOS.a(tasks.o)
 .text.prvInitialiseTaskLists
                0x080034a0       0xa4 C:\Users\Gunnar\Atollic\TrueSTUDIO\ARM_workspace\FreeRTOS\Debug\libFreeRTOS.a(tasks.o)
 .text.prvCheckTasksWaitingTermination
                0x08003544       0x9c C:\Users\Gunnar\Atollic\TrueSTUDIO\ARM_workspace\FreeRTOS\Debug\libFreeRTOS.a(tasks.o)
 .text.prvAddCurrentTaskToDelayedList
                0x080035e0       0x8c C:\Users\Gunnar\Atollic\TrueSTUDIO\ARM_workspace\FreeRTOS\Debug\libFreeRTOS.a(tasks.o)
 .text.prvAllocateTCBAndStack
                0x0800366c       0x70 C:\Users\Gunnar\Atollic\TrueSTUDIO\ARM_workspace\FreeRTOS\Debug\libFreeRTOS.a(tasks.o)
 .text.prvDeleteTCB
                0x080036dc       0x20 C:\Users\Gunnar\Atollic\TrueSTUDIO\ARM_workspace\FreeRTOS\Debug\libFreeRTOS.a(tasks.o)
 .text.xTaskGetCurrentTaskHandle
                0x080036fc       0x20 C:\Users\Gunnar\Atollic\TrueSTUDIO\ARM_workspace\FreeRTOS\Debug\libFreeRTOS.a(tasks.o)
                0x080036fc                xTaskGetCurrentTaskHandle
 .text.xTaskGetSchedulerState
                0x0800371c       0x48 C:\Users\Gunnar\Atollic\TrueSTUDIO\ARM_workspace\FreeRTOS\Debug\libFreeRTOS.a(tasks.o)
                0x0800371c                xTaskGetSchedulerState
 .text.vTaskPriorityInherit
                0x08003764       0xe8 C:\Users\Gunnar\Atollic\TrueSTUDIO\ARM_workspace\FreeRTOS\Debug\libFreeRTOS.a(tasks.o)
                0x08003764                vTaskPriorityInherit
 .text.vTaskPriorityDisinherit
                0x0800384c       0x90 C:\Users\Gunnar\Atollic\TrueSTUDIO\ARM_workspace\FreeRTOS\Debug\libFreeRTOS.a(tasks.o)
                0x0800384c                vTaskPriorityDisinherit
 .text.xQueueGenericReset
                0x080038dc       0xc0 C:\Users\Gunnar\Atollic\TrueSTUDIO\ARM_workspace\FreeRTOS\Debug\libFreeRTOS.a(queue.o)
                0x080038dc                xQueueGenericReset
 .text.xQueueGenericCreate
                0x0800399c       0x90 C:\Users\Gunnar\Atollic\TrueSTUDIO\ARM_workspace\FreeRTOS\Debug\libFreeRTOS.a(queue.o)
                0x0800399c                xQueueGenericCreate
 .text.xQueueGenericSend
                0x08003a2c      0x178 C:\Users\Gunnar\Atollic\TrueSTUDIO\ARM_workspace\FreeRTOS\Debug\libFreeRTOS.a(queue.o)
                0x08003a2c                xQueueGenericSend
 .text.xQueueGenericSendFromISR
                0x08003ba4       0xe8 C:\Users\Gunnar\Atollic\TrueSTUDIO\ARM_workspace\FreeRTOS\Debug\libFreeRTOS.a(queue.o)
                0x08003ba4                xQueueGenericSendFromISR
 .text.xQueueGenericReceive
                0x08003c8c      0x1b8 C:\Users\Gunnar\Atollic\TrueSTUDIO\ARM_workspace\FreeRTOS\Debug\libFreeRTOS.a(queue.o)
                0x08003c8c                xQueueGenericReceive
 .text.prvCopyDataToQueue
                0x08003e44       0xdc C:\Users\Gunnar\Atollic\TrueSTUDIO\ARM_workspace\FreeRTOS\Debug\libFreeRTOS.a(queue.o)
 .text.prvCopyDataFromQueue
                0x08003f20       0x50 C:\Users\Gunnar\Atollic\TrueSTUDIO\ARM_workspace\FreeRTOS\Debug\libFreeRTOS.a(queue.o)
 .text.prvUnlockQueue
                0x08003f70       0xa0 C:\Users\Gunnar\Atollic\TrueSTUDIO\ARM_workspace\FreeRTOS\Debug\libFreeRTOS.a(queue.o)
 .text.prvIsQueueEmpty
                0x08004010       0x34 C:\Users\Gunnar\Atollic\TrueSTUDIO\ARM_workspace\FreeRTOS\Debug\libFreeRTOS.a(queue.o)
 .text.prvIsQueueFull
                0x08004044       0x38 C:\Users\Gunnar\Atollic\TrueSTUDIO\ARM_workspace\FreeRTOS\Debug\libFreeRTOS.a(queue.o)
 .text.vQueueWaitForMessageRestricted
                0x0800407c       0x60 C:\Users\Gunnar\Atollic\TrueSTUDIO\ARM_workspace\FreeRTOS\Debug\libFreeRTOS.a(queue.o)
                0x0800407c                vQueueWaitForMessageRestricted
 .text.pvPortMalloc
                0x080040dc      0x164 C:\Users\Gunnar\Atollic\TrueSTUDIO\ARM_workspace\FreeRTOS\Debug\libFreeRTOS.a(heap_4.o)
                0x080040dc                pvPortMalloc
 .text.vPortFree
                0x08004240       0xb8 C:\Users\Gunnar\Atollic\TrueSTUDIO\ARM_workspace\FreeRTOS\Debug\libFreeRTOS.a(heap_4.o)
                0x08004240                vPortFree
 .text.prvHeapInit
                0x080042f8       0xf8 C:\Users\Gunnar\Atollic\TrueSTUDIO\ARM_workspace\FreeRTOS\Debug\libFreeRTOS.a(heap_4.o)
 .text.prvInsertBlockIntoFreeList
                0x080043f0       0xbc C:\Users\Gunnar\Atollic\TrueSTUDIO\ARM_workspace\FreeRTOS\Debug\libFreeRTOS.a(heap_4.o)
 .text.pxPortInitialiseStack
                0x080044ac       0x70 C:\Users\Gunnar\Atollic\TrueSTUDIO\ARM_workspace\FreeRTOS\Debug\libFreeRTOS.a(port.o)
                0x080044ac                pxPortInitialiseStack
 .text.SVC_Handler
                0x0800451c       0x1c C:\Users\Gunnar\Atollic\TrueSTUDIO\ARM_workspace\FreeRTOS\Debug\libFreeRTOS.a(port.o)
                0x0800451c                SVC_Handler
 .text.prvPortStartFirstTask
                0x08004538       0x14 C:\Users\Gunnar\Atollic\TrueSTUDIO\ARM_workspace\FreeRTOS\Debug\libFreeRTOS.a(port.o)
 .text.xPortStartScheduler
                0x0800454c      0x124 C:\Users\Gunnar\Atollic\TrueSTUDIO\ARM_workspace\FreeRTOS\Debug\libFreeRTOS.a(port.o)
                0x0800454c                xPortStartScheduler
 .text.vPortYield
                0x08004670       0x20 C:\Users\Gunnar\Atollic\TrueSTUDIO\ARM_workspace\FreeRTOS\Debug\libFreeRTOS.a(port.o)
                0x08004670                vPortYield
 .text.vPortEnterCritical
                0x08004690       0x2c C:\Users\Gunnar\Atollic\TrueSTUDIO\ARM_workspace\FreeRTOS\Debug\libFreeRTOS.a(port.o)
                0x08004690                vPortEnterCritical
 .text.vPortExitCritical
                0x080046bc       0x34 C:\Users\Gunnar\Atollic\TrueSTUDIO\ARM_workspace\FreeRTOS\Debug\libFreeRTOS.a(port.o)
                0x080046bc                vPortExitCritical
 .text.ulPortSetInterruptMask
                0x080046f0       0x14 C:\Users\Gunnar\Atollic\TrueSTUDIO\ARM_workspace\FreeRTOS\Debug\libFreeRTOS.a(port.o)
                0x080046f0                ulPortSetInterruptMask
 .text.vPortClearInterruptMask
                0x08004704        0x8 C:\Users\Gunnar\Atollic\TrueSTUDIO\ARM_workspace\FreeRTOS\Debug\libFreeRTOS.a(port.o)
                0x08004704                vPortClearInterruptMask
 .text.PendSV_Handler
                0x0800470c       0x50 C:\Users\Gunnar\Atollic\TrueSTUDIO\ARM_workspace\FreeRTOS\Debug\libFreeRTOS.a(port.o)
                0x0800470c                PendSV_Handler
 .text.SysTick_Handler
                0x0800475c       0x2c C:\Users\Gunnar\Atollic\TrueSTUDIO\ARM_workspace\FreeRTOS\Debug\libFreeRTOS.a(port.o)
                0x0800475c                SysTick_Handler
 .text.vPortSetupTimerInterrupt
                0x08004788       0x40 C:\Users\Gunnar\Atollic\TrueSTUDIO\ARM_workspace\FreeRTOS\Debug\libFreeRTOS.a(port.o)
                0x08004788                vPortSetupTimerInterrupt
 .text.vPortEnableVFP
                0x080047c8       0x14 C:\Users\Gunnar\Atollic\TrueSTUDIO\ARM_workspace\FreeRTOS\Debug\libFreeRTOS.a(port.o)
 .text.vPortValidateInterruptPriority
                0x080047dc       0x64 C:\Users\Gunnar\Atollic\TrueSTUDIO\ARM_workspace\FreeRTOS\Debug\libFreeRTOS.a(port.o)
                0x080047dc                vPortValidateInterruptPriority
 .text.vListInitialise
                0x08004840       0x40 C:\Users\Gunnar\Atollic\TrueSTUDIO\ARM_workspace\FreeRTOS\Debug\libFreeRTOS.a(list.o)
                0x08004840                vListInitialise
 .text.vListInitialiseItem
                0x08004880       0x1c C:\Users\Gunnar\Atollic\TrueSTUDIO\ARM_workspace\FreeRTOS\Debug\libFreeRTOS.a(list.o)
                0x08004880                vListInitialiseItem
 .text.vListInsertEnd
                0x0800489c       0x48 C:\Users\Gunnar\Atollic\TrueSTUDIO\ARM_workspace\FreeRTOS\Debug\libFreeRTOS.a(list.o)
                0x0800489c                vListInsertEnd
 .text.vListInsert
                0x080048e4       0x74 C:\Users\Gunnar\Atollic\TrueSTUDIO\ARM_workspace\FreeRTOS\Debug\libFreeRTOS.a(list.o)
                0x080048e4                vListInsert
 .text.uxListRemove
                0x08004958       0x58 C:\Users\Gunnar\Atollic\TrueSTUDIO\ARM_workspace\FreeRTOS\Debug\libFreeRTOS.a(list.o)
                0x08004958                uxListRemove
 .text.xTimerCreateTimerTask
                0x080049b0       0x6c C:\Users\Gunnar\Atollic\TrueSTUDIO\ARM_workspace\FreeRTOS\Debug\libFreeRTOS.a(timers.o)
                0x080049b0                xTimerCreateTimerTask
 .text.xTimerGenericCommand
                0x08004a1c       0xac C:\Users\Gunnar\Atollic\TrueSTUDIO\ARM_workspace\FreeRTOS\Debug\libFreeRTOS.a(timers.o)
                0x08004a1c                xTimerGenericCommand
 .text.prvProcessExpiredTimer
                0x08004ac8       0x7c C:\Users\Gunnar\Atollic\TrueSTUDIO\ARM_workspace\FreeRTOS\Debug\libFreeRTOS.a(timers.o)
 .text.prvTimerTask
                0x08004b44       0x24 C:\Users\Gunnar\Atollic\TrueSTUDIO\ARM_workspace\FreeRTOS\Debug\libFreeRTOS.a(timers.o)
 .text.prvProcessTimerOrBlockTask
                0x08004b68       0x74 C:\Users\Gunnar\Atollic\TrueSTUDIO\ARM_workspace\FreeRTOS\Debug\libFreeRTOS.a(timers.o)
 .text.prvGetNextExpireTime
                0x08004bdc       0x54 C:\Users\Gunnar\Atollic\TrueSTUDIO\ARM_workspace\FreeRTOS\Debug\libFreeRTOS.a(timers.o)
 .text.prvSampleTimeNow
                0x08004c30       0x58 C:\Users\Gunnar\Atollic\TrueSTUDIO\ARM_workspace\FreeRTOS\Debug\libFreeRTOS.a(timers.o)
 .text.prvInsertTimerInActiveList
                0x08004c88       0x94 C:\Users\Gunnar\Atollic\TrueSTUDIO\ARM_workspace\FreeRTOS\Debug\libFreeRTOS.a(timers.o)
 .text.prvProcessReceivedCommands
                0x08004d1c      0x104 C:\Users\Gunnar\Atollic\TrueSTUDIO\ARM_workspace\FreeRTOS\Debug\libFreeRTOS.a(timers.o)
 .text.prvSwitchTimerLists
                0x08004e20       0xe8 C:\Users\Gunnar\Atollic\TrueSTUDIO\ARM_workspace\FreeRTOS\Debug\libFreeRTOS.a(timers.o)
 .text.prvCheckForValidListAndQueue
                0x08004f08       0x74 C:\Users\Gunnar\Atollic\TrueSTUDIO\ARM_workspace\FreeRTOS\Debug\libFreeRTOS.a(timers.o)
 .text.__libc_init_array
                0x08004f7c       0x4c c:/program files/atollic/truestudio for arm pro 4.3.1/armtools/bin/../lib/gcc/arm-atollic-eabi/4.7.3/../../../../arm-atollic-eabi/lib/armv7e-m/fpu\libc_s.a(lib_a-init.o)
                0x08004f7c                __libc_init_array
 .text.memcmp   0x08004fc8       0x1e c:/program files/atollic/truestudio for arm pro 4.3.1/armtools/bin/../lib/gcc/arm-atollic-eabi/4.7.3/../../../../arm-atollic-eabi/lib/armv7e-m/fpu\libc_s.a(lib_a-memcmp.o)
                0x08004fc8                memcmp
 .text.memcpy   0x08004fe6       0x12 c:/program files/atollic/truestudio for arm pro 4.3.1/armtools/bin/../lib/gcc/arm-atollic-eabi/4.7.3/../../../../arm-atollic-eabi/lib/armv7e-m/fpu\libc_s.a(lib_a-memcpy.o)
                0x08004fe6                memcpy
 .text.memset   0x08004ff8       0x10 c:/program files/atollic/truestudio for arm pro 4.3.1/armtools/bin/../lib/gcc/arm-atollic-eabi/4.7.3/../../../../arm-atollic-eabi/lib/armv7e-m/fpu\libc_s.a(lib_a-memset.o)
                0x08004ff8                memset
 *(.glue_7)
 .glue_7        0x00000000        0x0 linker stubs
 *(.glue_7t)
 .glue_7t       0x00000000        0x0 linker stubs
 *(.eh_frame)
 .eh_frame      0x08005008        0x0 c:/program files/atollic/truestudio for arm pro 4.3.1/armtools/bin/../lib/gcc/arm-atollic-eabi/4.7.3/armv7e-m/fpu/crtbegin.o
 *(.init)
 .init          0x08005008        0x4 c:/program files/atollic/truestudio for arm pro 4.3.1/armtools/bin/../lib/gcc/arm-atollic-eabi/4.7.3/armv7e-m/fpu/crti.o
                0x08005008                _init
 .init          0x0800500c        0x8 c:/program files/atollic/truestudio for arm pro 4.3.1/armtools/bin/../lib/gcc/arm-atollic-eabi/4.7.3/armv7e-m/fpu/crtn.o
 *(.fini)
 .fini          0x08005014        0x4 c:/program files/atollic/truestudio for arm pro 4.3.1/armtools/bin/../lib/gcc/arm-atollic-eabi/4.7.3/armv7e-m/fpu/crti.o
                0x08005014                _fini
 .fini          0x08005018        0x8 c:/program files/atollic/truestudio for arm pro 4.3.1/armtools/bin/../lib/gcc/arm-atollic-eabi/4.7.3/armv7e-m/fpu/crtn.o
                0x08005020                . = ALIGN (0x4)
                0x08005020                _etext = .

.vfp11_veneer   0x08005020        0x0
 .vfp11_veneer  0x00000000        0x0 linker stubs

.v4_bx          0x08005020        0x0
 .v4_bx         0x00000000        0x0 linker stubs

.iplt           0x08005020        0x0
 .iplt          0x00000000        0x0 c:/program files/atollic/truestudio for arm pro 4.3.1/armtools/bin/../lib/gcc/arm-atollic-eabi/4.7.3/armv7e-m/fpu/crtbegin.o

.rodata         0x08005020       0x40
                0x08005020                . = ALIGN (0x4)
 *(.rodata)
 .rodata        0x08005020       0x10 src\application\CANGatekeeper.o
 .rodata        0x08005030        0x8 C:\Users\Gunnar\Atollic\TrueSTUDIO\ARM_workspace\FreeRTOS\Debug\libFreeRTOS.a(tasks.o)
 .rodata        0x08005038        0x8 C:\Users\Gunnar\Atollic\TrueSTUDIO\ARM_workspace\FreeRTOS\Debug\libFreeRTOS.a(timers.o)
 *(.rodata*)
 .rodata.ucExpectedStackBytes.8600
                0x08005040       0x14 C:\Users\Gunnar\Atollic\TrueSTUDIO\ARM_workspace\FreeRTOS\Debug\libFreeRTOS.a(tasks.o)
 .rodata.heapSTRUCT_SIZE
                0x08005054        0x2 C:\Users\Gunnar\Atollic\TrueSTUDIO\ARM_workspace\FreeRTOS\Debug\libFreeRTOS.a(heap_4.o)
 *fill*         0x08005056        0x2 00
 .rodata.xTotalHeapSize
                0x08005058        0x4 C:\Users\Gunnar\Atollic\TrueSTUDIO\ARM_workspace\FreeRTOS\Debug\libFreeRTOS.a(heap_4.o)
 .rodata.pcInterruptPriorityRegisters
                0x0800505c        0x4 C:\Users\Gunnar\Atollic\TrueSTUDIO\ARM_workspace\FreeRTOS\Debug\libFreeRTOS.a(port.o)
                0x08005060                . = ALIGN (0x4)

.rel.dyn        0x08005060        0x0
 .rel.iplt      0x00000000        0x0 c:/program files/atollic/truestudio for arm pro 4.3.1/armtools/bin/../lib/gcc/arm-atollic-eabi/4.7.3/armv7e-m/fpu/crtbegin.o

.ARM.extab
 *(.ARM.extab* .gnu.linkonce.armextab.*)

.ARM            0x08005060        0x0
                0x08005060                __exidx_start = .
 *(.ARM.exidx*)
                0x08005060                __exidx_end = .

.preinit_array  0x08005060        0x0
                0x08005060                PROVIDE (__preinit_array_start, .)
 *(.preinit_array*)
                0x08005060                PROVIDE (__preinit_array_end, .)

.init_array     0x08005060        0x4
                0x08005060                PROVIDE (__init_array_start, .)
 *(SORT(.init_array.*))
 *(.init_array*)
 .init_array    0x08005060        0x4 c:/program files/atollic/truestudio for arm pro 4.3.1/armtools/bin/../lib/gcc/arm-atollic-eabi/4.7.3/armv7e-m/fpu/crtbegin.o
                0x08005064                PROVIDE (__init_array_end, .)

.fini_array     0x08005064        0x4
                0x08005064                PROVIDE (__fini_array_start, .)
 *(SORT(.fini_array.*))
 *(.fini_array*)
 .fini_array    0x08005064        0x4 c:/program files/atollic/truestudio for arm pro 4.3.1/armtools/bin/../lib/gcc/arm-atollic-eabi/4.7.3/armv7e-m/fpu/crtbegin.o
                0x08005068                PROVIDE (__fini_array_end, .)
                0x08005068                _sidata = LOADADDR (.data)

.data           0x20000000       0x24 load address 0x08005068
                0x20000000                . = ALIGN (0x4)
                0x20000000                _sdata = .
 *(.data)
 *(.data*)
 .data.SystemCoreClock
                0x20000000        0x4 src\system_stm32f4xx.o
                0x20000000                SystemCoreClock
 .data.CTRL_REG1_G_DATA
                0x20000004        0x1 src\application\GyroTask.o
                0x20000004                CTRL_REG1_G_DATA
 .data.CTRL_REG3_G_DATA
                0x20000005        0x1 src\application\GyroTask.o
                0x20000005                CTRL_REG3_G_DATA
 *fill*         0x20000006        0x2 00
 .data.APBAHBPrescTable
                0x20000008       0x10 C:\Users\Gunnar\Atollic\TrueSTUDIO\ARM_workspace\BSP\Debug\libBSP.a(stm32f4xx_rcc.o)
 .data.xNextTaskUnblockTime
                0x20000018        0x4 C:\Users\Gunnar\Atollic\TrueSTUDIO\ARM_workspace\FreeRTOS\Debug\libFreeRTOS.a(tasks.o)
 .data.xFreeBytesRemaining
                0x2000001c        0x4 C:\Users\Gunnar\Atollic\TrueSTUDIO\ARM_workspace\FreeRTOS\Debug\libFreeRTOS.a(heap_4.o)
 .data.uxCriticalNesting
                0x20000020        0x4 C:\Users\Gunnar\Atollic\TrueSTUDIO\ARM_workspace\FreeRTOS\Debug\libFreeRTOS.a(port.o)
                0x20000024                . = ALIGN (0x4)
                0x20000024                _edata = .
                0x0800508c                _siccmram = LOADADDR (.ccmram)

.jcr            0x20000024        0x0 load address 0x0800508c
 .jcr           0x20000024        0x0 c:/program files/atollic/truestudio for arm pro 4.3.1/armtools/bin/../lib/gcc/arm-atollic-eabi/4.7.3/armv7e-m/fpu/crtbegin.o

.igot.plt       0x20000024        0x0 load address 0x0800508c
 .igot.plt      0x00000000        0x0 c:/program files/atollic/truestudio for arm pro 4.3.1/armtools/bin/../lib/gcc/arm-atollic-eabi/4.7.3/armv7e-m/fpu/crtbegin.o

.ccmram         0x10000000        0x0 load address 0x0800508c
                0x10000000                . = ALIGN (0x4)
                0x10000000                _sccmram = .
 *(.ccmram)
 *(.ccmram*)
                0x10000000                . = ALIGN (0x4)
                0x10000000                _eccmram = .
                0x10000000                . = ALIGN (0x4)

.bss            0x20000024    0x12f98
                0x20000024                _sbss = .
                0x20000024                __bss_start__ = _sbss
 *(.bss)
 .bss           0x20000024       0x1c c:/program files/atollic/truestudio for arm pro 4.3.1/armtools/bin/../lib/gcc/arm-atollic-eabi/4.7.3/armv7e-m/fpu/crtbegin.o
 *(.bss*)
 .bss.rx_function
                0x20000040        0x4 src\lib\can.o
 .bss.filter_bank
                0x20000044       0x70 src\lib\can.o
 .bss.filter_bank_number
                0x200000b4        0x1 src\lib\can.o
 .bss.filter_id_number.7459
                0x200000b5        0x1 src\lib\can.o
 .bss.i2c_timeout_flag
                0x200000b6        0x1 src\lib\I2C.o
                0x200000b6                i2c_timeout_flag
 .bss.i         0x200000b7        0x1 src\application\RFComm.o
                0x200000b7                i
 .bss.CTRL_REG2_G_DATA
                0x200000b8        0x1 src\application\GyroTask.o
                0x200000b8                CTRL_REG2_G_DATA
 .bss.CTRL_REG4_G_DATA
                0x200000b9        0x1 src\application\GyroTask.o
                0x200000b9                CTRL_REG4_G_DATA
 .bss.CTRL_REG5_G_DATA
                0x200000ba        0x1 src\application\GyroTask.o
                0x200000ba                CTRL_REG5_G_DATA
 *fill*         0x200000bb        0x1 00
 .bss.gyrScale  0x200000bc        0x4 src\application\GyroTask.o
                0x200000bc                gyrScale
 .bss.qCANRx    0x200000c0        0x4 src\application\CANGatekeeper.o
 .bss.qCANTx    0x200000c4        0x4 src\application\CANGatekeeper.o
 .bss.can_listener_buffer
                0x200000c8       0xf0 src\application\CANGatekeeper.o
 .bss.current_buffer_size
                0x200001b8        0x1 src\application\CANGatekeeper.o
 *fill*         0x200001b9        0x3 00
 .bss.pxCurrentTCB
                0x200001bc        0x4 C:\Users\Gunnar\Atollic\TrueSTUDIO\ARM_workspace\FreeRTOS\Debug\libFreeRTOS.a(tasks.o)
                0x200001bc                pxCurrentTCB
 .bss.pxReadyTasksLists
                0x200001c0       0x64 C:\Users\Gunnar\Atollic\TrueSTUDIO\ARM_workspace\FreeRTOS\Debug\libFreeRTOS.a(tasks.o)
 .bss.xDelayedTaskList1
                0x20000224       0x14 C:\Users\Gunnar\Atollic\TrueSTUDIO\ARM_workspace\FreeRTOS\Debug\libFreeRTOS.a(tasks.o)
 .bss.xDelayedTaskList2
                0x20000238       0x14 C:\Users\Gunnar\Atollic\TrueSTUDIO\ARM_workspace\FreeRTOS\Debug\libFreeRTOS.a(tasks.o)
 .bss.pxDelayedTaskList
                0x2000024c        0x4 C:\Users\Gunnar\Atollic\TrueSTUDIO\ARM_workspace\FreeRTOS\Debug\libFreeRTOS.a(tasks.o)
 .bss.pxOverflowDelayedTaskList
                0x20000250        0x4 C:\Users\Gunnar\Atollic\TrueSTUDIO\ARM_workspace\FreeRTOS\Debug\libFreeRTOS.a(tasks.o)
 .bss.xPendingReadyList
                0x20000254       0x14 C:\Users\Gunnar\Atollic\TrueSTUDIO\ARM_workspace\FreeRTOS\Debug\libFreeRTOS.a(tasks.o)
 .bss.xTasksWaitingTermination
                0x20000268       0x14 C:\Users\Gunnar\Atollic\TrueSTUDIO\ARM_workspace\FreeRTOS\Debug\libFreeRTOS.a(tasks.o)
 .bss.uxTasksDeleted
                0x2000027c        0x4 C:\Users\Gunnar\Atollic\TrueSTUDIO\ARM_workspace\FreeRTOS\Debug\libFreeRTOS.a(tasks.o)
 .bss.xSuspendedTaskList
                0x20000280       0x14 C:\Users\Gunnar\Atollic\TrueSTUDIO\ARM_workspace\FreeRTOS\Debug\libFreeRTOS.a(tasks.o)
 .bss.uxCurrentNumberOfTasks
                0x20000294        0x4 C:\Users\Gunnar\Atollic\TrueSTUDIO\ARM_workspace\FreeRTOS\Debug\libFreeRTOS.a(tasks.o)
 .bss.xTickCount
                0x20000298        0x4 C:\Users\Gunnar\Atollic\TrueSTUDIO\ARM_workspace\FreeRTOS\Debug\libFreeRTOS.a(tasks.o)
 .bss.uxTopReadyPriority
                0x2000029c        0x4 C:\Users\Gunnar\Atollic\TrueSTUDIO\ARM_workspace\FreeRTOS\Debug\libFreeRTOS.a(tasks.o)
 .bss.xSchedulerRunning
                0x200002a0        0x4 C:\Users\Gunnar\Atollic\TrueSTUDIO\ARM_workspace\FreeRTOS\Debug\libFreeRTOS.a(tasks.o)
 .bss.uxSchedulerSuspended
                0x200002a4        0x4 C:\Users\Gunnar\Atollic\TrueSTUDIO\ARM_workspace\FreeRTOS\Debug\libFreeRTOS.a(tasks.o)
 .bss.uxPendedTicks
                0x200002a8        0x4 C:\Users\Gunnar\Atollic\TrueSTUDIO\ARM_workspace\FreeRTOS\Debug\libFreeRTOS.a(tasks.o)
 .bss.xYieldPending
                0x200002ac        0x4 C:\Users\Gunnar\Atollic\TrueSTUDIO\ARM_workspace\FreeRTOS\Debug\libFreeRTOS.a(tasks.o)
 .bss.xNumOfOverflows
                0x200002b0        0x4 C:\Users\Gunnar\Atollic\TrueSTUDIO\ARM_workspace\FreeRTOS\Debug\libFreeRTOS.a(tasks.o)
 .bss.uxTaskNumber
                0x200002b4        0x4 C:\Users\Gunnar\Atollic\TrueSTUDIO\ARM_workspace\FreeRTOS\Debug\libFreeRTOS.a(tasks.o)
 .bss.ucHeap    0x200002b8    0x12c00 C:\Users\Gunnar\Atollic\TrueSTUDIO\ARM_workspace\FreeRTOS\Debug\libFreeRTOS.a(heap_4.o)
 .bss.xStart    0x20012eb8        0x8 C:\Users\Gunnar\Atollic\TrueSTUDIO\ARM_workspace\FreeRTOS\Debug\libFreeRTOS.a(heap_4.o)
 .bss.pxEnd     0x20012ec0        0x4 C:\Users\Gunnar\Atollic\TrueSTUDIO\ARM_workspace\FreeRTOS\Debug\libFreeRTOS.a(heap_4.o)
 .bss.xBlockAllocatedBit
                0x20012ec4        0x4 C:\Users\Gunnar\Atollic\TrueSTUDIO\ARM_workspace\FreeRTOS\Debug\libFreeRTOS.a(heap_4.o)
 .bss.ucMaxSysCallPriority
                0x20012ec8        0x1 C:\Users\Gunnar\Atollic\TrueSTUDIO\ARM_workspace\FreeRTOS\Debug\libFreeRTOS.a(port.o)
 *fill*         0x20012ec9        0x3 00
 .bss.ulMaxPRIGROUPValue
                0x20012ecc        0x4 C:\Users\Gunnar\Atollic\TrueSTUDIO\ARM_workspace\FreeRTOS\Debug\libFreeRTOS.a(port.o)
 .bss.xActiveTimerList1
                0x20012ed0       0x14 C:\Users\Gunnar\Atollic\TrueSTUDIO\ARM_workspace\FreeRTOS\Debug\libFreeRTOS.a(timers.o)
 .bss.xActiveTimerList2
                0x20012ee4       0x14 C:\Users\Gunnar\Atollic\TrueSTUDIO\ARM_workspace\FreeRTOS\Debug\libFreeRTOS.a(timers.o)
 .bss.pxCurrentTimerList
                0x20012ef8        0x4 C:\Users\Gunnar\Atollic\TrueSTUDIO\ARM_workspace\FreeRTOS\Debug\libFreeRTOS.a(timers.o)
 .bss.pxOverflowTimerList
                0x20012efc        0x4 C:\Users\Gunnar\Atollic\TrueSTUDIO\ARM_workspace\FreeRTOS\Debug\libFreeRTOS.a(timers.o)
 .bss.xTimerQueue
                0x20012f00        0x4 C:\Users\Gunnar\Atollic\TrueSTUDIO\ARM_workspace\FreeRTOS\Debug\libFreeRTOS.a(timers.o)
 .bss.xLastTime.8449
                0x20012f04        0x4 C:\Users\Gunnar\Atollic\TrueSTUDIO\ARM_workspace\FreeRTOS\Debug\libFreeRTOS.a(timers.o)
 *(COMMON)
 COMMON         0x20012f08       0xb3 src\application\RFComm.o
                0x20012f08                Filterstr
                0x20012f14                RxMsg
                0x20012fac                stringout
                0x20012fbc                . = ALIGN (0x4)
 *fill*         0x20012fbb        0x1 00
                0x20012fbc                _ebss = .
                0x20012fbc                __bss_end__ = _ebss

._user_heap_stack
                0x20012fbc      0x400
                0x20012fbc                . = ALIGN (0x4)
                0x20012fbc                PROVIDE (end, .)
                0x20012fbc                PROVIDE (_end, .)
                0x20012fbc                . = (. + _Min_Heap_Size)
                0x200133bc                . = (. + _Min_Stack_Size)
 *fill*         0x20012fbc      0x400 00
                0x200133bc                . = ALIGN (0x4)

.memory_b1_text
 *(.mb1text)
 *(.mb1text*)
 *(.mb1rodata)
 *(.mb1rodata*)

/DISCARD/
 libc.a(*)
 libm.a(*)
 libgcc.a(*)

.ARM.attributes
                0x00000000       0x32
 *(.ARM.attributes)
 .ARM.attributes
                0x00000000       0x24 c:/program files/atollic/truestudio for arm pro 4.3.1/armtools/bin/../lib/gcc/arm-atollic-eabi/4.7.3/armv7e-m/fpu/crti.o
 .ARM.attributes
                0x00000024       0x36 c:/program files/atollic/truestudio for arm pro 4.3.1/armtools/bin/../lib/gcc/arm-atollic-eabi/4.7.3/armv7e-m/fpu/crtbegin.o
 .ARM.attributes
                0x0000005a       0x3b src\system_stm32f4xx.o
 .ARM.attributes
                0x00000095       0x21 src\startup_stm32f40xx.o
 .ARM.attributes
                0x000000b6       0x3b src\lib\can.o
 .ARM.attributes
                0x000000f1       0x3b src\lib\I2C.o
 .ARM.attributes
                0x0000012c       0x3b src\application\main.o
 .ARM.attributes
                0x00000167       0x3b src\application\RFComm.o
 .ARM.attributes
                0x000001a2       0x3b src\application\GyroTask.o
 .ARM.attributes
                0x000001dd       0x3b src\application\CANGatekeeper.o
 .ARM.attributes
                0x00000218       0x3b C:\Users\Gunnar\Atollic\TrueSTUDIO\ARM_workspace\BSP\Debug\libBSP.a(stm32f4xx_usart.o)
 .ARM.attributes
                0x00000253       0x3b C:\Users\Gunnar\Atollic\TrueSTUDIO\ARM_workspace\BSP\Debug\libBSP.a(stm32f4xx_rcc.o)
 .ARM.attributes
                0x0000028e       0x3b C:\Users\Gunnar\Atollic\TrueSTUDIO\ARM_workspace\BSP\Debug\libBSP.a(stm32f4xx_i2c.o)
 .ARM.attributes
                0x000002c9       0x3b C:\Users\Gunnar\Atollic\TrueSTUDIO\ARM_workspace\BSP\Debug\libBSP.a(stm32f4xx_gpio.o)
 .ARM.attributes
                0x00000304       0x3b C:\Users\Gunnar\Atollic\TrueSTUDIO\ARM_workspace\BSP\Debug\libBSP.a(stm32f4xx_can.o)
 .ARM.attributes
                0x0000033f       0x3b C:\Users\Gunnar\Atollic\TrueSTUDIO\ARM_workspace\BSP\Debug\libBSP.a(misc.o)
 .ARM.attributes
                0x0000037a       0x3b C:\Users\Gunnar\Atollic\TrueSTUDIO\ARM_workspace\FreeRTOS\Debug\libFreeRTOS.a(tasks.o)
 .ARM.attributes
                0x000003b5       0x3b C:\Users\Gunnar\Atollic\TrueSTUDIO\ARM_workspace\FreeRTOS\Debug\libFreeRTOS.a(queue.o)
 .ARM.attributes
                0x000003f0       0x3b C:\Users\Gunnar\Atollic\TrueSTUDIO\ARM_workspace\FreeRTOS\Debug\libFreeRTOS.a(heap_4.o)
 .ARM.attributes
                0x0000042b       0x3b C:\Users\Gunnar\Atollic\TrueSTUDIO\ARM_workspace\FreeRTOS\Debug\libFreeRTOS.a(port.o)
 .ARM.attributes
                0x00000466       0x3b C:\Users\Gunnar\Atollic\TrueSTUDIO\ARM_workspace\FreeRTOS\Debug\libFreeRTOS.a(list.o)
 .ARM.attributes
                0x000004a1       0x3b C:\Users\Gunnar\Atollic\TrueSTUDIO\ARM_workspace\FreeRTOS\Debug\libFreeRTOS.a(timers.o)
 .ARM.attributes
                0x000004dc       0x36 c:/program files/atollic/truestudio for arm pro 4.3.1/armtools/bin/../lib/gcc/arm-atollic-eabi/4.7.3/../../../../arm-atollic-eabi/lib/armv7e-m/fpu\libc_s.a(lib_a-init.o)
 .ARM.attributes
                0x00000512       0x36 c:/program files/atollic/truestudio for arm pro 4.3.1/armtools/bin/../lib/gcc/arm-atollic-eabi/4.7.3/../../../../arm-atollic-eabi/lib/armv7e-m/fpu\libc_s.a(lib_a-memcmp.o)
 .ARM.attributes
                0x00000548       0x36 c:/program files/atollic/truestudio for arm pro 4.3.1/armtools/bin/../lib/gcc/arm-atollic-eabi/4.7.3/../../../../arm-atollic-eabi/lib/armv7e-m/fpu\libc_s.a(lib_a-memcpy.o)
 .ARM.attributes
                0x0000057e       0x36 c:/program files/atollic/truestudio for arm pro 4.3.1/armtools/bin/../lib/gcc/arm-atollic-eabi/4.7.3/../../../../arm-atollic-eabi/lib/armv7e-m/fpu\libc_s.a(lib_a-memset.o)
 .ARM.attributes
                0x000005b4       0x24 c:/program files/atollic/truestudio for arm pro 4.3.1/armtools/bin/../lib/gcc/arm-atollic-eabi/4.7.3/armv7e-m/fpu/crtn.o
OUTPUT(Eurobot_Ultraschallnavi.elf elf32-littlearm)

.debug_info     0x00000000     0xa5ca
 .debug_info    0x00000000      0x608 src\system_stm32f4xx.o
 .debug_info    0x00000608       0x7e src\startup_stm32f40xx.o
 .debug_info    0x00000686      0xb29 src\lib\can.o
 .debug_info    0x000011af      0x93d src\lib\I2C.o
 .debug_info    0x00001aec      0x737 src\application\main.o
 .debug_info    0x00002223      0x5d3 src\application\RFComm.o
 .debug_info    0x000027f6      0x52e src\application\GyroTask.o
 .debug_info    0x00002d24      0xe06 src\application\CANGatekeeper.o
 .debug_info    0x00003b2a      0xa69 C:\Users\Gunnar\Atollic\TrueSTUDIO\ARM_workspace\BSP\Debug\libBSP.a(stm32f4xx_usart.o)
 .debug_info    0x00004593      0xd78 C:\Users\Gunnar\Atollic\TrueSTUDIO\ARM_workspace\BSP\Debug\libBSP.a(stm32f4xx_rcc.o)
 .debug_info    0x0000530b      0xc50 C:\Users\Gunnar\Atollic\TrueSTUDIO\ARM_workspace\BSP\Debug\libBSP.a(stm32f4xx_i2c.o)
 .debug_info    0x00005f5b      0x647 C:\Users\Gunnar\Atollic\TrueSTUDIO\ARM_workspace\BSP\Debug\libBSP.a(stm32f4xx_gpio.o)
 .debug_info    0x000065a2      0xc78 C:\Users\Gunnar\Atollic\TrueSTUDIO\ARM_workspace\BSP\Debug\libBSP.a(stm32f4xx_can.o)
 .debug_info    0x0000721a      0x596 C:\Users\Gunnar\Atollic\TrueSTUDIO\ARM_workspace\BSP\Debug\libBSP.a(misc.o)
 .debug_info    0x000077b0     0x1185 C:\Users\Gunnar\Atollic\TrueSTUDIO\ARM_workspace\FreeRTOS\Debug\libFreeRTOS.a(tasks.o)
 .debug_info    0x00008935      0xbfa C:\Users\Gunnar\Atollic\TrueSTUDIO\ARM_workspace\FreeRTOS\Debug\libFreeRTOS.a(queue.o)
 .debug_info    0x0000952f      0x302 C:\Users\Gunnar\Atollic\TrueSTUDIO\ARM_workspace\FreeRTOS\Debug\libFreeRTOS.a(heap_4.o)
 .debug_info    0x00009831      0x34d C:\Users\Gunnar\Atollic\TrueSTUDIO\ARM_workspace\FreeRTOS\Debug\libFreeRTOS.a(port.o)
 .debug_info    0x00009b7e      0x2cc C:\Users\Gunnar\Atollic\TrueSTUDIO\ARM_workspace\FreeRTOS\Debug\libFreeRTOS.a(list.o)
 .debug_info    0x00009e4a      0x780 C:\Users\Gunnar\Atollic\TrueSTUDIO\ARM_workspace\FreeRTOS\Debug\libFreeRTOS.a(timers.o)

.debug_abbrev   0x00000000     0x2002
 .debug_abbrev  0x00000000      0x13a src\system_stm32f4xx.o
 .debug_abbrev  0x0000013a       0x12 src\startup_stm32f40xx.o
 .debug_abbrev  0x0000014c      0x1a8 src\lib\can.o
 .debug_abbrev  0x000002f4      0x1ae src\lib\I2C.o
 .debug_abbrev  0x000004a2      0x20b src\application\main.o
 .debug_abbrev  0x000006ad      0x1dc src\application\RFComm.o
 .debug_abbrev  0x00000889      0x223 src\application\GyroTask.o
 .debug_abbrev  0x00000aac      0x211 src\application\CANGatekeeper.o
 .debug_abbrev  0x00000cbd      0x159 C:\Users\Gunnar\Atollic\TrueSTUDIO\ARM_workspace\BSP\Debug\libBSP.a(stm32f4xx_usart.o)
 .debug_abbrev  0x00000e16      0x1e7 C:\Users\Gunnar\Atollic\TrueSTUDIO\ARM_workspace\BSP\Debug\libBSP.a(stm32f4xx_rcc.o)
 .debug_abbrev  0x00000ffd      0x168 C:\Users\Gunnar\Atollic\TrueSTUDIO\ARM_workspace\BSP\Debug\libBSP.a(stm32f4xx_i2c.o)
 .debug_abbrev  0x00001165      0x1a7 C:\Users\Gunnar\Atollic\TrueSTUDIO\ARM_workspace\BSP\Debug\libBSP.a(stm32f4xx_gpio.o)
 .debug_abbrev  0x0000130c      0x1d9 C:\Users\Gunnar\Atollic\TrueSTUDIO\ARM_workspace\BSP\Debug\libBSP.a(stm32f4xx_can.o)
 .debug_abbrev  0x000014e5      0x12b C:\Users\Gunnar\Atollic\TrueSTUDIO\ARM_workspace\BSP\Debug\libBSP.a(misc.o)
 .debug_abbrev  0x00001610      0x221 C:\Users\Gunnar\Atollic\TrueSTUDIO\ARM_workspace\FreeRTOS\Debug\libFreeRTOS.a(tasks.o)
 .debug_abbrev  0x00001831      0x1dc C:\Users\Gunnar\Atollic\TrueSTUDIO\ARM_workspace\FreeRTOS\Debug\libFreeRTOS.a(queue.o)
 .debug_abbrev  0x00001a0d      0x1b3 C:\Users\Gunnar\Atollic\TrueSTUDIO\ARM_workspace\FreeRTOS\Debug\libFreeRTOS.a(heap_4.o)
 .debug_abbrev  0x00001bc0      0x1e0 C:\Users\Gunnar\Atollic\TrueSTUDIO\ARM_workspace\FreeRTOS\Debug\libFreeRTOS.a(port.o)
 .debug_abbrev  0x00001da0       0xda C:\Users\Gunnar\Atollic\TrueSTUDIO\ARM_workspace\FreeRTOS\Debug\libFreeRTOS.a(list.o)
 .debug_abbrev  0x00001e7a      0x188 C:\Users\Gunnar\Atollic\TrueSTUDIO\ARM_workspace\FreeRTOS\Debug\libFreeRTOS.a(timers.o)

.debug_loc      0x00000000     0x46d2
 .debug_loc     0x00000000       0x9c src\system_stm32f4xx.o
 .debug_loc     0x0000009c       0xe0 src\lib\can.o
 .debug_loc     0x0000017c      0x1ec src\lib\I2C.o
 .debug_loc     0x00000368      0x1bc src\application\main.o
 .debug_loc     0x00000524      0x10e src\application\RFComm.o
 .debug_loc     0x00000632      0x226 src\application\GyroTask.o
 .debug_loc     0x00000858      0x73a src\application\CANGatekeeper.o
 .debug_loc     0x00000f92      0x658 C:\Users\Gunnar\Atollic\TrueSTUDIO\ARM_workspace\BSP\Debug\libBSP.a(stm32f4xx_usart.o)
 .debug_loc     0x000015ea      0x9b4 C:\Users\Gunnar\Atollic\TrueSTUDIO\ARM_workspace\BSP\Debug\libBSP.a(stm32f4xx_rcc.o)
 .debug_loc     0x00001f9e      0x7a8 C:\Users\Gunnar\Atollic\TrueSTUDIO\ARM_workspace\BSP\Debug\libBSP.a(stm32f4xx_i2c.o)
 .debug_loc     0x00002746      0x310 C:\Users\Gunnar\Atollic\TrueSTUDIO\ARM_workspace\BSP\Debug\libBSP.a(stm32f4xx_gpio.o)
 .debug_loc     0x00002a56      0x578 C:\Users\Gunnar\Atollic\TrueSTUDIO\ARM_workspace\BSP\Debug\libBSP.a(stm32f4xx_can.o)
 .debug_loc     0x00002fce      0x118 C:\Users\Gunnar\Atollic\TrueSTUDIO\ARM_workspace\BSP\Debug\libBSP.a(misc.o)
 .debug_loc     0x000030e6      0x8c8 C:\Users\Gunnar\Atollic\TrueSTUDIO\ARM_workspace\FreeRTOS\Debug\libFreeRTOS.a(tasks.o)
 .debug_loc     0x000039ae      0x620 C:\Users\Gunnar\Atollic\TrueSTUDIO\ARM_workspace\FreeRTOS\Debug\libFreeRTOS.a(queue.o)
 .debug_loc     0x00003fce      0x138 C:\Users\Gunnar\Atollic\TrueSTUDIO\ARM_workspace\FreeRTOS\Debug\libFreeRTOS.a(heap_4.o)
 .debug_loc     0x00004106      0x1b0 C:\Users\Gunnar\Atollic\TrueSTUDIO\ARM_workspace\FreeRTOS\Debug\libFreeRTOS.a(port.o)
 .debug_loc     0x000042b6      0x118 C:\Users\Gunnar\Atollic\TrueSTUDIO\ARM_workspace\FreeRTOS\Debug\libFreeRTOS.a(list.o)
 .debug_loc     0x000043ce      0x304 C:\Users\Gunnar\Atollic\TrueSTUDIO\ARM_workspace\FreeRTOS\Debug\libFreeRTOS.a(timers.o)

.debug_aranges  0x00000000      0xc80
 .debug_aranges
                0x00000000       0x30 src\system_stm32f4xx.o
 .debug_aranges
                0x00000030       0x28 src\startup_stm32f40xx.o
 .debug_aranges
                0x00000058       0x38 src\lib\can.o
 .debug_aranges
                0x00000090       0x60 src\lib\I2C.o
 .debug_aranges
                0x000000f0       0x60 src\application\main.o
 .debug_aranges
                0x00000150       0x40 src\application\RFComm.o
 .debug_aranges
                0x00000190       0x68 src\application\GyroTask.o
 .debug_aranges
                0x000001f8      0x138 src\application\CANGatekeeper.o
 .debug_aranges
                0x00000330      0x100 C:\Users\Gunnar\Atollic\TrueSTUDIO\ARM_workspace\BSP\Debug\libBSP.a(stm32f4xx_usart.o)
 .debug_aranges
                0x00000430      0x180 C:\Users\Gunnar\Atollic\TrueSTUDIO\ARM_workspace\BSP\Debug\libBSP.a(stm32f4xx_rcc.o)
 .debug_aranges
                0x000005b0      0x130 C:\Users\Gunnar\Atollic\TrueSTUDIO\ARM_workspace\BSP\Debug\libBSP.a(stm32f4xx_i2c.o)
 .debug_aranges
                0x000006e0       0x88 C:\Users\Gunnar\Atollic\TrueSTUDIO\ARM_workspace\BSP\Debug\libBSP.a(stm32f4xx_gpio.o)
 .debug_aranges
                0x00000768       0xe0 C:\Users\Gunnar\Atollic\TrueSTUDIO\ARM_workspace\BSP\Debug\libBSP.a(stm32f4xx_can.o)
 .debug_aranges
                0x00000848       0x40 C:\Users\Gunnar\Atollic\TrueSTUDIO\ARM_workspace\BSP\Debug\libBSP.a(misc.o)
 .debug_aranges
                0x00000888      0x160 C:\Users\Gunnar\Atollic\TrueSTUDIO\ARM_workspace\FreeRTOS\Debug\libFreeRTOS.a(tasks.o)
 .debug_aranges
                0x000009e8       0xf8 C:\Users\Gunnar\Atollic\TrueSTUDIO\ARM_workspace\FreeRTOS\Debug\libFreeRTOS.a(queue.o)
 .debug_aranges
                0x00000ae0       0x48 C:\Users\Gunnar\Atollic\TrueSTUDIO\ARM_workspace\FreeRTOS\Debug\libFreeRTOS.a(heap_4.o)
 .debug_aranges
                0x00000b28       0x90 C:\Users\Gunnar\Atollic\TrueSTUDIO\ARM_workspace\FreeRTOS\Debug\libFreeRTOS.a(port.o)
 .debug_aranges
                0x00000bb8       0x40 C:\Users\Gunnar\Atollic\TrueSTUDIO\ARM_workspace\FreeRTOS\Debug\libFreeRTOS.a(list.o)
 .debug_aranges
                0x00000bf8       0x88 C:\Users\Gunnar\Atollic\TrueSTUDIO\ARM_workspace\FreeRTOS\Debug\libFreeRTOS.a(timers.o)

.debug_ranges   0x00000000      0xb48
 .debug_ranges  0x00000000       0x20 src\system_stm32f4xx.o
 .debug_ranges  0x00000020       0x20 src\startup_stm32f40xx.o
 .debug_ranges  0x00000040       0x28 src\lib\can.o
 .debug_ranges  0x00000068       0x50 src\lib\I2C.o
 .debug_ranges  0x000000b8       0x50 src\application\main.o
 .debug_ranges  0x00000108       0x30 src\application\RFComm.o
 .debug_ranges  0x00000138       0x58 src\application\GyroTask.o
 .debug_ranges  0x00000190      0x128 src\application\CANGatekeeper.o
 .debug_ranges  0x000002b8       0xf0 C:\Users\Gunnar\Atollic\TrueSTUDIO\ARM_workspace\BSP\Debug\libBSP.a(stm32f4xx_usart.o)
 .debug_ranges  0x000003a8      0x170 C:\Users\Gunnar\Atollic\TrueSTUDIO\ARM_workspace\BSP\Debug\libBSP.a(stm32f4xx_rcc.o)
 .debug_ranges  0x00000518      0x120 C:\Users\Gunnar\Atollic\TrueSTUDIO\ARM_workspace\BSP\Debug\libBSP.a(stm32f4xx_i2c.o)
 .debug_ranges  0x00000638       0x78 C:\Users\Gunnar\Atollic\TrueSTUDIO\ARM_workspace\BSP\Debug\libBSP.a(stm32f4xx_gpio.o)
 .debug_ranges  0x000006b0       0xd0 C:\Users\Gunnar\Atollic\TrueSTUDIO\ARM_workspace\BSP\Debug\libBSP.a(stm32f4xx_can.o)
 .debug_ranges  0x00000780       0x30 C:\Users\Gunnar\Atollic\TrueSTUDIO\ARM_workspace\BSP\Debug\libBSP.a(misc.o)
 .debug_ranges  0x000007b0      0x150 C:\Users\Gunnar\Atollic\TrueSTUDIO\ARM_workspace\FreeRTOS\Debug\libFreeRTOS.a(tasks.o)
 .debug_ranges  0x00000900       0xe8 C:\Users\Gunnar\Atollic\TrueSTUDIO\ARM_workspace\FreeRTOS\Debug\libFreeRTOS.a(queue.o)
 .debug_ranges  0x000009e8       0x38 C:\Users\Gunnar\Atollic\TrueSTUDIO\ARM_workspace\FreeRTOS\Debug\libFreeRTOS.a(heap_4.o)
 .debug_ranges  0x00000a20       0x80 C:\Users\Gunnar\Atollic\TrueSTUDIO\ARM_workspace\FreeRTOS\Debug\libFreeRTOS.a(port.o)
 .debug_ranges  0x00000aa0       0x30 C:\Users\Gunnar\Atollic\TrueSTUDIO\ARM_workspace\FreeRTOS\Debug\libFreeRTOS.a(list.o)
 .debug_ranges  0x00000ad0       0x78 C:\Users\Gunnar\Atollic\TrueSTUDIO\ARM_workspace\FreeRTOS\Debug\libFreeRTOS.a(timers.o)

.debug_line     0x00000000     0x4ae2
 .debug_line    0x00000000      0x1b0 src\system_stm32f4xx.o
 .debug_line    0x000001b0       0x7a src\startup_stm32f40xx.o
 .debug_line    0x0000022a      0x265 src\lib\can.o
 .debug_line    0x0000048f      0x2b6 src\lib\I2C.o
 .debug_line    0x00000745      0x296 src\application\main.o
 .debug_line    0x000009db      0x258 src\application\RFComm.o
 .debug_line    0x00000c33      0x277 src\application\GyroTask.o
 .debug_line    0x00000eaa      0x584 src\application\CANGatekeeper.o
 .debug_line    0x0000142e      0x444 C:\Users\Gunnar\Atollic\TrueSTUDIO\ARM_workspace\BSP\Debug\libBSP.a(stm32f4xx_usart.o)
 .debug_line    0x00001872      0x548 C:\Users\Gunnar\Atollic\TrueSTUDIO\ARM_workspace\BSP\Debug\libBSP.a(stm32f4xx_rcc.o)
 .debug_line    0x00001dba      0x4a0 C:\Users\Gunnar\Atollic\TrueSTUDIO\ARM_workspace\BSP\Debug\libBSP.a(stm32f4xx_i2c.o)
 .debug_line    0x0000225a      0x2d9 C:\Users\Gunnar\Atollic\TrueSTUDIO\ARM_workspace\BSP\Debug\libBSP.a(stm32f4xx_gpio.o)
 .debug_line    0x00002533      0x4f4 C:\Users\Gunnar\Atollic\TrueSTUDIO\ARM_workspace\BSP\Debug\libBSP.a(stm32f4xx_can.o)
 .debug_line    0x00002a27      0x1df C:\Users\Gunnar\Atollic\TrueSTUDIO\ARM_workspace\BSP\Debug\libBSP.a(misc.o)
 .debug_line    0x00002c06      0xa3f C:\Users\Gunnar\Atollic\TrueSTUDIO\ARM_workspace\FreeRTOS\Debug\libFreeRTOS.a(tasks.o)
 .debug_line    0x00003645      0x7e8 C:\Users\Gunnar\Atollic\TrueSTUDIO\ARM_workspace\FreeRTOS\Debug\libFreeRTOS.a(queue.o)
 .debug_line    0x00003e2d      0x296 C:\Users\Gunnar\Atollic\TrueSTUDIO\ARM_workspace\FreeRTOS\Debug\libFreeRTOS.a(heap_4.o)
 .debug_line    0x000040c3      0x3bf C:\Users\Gunnar\Atollic\TrueSTUDIO\ARM_workspace\FreeRTOS\Debug\libFreeRTOS.a(port.o)
 .debug_line    0x00004482      0x268 C:\Users\Gunnar\Atollic\TrueSTUDIO\ARM_workspace\FreeRTOS\Debug\libFreeRTOS.a(list.o)
 .debug_line    0x000046ea      0x3f8 C:\Users\Gunnar\Atollic\TrueSTUDIO\ARM_workspace\FreeRTOS\Debug\libFreeRTOS.a(timers.o)

.debug_str      0x00000000     0x4054
 .debug_str     0x00000000      0x30c src\system_stm32f4xx.o
                                0x366 (size before relaxing)
 .debug_str     0x0000030c      0xa2b src\lib\can.o
                                0xbb9 (size before relaxing)
 .debug_str     0x00000d37      0x1d8 src\lib\I2C.o
                                0xaa2 (size before relaxing)
 .debug_str     0x00000f0f      0x274 src\application\main.o
                                0x416 (size before relaxing)
 .debug_str     0x00001183      0x11a src\application\RFComm.o
                                0x2f6 (size before relaxing)
 .debug_str     0x0000129d      0x1d4 src\application\GyroTask.o
                                0x39e (size before relaxing)
 .debug_str     0x00001471      0x3bd src\application\CANGatekeeper.o
                                0x755 (size before relaxing)
 .debug_str     0x0000182e      0x499 C:\Users\Gunnar\Atollic\TrueSTUDIO\ARM_workspace\BSP\Debug\libBSP.a(stm32f4xx_usart.o)
                                0x645 (size before relaxing)
 .debug_str     0x00001cc7      0x518 C:\Users\Gunnar\Atollic\TrueSTUDIO\ARM_workspace\BSP\Debug\libBSP.a(stm32f4xx_rcc.o)
                                0x82f (size before relaxing)
 .debug_str     0x000021df      0x354 C:\Users\Gunnar\Atollic\TrueSTUDIO\ARM_workspace\BSP\Debug\libBSP.a(stm32f4xx_i2c.o)
                                0x668 (size before relaxing)
 .debug_str     0x00002533      0x166 C:\Users\Gunnar\Atollic\TrueSTUDIO\ARM_workspace\BSP\Debug\libBSP.a(stm32f4xx_gpio.o)
                                0x459 (size before relaxing)
 .debug_str     0x00002699      0x2f4 C:\Users\Gunnar\Atollic\TrueSTUDIO\ARM_workspace\BSP\Debug\libBSP.a(stm32f4xx_can.o)
                                0x6f4 (size before relaxing)
 .debug_str     0x0000298d      0x132 C:\Users\Gunnar\Atollic\TrueSTUDIO\ARM_workspace\BSP\Debug\libBSP.a(misc.o)
                                0x38f (size before relaxing)
 .debug_str     0x00002abf      0x990 C:\Users\Gunnar\Atollic\TrueSTUDIO\ARM_workspace\FreeRTOS\Debug\libFreeRTOS.a(tasks.o)
                                0xae6 (size before relaxing)
 .debug_str     0x0000344f      0x45e C:\Users\Gunnar\Atollic\TrueSTUDIO\ARM_workspace\FreeRTOS\Debug\libFreeRTOS.a(queue.o)
                                0x6d4 (size before relaxing)
 .debug_str     0x000038ad      0x1ac C:\Users\Gunnar\Atollic\TrueSTUDIO\ARM_workspace\FreeRTOS\Debug\libFreeRTOS.a(heap_4.o)
                                0x300 (size before relaxing)
 .debug_str     0x00003a59      0x227 C:\Users\Gunnar\Atollic\TrueSTUDIO\ARM_workspace\FreeRTOS\Debug\libFreeRTOS.a(port.o)
                                0x3a3 (size before relaxing)
 .debug_str     0x00003c80       0x9c C:\Users\Gunnar\Atollic\TrueSTUDIO\ARM_workspace\FreeRTOS\Debug\libFreeRTOS.a(list.o)
                                0x27c (size before relaxing)
 .debug_str     0x00003d1c      0x338 C:\Users\Gunnar\Atollic\TrueSTUDIO\ARM_workspace\FreeRTOS\Debug\libFreeRTOS.a(timers.o)
                                0x58a (size before relaxing)

.comment        0x00000000       0x82
 .comment       0x00000000       0x82 src\system_stm32f4xx.o
                                 0x83 (size before relaxing)
 .comment       0x00000000       0x83 src\lib\can.o
 .comment       0x00000000       0x83 src\lib\I2C.o
 .comment       0x00000000       0x83 src\application\main.o
 .comment       0x00000000       0x83 src\application\RFComm.o
 .comment       0x00000000       0x83 src\application\GyroTask.o
 .comment       0x00000000       0x83 src\application\CANGatekeeper.o
 .comment       0x00000000       0x83 C:\Users\Gunnar\Atollic\TrueSTUDIO\ARM_workspace\BSP\Debug\libBSP.a(stm32f4xx_usart.o)
 .comment       0x00000000       0x83 C:\Users\Gunnar\Atollic\TrueSTUDIO\ARM_workspace\BSP\Debug\libBSP.a(stm32f4xx_rcc.o)
 .comment       0x00000000       0x83 C:\Users\Gunnar\Atollic\TrueSTUDIO\ARM_workspace\BSP\Debug\libBSP.a(stm32f4xx_i2c.o)
 .comment       0x00000000       0x83 C:\Users\Gunnar\Atollic\TrueSTUDIO\ARM_workspace\BSP\Debug\libBSP.a(stm32f4xx_gpio.o)
 .comment       0x00000000       0x83 C:\Users\Gunnar\Atollic\TrueSTUDIO\ARM_workspace\BSP\Debug\libBSP.a(stm32f4xx_can.o)
 .comment       0x00000000       0x83 C:\Users\Gunnar\Atollic\TrueSTUDIO\ARM_workspace\BSP\Debug\libBSP.a(misc.o)
 .comment       0x00000000       0x83 C:\Users\Gunnar\Atollic\TrueSTUDIO\ARM_workspace\FreeRTOS\Debug\libFreeRTOS.a(tasks.o)
 .comment       0x00000000       0x83 C:\Users\Gunnar\Atollic\TrueSTUDIO\ARM_workspace\FreeRTOS\Debug\libFreeRTOS.a(queue.o)
 .comment       0x00000000       0x83 C:\Users\Gunnar\Atollic\TrueSTUDIO\ARM_workspace\FreeRTOS\Debug\libFreeRTOS.a(heap_4.o)
 .comment       0x00000000       0x83 C:\Users\Gunnar\Atollic\TrueSTUDIO\ARM_workspace\FreeRTOS\Debug\libFreeRTOS.a(port.o)
 .comment       0x00000000       0x83 C:\Users\Gunnar\Atollic\TrueSTUDIO\ARM_workspace\FreeRTOS\Debug\libFreeRTOS.a(list.o)
 .comment       0x00000000       0x83 C:\Users\Gunnar\Atollic\TrueSTUDIO\ARM_workspace\FreeRTOS\Debug\libFreeRTOS.a(timers.o)

.debug_frame    0x00000000     0x282c
 .debug_frame   0x00000000       0x64 src\system_stm32f4xx.o
 .debug_frame   0x00000064       0x8c src\lib\can.o
 .debug_frame   0x000000f0      0x12c src\lib\I2C.o
 .debug_frame   0x0000021c      0x110 src\application\main.o
 .debug_frame   0x0000032c       0xac src\application\RFComm.o
 .debug_frame   0x000003d8      0x140 src\application\GyroTask.o
 .debug_frame   0x00000518      0x444 src\application\CANGatekeeper.o
 .debug_frame   0x0000095c      0x344 C:\Users\Gunnar\Atollic\TrueSTUDIO\ARM_workspace\BSP\Debug\libBSP.a(stm32f4xx_usart.o)
 .debug_frame   0x00000ca0      0x4f4 C:\Users\Gunnar\Atollic\TrueSTUDIO\ARM_workspace\BSP\Debug\libBSP.a(stm32f4xx_rcc.o)
 .debug_frame   0x00001194      0x3ec C:\Users\Gunnar\Atollic\TrueSTUDIO\ARM_workspace\BSP\Debug\libBSP.a(stm32f4xx_i2c.o)
 .debug_frame   0x00001580      0x19c C:\Users\Gunnar\Atollic\TrueSTUDIO\ARM_workspace\BSP\Debug\libBSP.a(stm32f4xx_gpio.o)
 .debug_frame   0x0000171c      0x2d4 C:\Users\Gunnar\Atollic\TrueSTUDIO\ARM_workspace\BSP\Debug\libBSP.a(stm32f4xx_can.o)
 .debug_frame   0x000019f0       0x9c C:\Users\Gunnar\Atollic\TrueSTUDIO\ARM_workspace\BSP\Debug\libBSP.a(misc.o)
 .debug_frame   0x00001a8c      0x500 C:\Users\Gunnar\Atollic\TrueSTUDIO\ARM_workspace\FreeRTOS\Debug\libFreeRTOS.a(tasks.o)
 .debug_frame   0x00001f8c      0x37c C:\Users\Gunnar\Atollic\TrueSTUDIO\ARM_workspace\FreeRTOS\Debug\libFreeRTOS.a(queue.o)
 .debug_frame   0x00002308       0xbc C:\Users\Gunnar\Atollic\TrueSTUDIO\ARM_workspace\FreeRTOS\Debug\libFreeRTOS.a(heap_4.o)
 .debug_frame   0x000023c4      0x168 C:\Users\Gunnar\Atollic\TrueSTUDIO\ARM_workspace\FreeRTOS\Debug\libFreeRTOS.a(port.o)
 .debug_frame   0x0000252c       0x9c C:\Users\Gunnar\Atollic\TrueSTUDIO\ARM_workspace\FreeRTOS\Debug\libFreeRTOS.a(list.o)
 .debug_frame   0x000025c8      0x1c4 C:\Users\Gunnar\Atollic\TrueSTUDIO\ARM_workspace\FreeRTOS\Debug\libFreeRTOS.a(timers.o)
 .debug_frame   0x0000278c       0x2c c:/program files/atollic/truestudio for arm pro 4.3.1/armtools/bin/../lib/gcc/arm-atollic-eabi/4.7.3/../../../../arm-atollic-eabi/lib/armv7e-m/fpu\libc_s.a(lib_a-init.o)
 .debug_frame   0x000027b8       0x2c c:/program files/atollic/truestudio for arm pro 4.3.1/armtools/bin/../lib/gcc/arm-atollic-eabi/4.7.3/../../../../arm-atollic-eabi/lib/armv7e-m/fpu\libc_s.a(lib_a-memcmp.o)
 .debug_frame   0x000027e4       0x28 c:/program files/atollic/truestudio for arm pro 4.3.1/armtools/bin/../lib/gcc/arm-atollic-eabi/4.7.3/../../../../arm-atollic-eabi/lib/armv7e-m/fpu\libc_s.a(lib_a-memcpy.o)
 .debug_frame   0x0000280c       0x20 c:/program files/atollic/truestudio for arm pro 4.3.1/armtools/bin/../lib/gcc/arm-atollic-eabi/4.7.3/../../../../arm-atollic-eabi/lib/armv7e-m/fpu\libc_s.a(lib_a-memset.o)

Cross Reference Table

Symbol                                            File
ADC_IRQHandler                                    src\startup_stm32f40xx.o
AHBPrescTable                                     src\system_stm32f4xx.o
BusFault_Handler                                  src\startup_stm32f40xx.o
CAN1_RX0_IRQHandler                               src\lib\can.o
                                                  src\startup_stm32f40xx.o
CAN1_RX1_IRQHandler                               src\startup_stm32f40xx.o
CAN1_SCE_IRQHandler                               src\startup_stm32f40xx.o
CAN1_TX_IRQHandler                                src\startup_stm32f40xx.o
CAN2_RX0_IRQHandler                               src\startup_stm32f40xx.o
CAN2_RX1_IRQHandler                               src\startup_stm32f40xx.o
CAN2_SCE_IRQHandler                               src\startup_stm32f40xx.o
CAN2_TX_IRQHandler                                src\startup_stm32f40xx.o
CAN_CancelTransmit                                C:\Users\Gunnar\Atollic\TrueSTUDIO\ARM_workspace\BSP\Debug\libBSP.a(stm32f4xx_can.o)
CAN_ClearFlag                                     C:\Users\Gunnar\Atollic\TrueSTUDIO\ARM_workspace\BSP\Debug\libBSP.a(stm32f4xx_can.o)
CAN_ClearITPendingBit                             C:\Users\Gunnar\Atollic\TrueSTUDIO\ARM_workspace\BSP\Debug\libBSP.a(stm32f4xx_can.o)
CAN_DBGFreeze                                     C:\Users\Gunnar\Atollic\TrueSTUDIO\ARM_workspace\BSP\Debug\libBSP.a(stm32f4xx_can.o)
CAN_DeInit                                        C:\Users\Gunnar\Atollic\TrueSTUDIO\ARM_workspace\BSP\Debug\libBSP.a(stm32f4xx_can.o)
                                                  src\lib\can.o
CAN_FIFORelease                                   C:\Users\Gunnar\Atollic\TrueSTUDIO\ARM_workspace\BSP\Debug\libBSP.a(stm32f4xx_can.o)
CAN_FilterInit                                    C:\Users\Gunnar\Atollic\TrueSTUDIO\ARM_workspace\BSP\Debug\libBSP.a(stm32f4xx_can.o)
                                                  src\lib\can.o
CAN_GetFlagStatus                                 C:\Users\Gunnar\Atollic\TrueSTUDIO\ARM_workspace\BSP\Debug\libBSP.a(stm32f4xx_can.o)
CAN_GetITStatus                                   C:\Users\Gunnar\Atollic\TrueSTUDIO\ARM_workspace\BSP\Debug\libBSP.a(stm32f4xx_can.o)
CAN_GetLSBTransmitErrorCounter                    C:\Users\Gunnar\Atollic\TrueSTUDIO\ARM_workspace\BSP\Debug\libBSP.a(stm32f4xx_can.o)
CAN_GetLastErrorCode                              C:\Users\Gunnar\Atollic\TrueSTUDIO\ARM_workspace\BSP\Debug\libBSP.a(stm32f4xx_can.o)
CAN_GetReceiveErrorCounter                        C:\Users\Gunnar\Atollic\TrueSTUDIO\ARM_workspace\BSP\Debug\libBSP.a(stm32f4xx_can.o)
CAN_ITConfig                                      C:\Users\Gunnar\Atollic\TrueSTUDIO\ARM_workspace\BSP\Debug\libBSP.a(stm32f4xx_can.o)
                                                  src\lib\can.o
CAN_Init                                          C:\Users\Gunnar\Atollic\TrueSTUDIO\ARM_workspace\BSP\Debug\libBSP.a(stm32f4xx_can.o)
                                                  src\lib\can.o
CAN_MessagePending                                C:\Users\Gunnar\Atollic\TrueSTUDIO\ARM_workspace\BSP\Debug\libBSP.a(stm32f4xx_can.o)
CAN_OperatingModeRequest                          C:\Users\Gunnar\Atollic\TrueSTUDIO\ARM_workspace\BSP\Debug\libBSP.a(stm32f4xx_can.o)
CAN_Receive                                       C:\Users\Gunnar\Atollic\TrueSTUDIO\ARM_workspace\BSP\Debug\libBSP.a(stm32f4xx_can.o)
                                                  src\lib\can.o
CAN_SlaveStartBank                                C:\Users\Gunnar\Atollic\TrueSTUDIO\ARM_workspace\BSP\Debug\libBSP.a(stm32f4xx_can.o)
CAN_Sleep                                         C:\Users\Gunnar\Atollic\TrueSTUDIO\ARM_workspace\BSP\Debug\libBSP.a(stm32f4xx_can.o)
CAN_StructInit                                    C:\Users\Gunnar\Atollic\TrueSTUDIO\ARM_workspace\BSP\Debug\libBSP.a(stm32f4xx_can.o)
CAN_TTComModeCmd                                  C:\Users\Gunnar\Atollic\TrueSTUDIO\ARM_workspace\BSP\Debug\libBSP.a(stm32f4xx_can.o)
CAN_Transmit                                      C:\Users\Gunnar\Atollic\TrueSTUDIO\ARM_workspace\BSP\Debug\libBSP.a(stm32f4xx_can.o)
                                                  src\application\CANGatekeeper.o
CAN_TransmitStatus                                C:\Users\Gunnar\Atollic\TrueSTUDIO\ARM_workspace\BSP\Debug\libBSP.a(stm32f4xx_can.o)
CAN_WakeUp                                        C:\Users\Gunnar\Atollic\TrueSTUDIO\ARM_workspace\BSP\Debug\libBSP.a(stm32f4xx_can.o)
CRYP_IRQHandler                                   src\startup_stm32f40xx.o
CTRL_REG1_G_DATA                                  src\application\GyroTask.o
CTRL_REG2_G_DATA                                  src\application\GyroTask.o
CTRL_REG3_G_DATA                                  src\application\GyroTask.o
CTRL_REG4_G_DATA                                  src\application\GyroTask.o
CTRL_REG5_G_DATA                                  src\application\GyroTask.o
DCMI_IRQHandler                                   src\startup_stm32f40xx.o
DMA1_Stream0_IRQHandler                           src\startup_stm32f40xx.o
DMA1_Stream1_IRQHandler                           src\startup_stm32f40xx.o
DMA1_Stream2_IRQHandler                           src\startup_stm32f40xx.o
DMA1_Stream3_IRQHandler                           src\startup_stm32f40xx.o
DMA1_Stream4_IRQHandler                           src\startup_stm32f40xx.o
DMA1_Stream5_IRQHandler                           src\startup_stm32f40xx.o
DMA1_Stream6_IRQHandler                           src\startup_stm32f40xx.o
DMA1_Stream7_IRQHandler                           src\startup_stm32f40xx.o
DMA2_Stream0_IRQHandler                           src\startup_stm32f40xx.o
DMA2_Stream1_IRQHandler                           src\startup_stm32f40xx.o
DMA2_Stream2_IRQHandler                           src\startup_stm32f40xx.o
DMA2_Stream3_IRQHandler                           src\startup_stm32f40xx.o
DMA2_Stream4_IRQHandler                           src\startup_stm32f40xx.o
DMA2_Stream5_IRQHandler                           src\startup_stm32f40xx.o
DMA2_Stream6_IRQHandler                           src\startup_stm32f40xx.o
DMA2_Stream7_IRQHandler                           src\startup_stm32f40xx.o
DebugMon_Handler                                  src\startup_stm32f40xx.o
Default_Handler                                   src\startup_stm32f40xx.o
Delay                                             src\application\GyroTask.o
Delay_ms                                          src\application\RFComm.o
ETH_IRQHandler                                    src\startup_stm32f40xx.o
ETH_WKUP_IRQHandler                               src\startup_stm32f40xx.o
EXTI0_IRQHandler                                  src\startup_stm32f40xx.o
EXTI15_10_IRQHandler                              src\startup_stm32f40xx.o
EXTI1_IRQHandler                                  src\startup_stm32f40xx.o
EXTI2_IRQHandler                                  src\startup_stm32f40xx.o
EXTI3_IRQHandler                                  src\startup_stm32f40xx.o
EXTI4_IRQHandler                                  src\startup_stm32f40xx.o
EXTI9_5_IRQHandler                                src\startup_stm32f40xx.o
Enemy1Pos                                         src\application\RFComm.o
                                                  src\application\Trilateration.o
                                                  src\application\main.o
Enemy2Pos                                         src\application\RFComm.o
                                                  src\application\Trilateration.o
                                                  src\application\main.o
FLASH_IRQHandler                                  src\startup_stm32f40xx.o
FPU_IRQHandler                                    src\startup_stm32f40xx.o
FSMC_IRQHandler                                   src\startup_stm32f40xx.o
Filterstr                                         src\application\RFComm.o
GPIO_DeInit                                       C:\Users\Gunnar\Atollic\TrueSTUDIO\ARM_workspace\BSP\Debug\libBSP.a(stm32f4xx_gpio.o)
GPIO_Init                                         C:\Users\Gunnar\Atollic\TrueSTUDIO\ARM_workspace\BSP\Debug\libBSP.a(stm32f4xx_gpio.o)
                                                  src\lib\I2C.o
                                                  src\lib\UART.o
                                                  src\lib\can.o
GPIO_PinAFConfig                                  C:\Users\Gunnar\Atollic\TrueSTUDIO\ARM_workspace\BSP\Debug\libBSP.a(stm32f4xx_gpio.o)
                                                  src\lib\I2C.o
                                                  src\lib\UART.o
                                                  src\lib\can.o
GPIO_PinLockConfig                                C:\Users\Gunnar\Atollic\TrueSTUDIO\ARM_workspace\BSP\Debug\libBSP.a(stm32f4xx_gpio.o)
GPIO_ReadInputData                                C:\Users\Gunnar\Atollic\TrueSTUDIO\ARM_workspace\BSP\Debug\libBSP.a(stm32f4xx_gpio.o)
GPIO_ReadInputDataBit                             C:\Users\Gunnar\Atollic\TrueSTUDIO\ARM_workspace\BSP\Debug\libBSP.a(stm32f4xx_gpio.o)
GPIO_ReadOutputData                               C:\Users\Gunnar\Atollic\TrueSTUDIO\ARM_workspace\BSP\Debug\libBSP.a(stm32f4xx_gpio.o)
GPIO_ReadOutputDataBit                            C:\Users\Gunnar\Atollic\TrueSTUDIO\ARM_workspace\BSP\Debug\libBSP.a(stm32f4xx_gpio.o)
GPIO_ResetBits                                    C:\Users\Gunnar\Atollic\TrueSTUDIO\ARM_workspace\BSP\Debug\libBSP.a(stm32f4xx_gpio.o)
GPIO_SetBits                                      C:\Users\Gunnar\Atollic\TrueSTUDIO\ARM_workspace\BSP\Debug\libBSP.a(stm32f4xx_gpio.o)
GPIO_StructInit                                   C:\Users\Gunnar\Atollic\TrueSTUDIO\ARM_workspace\BSP\Debug\libBSP.a(stm32f4xx_gpio.o)
GPIO_ToggleBits                                   C:\Users\Gunnar\Atollic\TrueSTUDIO\ARM_workspace\BSP\Debug\libBSP.a(stm32f4xx_gpio.o)
GPIO_Write                                        C:\Users\Gunnar\Atollic\TrueSTUDIO\ARM_workspace\BSP\Debug\libBSP.a(stm32f4xx_gpio.o)
GPIO_WriteBit                                     C:\Users\Gunnar\Atollic\TrueSTUDIO\ARM_workspace\BSP\Debug\libBSP.a(stm32f4xx_gpio.o)
HASH_RNG_IRQHandler                               src\startup_stm32f40xx.o
HardFault_Handler                                 src\startup_stm32f40xx.o
I2C1_ER_IRQHandler                                src\lib\I2C.o
                                                  src\startup_stm32f40xx.o
I2C1_EV_IRQHandler                                src\startup_stm32f40xx.o
I2C2_ER_IRQHandler                                src\startup_stm32f40xx.o
I2C2_EV_IRQHandler                                src\startup_stm32f40xx.o
I2C3_ER_IRQHandler                                src\startup_stm32f40xx.o
I2C3_EV_IRQHandler                                src\startup_stm32f40xx.o
I2C_ARPCmd                                        C:\Users\Gunnar\Atollic\TrueSTUDIO\ARM_workspace\BSP\Debug\libBSP.a(stm32f4xx_i2c.o)
I2C_AcknowledgeConfig                             C:\Users\Gunnar\Atollic\TrueSTUDIO\ARM_workspace\BSP\Debug\libBSP.a(stm32f4xx_i2c.o)
                                                  src\lib\I2C.o
I2C_AnalogFilterCmd                               C:\Users\Gunnar\Atollic\TrueSTUDIO\ARM_workspace\BSP\Debug\libBSP.a(stm32f4xx_i2c.o)
I2C_CalculatePEC                                  C:\Users\Gunnar\Atollic\TrueSTUDIO\ARM_workspace\BSP\Debug\libBSP.a(stm32f4xx_i2c.o)
I2C_CheckEvent                                    C:\Users\Gunnar\Atollic\TrueSTUDIO\ARM_workspace\BSP\Debug\libBSP.a(stm32f4xx_i2c.o)
                                                  src\lib\I2C.o
I2C_ClearFlag                                     C:\Users\Gunnar\Atollic\TrueSTUDIO\ARM_workspace\BSP\Debug\libBSP.a(stm32f4xx_i2c.o)
                                                  src\lib\I2C.o
I2C_ClearITPendingBit                             C:\Users\Gunnar\Atollic\TrueSTUDIO\ARM_workspace\BSP\Debug\libBSP.a(stm32f4xx_i2c.o)
I2C_Cmd                                           C:\Users\Gunnar\Atollic\TrueSTUDIO\ARM_workspace\BSP\Debug\libBSP.a(stm32f4xx_i2c.o)
                                                  src\lib\I2C.o
I2C_DMACmd                                        C:\Users\Gunnar\Atollic\TrueSTUDIO\ARM_workspace\BSP\Debug\libBSP.a(stm32f4xx_i2c.o)
I2C_DMALastTransferCmd                            C:\Users\Gunnar\Atollic\TrueSTUDIO\ARM_workspace\BSP\Debug\libBSP.a(stm32f4xx_i2c.o)
I2C_DeInit                                        C:\Users\Gunnar\Atollic\TrueSTUDIO\ARM_workspace\BSP\Debug\libBSP.a(stm32f4xx_i2c.o)
                                                  src\lib\I2C.o
I2C_DigitalFilterConfig                           C:\Users\Gunnar\Atollic\TrueSTUDIO\ARM_workspace\BSP\Debug\libBSP.a(stm32f4xx_i2c.o)
I2C_DualAddressCmd                                C:\Users\Gunnar\Atollic\TrueSTUDIO\ARM_workspace\BSP\Debug\libBSP.a(stm32f4xx_i2c.o)
I2C_FastModeDutyCycleConfig                       C:\Users\Gunnar\Atollic\TrueSTUDIO\ARM_workspace\BSP\Debug\libBSP.a(stm32f4xx_i2c.o)
I2C_GeneralCallCmd                                C:\Users\Gunnar\Atollic\TrueSTUDIO\ARM_workspace\BSP\Debug\libBSP.a(stm32f4xx_i2c.o)
I2C_GenerateSTART                                 C:\Users\Gunnar\Atollic\TrueSTUDIO\ARM_workspace\BSP\Debug\libBSP.a(stm32f4xx_i2c.o)
                                                  src\lib\I2C.o
I2C_GenerateSTOP                                  C:\Users\Gunnar\Atollic\TrueSTUDIO\ARM_workspace\BSP\Debug\libBSP.a(stm32f4xx_i2c.o)
                                                  src\lib\I2C.o
I2C_GetFlagStatus                                 C:\Users\Gunnar\Atollic\TrueSTUDIO\ARM_workspace\BSP\Debug\libBSP.a(stm32f4xx_i2c.o)
                                                  src\lib\I2C.o
I2C_GetITStatus                                   C:\Users\Gunnar\Atollic\TrueSTUDIO\ARM_workspace\BSP\Debug\libBSP.a(stm32f4xx_i2c.o)
I2C_GetLastEvent                                  C:\Users\Gunnar\Atollic\TrueSTUDIO\ARM_workspace\BSP\Debug\libBSP.a(stm32f4xx_i2c.o)
I2C_GetPEC                                        C:\Users\Gunnar\Atollic\TrueSTUDIO\ARM_workspace\BSP\Debug\libBSP.a(stm32f4xx_i2c.o)
I2C_ITConfig                                      C:\Users\Gunnar\Atollic\TrueSTUDIO\ARM_workspace\BSP\Debug\libBSP.a(stm32f4xx_i2c.o)
I2C_Init                                          C:\Users\Gunnar\Atollic\TrueSTUDIO\ARM_workspace\BSP\Debug\libBSP.a(stm32f4xx_i2c.o)
                                                  src\lib\I2C.o
I2C_NACKPositionConfig                            C:\Users\Gunnar\Atollic\TrueSTUDIO\ARM_workspace\BSP\Debug\libBSP.a(stm32f4xx_i2c.o)
I2C_OwnAddress2Config                             C:\Users\Gunnar\Atollic\TrueSTUDIO\ARM_workspace\BSP\Debug\libBSP.a(stm32f4xx_i2c.o)
I2C_PECPositionConfig                             C:\Users\Gunnar\Atollic\TrueSTUDIO\ARM_workspace\BSP\Debug\libBSP.a(stm32f4xx_i2c.o)
I2C_ReadRegister                                  C:\Users\Gunnar\Atollic\TrueSTUDIO\ARM_workspace\BSP\Debug\libBSP.a(stm32f4xx_i2c.o)
I2C_ReceiveData                                   C:\Users\Gunnar\Atollic\TrueSTUDIO\ARM_workspace\BSP\Debug\libBSP.a(stm32f4xx_i2c.o)
                                                  src\lib\I2C.o
I2C_SMBusAlertConfig                              C:\Users\Gunnar\Atollic\TrueSTUDIO\ARM_workspace\BSP\Debug\libBSP.a(stm32f4xx_i2c.o)
I2C_Send7bitAddress                               C:\Users\Gunnar\Atollic\TrueSTUDIO\ARM_workspace\BSP\Debug\libBSP.a(stm32f4xx_i2c.o)
                                                  src\lib\I2C.o
I2C_SendData                                      C:\Users\Gunnar\Atollic\TrueSTUDIO\ARM_workspace\BSP\Debug\libBSP.a(stm32f4xx_i2c.o)
                                                  src\lib\I2C.o
I2C_SoftwareResetCmd                              C:\Users\Gunnar\Atollic\TrueSTUDIO\ARM_workspace\BSP\Debug\libBSP.a(stm32f4xx_i2c.o)
I2C_StretchClockCmd                               C:\Users\Gunnar\Atollic\TrueSTUDIO\ARM_workspace\BSP\Debug\libBSP.a(stm32f4xx_i2c.o)
I2C_StructInit                                    C:\Users\Gunnar\Atollic\TrueSTUDIO\ARM_workspace\BSP\Debug\libBSP.a(stm32f4xx_i2c.o)
I2C_TransmitPEC                                   C:\Users\Gunnar\Atollic\TrueSTUDIO\ARM_workspace\BSP\Debug\libBSP.a(stm32f4xx_i2c.o)
MemManage_Handler                                 src\startup_stm32f40xx.o
NMI_Handler                                       src\startup_stm32f40xx.o
NVIC_Init                                         C:\Users\Gunnar\Atollic\TrueSTUDIO\ARM_workspace\BSP\Debug\libBSP.a(misc.o)
                                                  src\lib\I2C.o
                                                  src\lib\UART.o
                                                  src\lib\can.o
NVIC_PriorityGroupConfig                          C:\Users\Gunnar\Atollic\TrueSTUDIO\ARM_workspace\BSP\Debug\libBSP.a(misc.o)
                                                  src\application\main.o
NVIC_SetVectorTable                               C:\Users\Gunnar\Atollic\TrueSTUDIO\ARM_workspace\BSP\Debug\libBSP.a(misc.o)
NVIC_SystemLPConfig                               C:\Users\Gunnar\Atollic\TrueSTUDIO\ARM_workspace\BSP\Debug\libBSP.a(misc.o)
OTG_FS_IRQHandler                                 src\startup_stm32f40xx.o
OTG_FS_WKUP_IRQHandler                            src\startup_stm32f40xx.o
OTG_HS_EP1_IN_IRQHandler                          src\startup_stm32f40xx.o
OTG_HS_EP1_OUT_IRQHandler                         src\startup_stm32f40xx.o
OTG_HS_IRQHandler                                 src\startup_stm32f40xx.o
OTG_HS_WKUP_IRQHandler                            src\startup_stm32f40xx.o
PVD_IRQHandler                                    src\startup_stm32f40xx.o
PendSV_Handler                                    C:\Users\Gunnar\Atollic\TrueSTUDIO\ARM_workspace\FreeRTOS\Debug\libFreeRTOS.a(port.o)
                                                  src\startup_stm32f40xx.o
RCC_AHB1PeriphClockCmd                            C:\Users\Gunnar\Atollic\TrueSTUDIO\ARM_workspace\BSP\Debug\libBSP.a(stm32f4xx_rcc.o)
                                                  src\lib\I2C.o
                                                  src\lib\UART.o
                                                  src\lib\can.o
RCC_AHB1PeriphClockLPModeCmd                      C:\Users\Gunnar\Atollic\TrueSTUDIO\ARM_workspace\BSP\Debug\libBSP.a(stm32f4xx_rcc.o)
RCC_AHB1PeriphResetCmd                            C:\Users\Gunnar\Atollic\TrueSTUDIO\ARM_workspace\BSP\Debug\libBSP.a(stm32f4xx_rcc.o)
                                                  C:\Users\Gunnar\Atollic\TrueSTUDIO\ARM_workspace\BSP\Debug\libBSP.a(stm32f4xx_gpio.o)
RCC_AHB2PeriphClockCmd                            C:\Users\Gunnar\Atollic\TrueSTUDIO\ARM_workspace\BSP\Debug\libBSP.a(stm32f4xx_rcc.o)
RCC_AHB2PeriphClockLPModeCmd                      C:\Users\Gunnar\Atollic\TrueSTUDIO\ARM_workspace\BSP\Debug\libBSP.a(stm32f4xx_rcc.o)
RCC_AHB2PeriphResetCmd                            C:\Users\Gunnar\Atollic\TrueSTUDIO\ARM_workspace\BSP\Debug\libBSP.a(stm32f4xx_rcc.o)
RCC_AHB3PeriphClockCmd                            C:\Users\Gunnar\Atollic\TrueSTUDIO\ARM_workspace\BSP\Debug\libBSP.a(stm32f4xx_rcc.o)
RCC_AHB3PeriphClockLPModeCmd                      C:\Users\Gunnar\Atollic\TrueSTUDIO\ARM_workspace\BSP\Debug\libBSP.a(stm32f4xx_rcc.o)
RCC_AHB3PeriphResetCmd                            C:\Users\Gunnar\Atollic\TrueSTUDIO\ARM_workspace\BSP\Debug\libBSP.a(stm32f4xx_rcc.o)
RCC_APB1PeriphClockCmd                            C:\Users\Gunnar\Atollic\TrueSTUDIO\ARM_workspace\BSP\Debug\libBSP.a(stm32f4xx_rcc.o)
                                                  src\lib\I2C.o
                                                  src\lib\can.o
RCC_APB1PeriphClockLPModeCmd                      C:\Users\Gunnar\Atollic\TrueSTUDIO\ARM_workspace\BSP\Debug\libBSP.a(stm32f4xx_rcc.o)
RCC_APB1PeriphResetCmd                            C:\Users\Gunnar\Atollic\TrueSTUDIO\ARM_workspace\BSP\Debug\libBSP.a(stm32f4xx_rcc.o)
                                                  C:\Users\Gunnar\Atollic\TrueSTUDIO\ARM_workspace\BSP\Debug\libBSP.a(stm32f4xx_can.o)
                                                  C:\Users\Gunnar\Atollic\TrueSTUDIO\ARM_workspace\BSP\Debug\libBSP.a(stm32f4xx_i2c.o)
                                                  C:\Users\Gunnar\Atollic\TrueSTUDIO\ARM_workspace\BSP\Debug\libBSP.a(stm32f4xx_usart.o)
RCC_APB2PeriphClockCmd                            C:\Users\Gunnar\Atollic\TrueSTUDIO\ARM_workspace\BSP\Debug\libBSP.a(stm32f4xx_rcc.o)
                                                  src\lib\I2C.o
                                                  src\lib\UART.o
RCC_APB2PeriphClockLPModeCmd                      C:\Users\Gunnar\Atollic\TrueSTUDIO\ARM_workspace\BSP\Debug\libBSP.a(stm32f4xx_rcc.o)
RCC_APB2PeriphResetCmd                            C:\Users\Gunnar\Atollic\TrueSTUDIO\ARM_workspace\BSP\Debug\libBSP.a(stm32f4xx_rcc.o)
                                                  C:\Users\Gunnar\Atollic\TrueSTUDIO\ARM_workspace\BSP\Debug\libBSP.a(stm32f4xx_usart.o)
RCC_AdjustHSICalibrationValue                     C:\Users\Gunnar\Atollic\TrueSTUDIO\ARM_workspace\BSP\Debug\libBSP.a(stm32f4xx_rcc.o)
RCC_BackupResetCmd                                C:\Users\Gunnar\Atollic\TrueSTUDIO\ARM_workspace\BSP\Debug\libBSP.a(stm32f4xx_rcc.o)
RCC_ClearFlag                                     C:\Users\Gunnar\Atollic\TrueSTUDIO\ARM_workspace\BSP\Debug\libBSP.a(stm32f4xx_rcc.o)
RCC_ClearITPendingBit                             C:\Users\Gunnar\Atollic\TrueSTUDIO\ARM_workspace\BSP\Debug\libBSP.a(stm32f4xx_rcc.o)
RCC_ClockSecuritySystemCmd                        C:\Users\Gunnar\Atollic\TrueSTUDIO\ARM_workspace\BSP\Debug\libBSP.a(stm32f4xx_rcc.o)
RCC_DeInit                                        C:\Users\Gunnar\Atollic\TrueSTUDIO\ARM_workspace\BSP\Debug\libBSP.a(stm32f4xx_rcc.o)
RCC_GetClocksFreq                                 C:\Users\Gunnar\Atollic\TrueSTUDIO\ARM_workspace\BSP\Debug\libBSP.a(stm32f4xx_rcc.o)
                                                  C:\Users\Gunnar\Atollic\TrueSTUDIO\ARM_workspace\BSP\Debug\libBSP.a(stm32f4xx_i2c.o)
                                                  C:\Users\Gunnar\Atollic\TrueSTUDIO\ARM_workspace\BSP\Debug\libBSP.a(stm32f4xx_usart.o)
RCC_GetFlagStatus                                 C:\Users\Gunnar\Atollic\TrueSTUDIO\ARM_workspace\BSP\Debug\libBSP.a(stm32f4xx_rcc.o)
RCC_GetITStatus                                   C:\Users\Gunnar\Atollic\TrueSTUDIO\ARM_workspace\BSP\Debug\libBSP.a(stm32f4xx_rcc.o)
RCC_GetSYSCLKSource                               C:\Users\Gunnar\Atollic\TrueSTUDIO\ARM_workspace\BSP\Debug\libBSP.a(stm32f4xx_rcc.o)
RCC_HCLKConfig                                    C:\Users\Gunnar\Atollic\TrueSTUDIO\ARM_workspace\BSP\Debug\libBSP.a(stm32f4xx_rcc.o)
RCC_HSEConfig                                     C:\Users\Gunnar\Atollic\TrueSTUDIO\ARM_workspace\BSP\Debug\libBSP.a(stm32f4xx_rcc.o)
RCC_HSICmd                                        C:\Users\Gunnar\Atollic\TrueSTUDIO\ARM_workspace\BSP\Debug\libBSP.a(stm32f4xx_rcc.o)
RCC_I2SCLKConfig                                  C:\Users\Gunnar\Atollic\TrueSTUDIO\ARM_workspace\BSP\Debug\libBSP.a(stm32f4xx_rcc.o)
RCC_IRQHandler                                    src\startup_stm32f40xx.o
RCC_ITConfig                                      C:\Users\Gunnar\Atollic\TrueSTUDIO\ARM_workspace\BSP\Debug\libBSP.a(stm32f4xx_rcc.o)
RCC_LSEConfig                                     C:\Users\Gunnar\Atollic\TrueSTUDIO\ARM_workspace\BSP\Debug\libBSP.a(stm32f4xx_rcc.o)
RCC_LSICmd                                        C:\Users\Gunnar\Atollic\TrueSTUDIO\ARM_workspace\BSP\Debug\libBSP.a(stm32f4xx_rcc.o)
RCC_MCO1Config                                    C:\Users\Gunnar\Atollic\TrueSTUDIO\ARM_workspace\BSP\Debug\libBSP.a(stm32f4xx_rcc.o)
RCC_MCO2Config                                    C:\Users\Gunnar\Atollic\TrueSTUDIO\ARM_workspace\BSP\Debug\libBSP.a(stm32f4xx_rcc.o)
RCC_PCLK1Config                                   C:\Users\Gunnar\Atollic\TrueSTUDIO\ARM_workspace\BSP\Debug\libBSP.a(stm32f4xx_rcc.o)
RCC_PCLK2Config                                   C:\Users\Gunnar\Atollic\TrueSTUDIO\ARM_workspace\BSP\Debug\libBSP.a(stm32f4xx_rcc.o)
RCC_PLLCmd                                        C:\Users\Gunnar\Atollic\TrueSTUDIO\ARM_workspace\BSP\Debug\libBSP.a(stm32f4xx_rcc.o)
RCC_PLLConfig                                     C:\Users\Gunnar\Atollic\TrueSTUDIO\ARM_workspace\BSP\Debug\libBSP.a(stm32f4xx_rcc.o)