Archive member included because of file (symbol)

C:\Users\Gunnar\Atollic\TrueSTUDIO\ARM_workspace\BSP\Debug\libBSP.a(stm32f4xx_usart.o)
                              src\lib\UART.o (USART_Init)
C:\Users\Gunnar\Atollic\TrueSTUDIO\ARM_workspace\BSP\Debug\libBSP.a(stm32f4xx_rcc.o)
                              C:\Users\Gunnar\Atollic\TrueSTUDIO\ARM_workspace\BSP\Debug\libBSP.a(stm32f4xx_usart.o) (RCC_GetClocksFreq)
C:\Users\Gunnar\Atollic\TrueSTUDIO\ARM_workspace\BSP\Debug\libBSP.a(stm32f4xx_i2c.o)
                              src\lib\I2C.o (I2C_DeInit)
C:\Users\Gunnar\Atollic\TrueSTUDIO\ARM_workspace\BSP\Debug\libBSP.a(stm32f4xx_gpio.o)
                              src\lib\can.o (GPIO_Init)
C:\Users\Gunnar\Atollic\TrueSTUDIO\ARM_workspace\BSP\Debug\libBSP.a(stm32f4xx_can.o)
                              src\lib\can.o (CAN_DeInit)
C:\Users\Gunnar\Atollic\TrueSTUDIO\ARM_workspace\BSP\Debug\libBSP.a(misc.o)
                              src\application\main.o (NVIC_PriorityGroupConfig)
C:\Users\Gunnar\Atollic\TrueSTUDIO\ARM_workspace\BSP\Debug\libBSP.a(system_stm32f4xx.o)
                              src\startup_stm32f40xx.o (SystemInit)
C:\Users\Gunnar\Atollic\TrueSTUDIO\ARM_workspace\FreeRTOS\Debug\libFreeRTOS.a(tasks.o)
                              src\application\CANGatekeeper.o (xTaskGenericCreate)
C:\Users\Gunnar\Atollic\TrueSTUDIO\ARM_workspace\FreeRTOS\Debug\libFreeRTOS.a(queue.o)
                              src\application\CANGatekeeper.o (xQueueGenericCreate)
C:\Users\Gunnar\Atollic\TrueSTUDIO\ARM_workspace\FreeRTOS\Debug\libFreeRTOS.a(heap_4.o)
                              C:\Users\Gunnar\Atollic\TrueSTUDIO\ARM_workspace\FreeRTOS\Debug\libFreeRTOS.a(tasks.o) (pvPortMalloc)
C:\Users\Gunnar\Atollic\TrueSTUDIO\ARM_workspace\FreeRTOS\Debug\libFreeRTOS.a(port.o)
                              C:\Users\Gunnar\Atollic\TrueSTUDIO\ARM_workspace\FreeRTOS\Debug\libFreeRTOS.a(tasks.o) (pxPortInitialiseStack)
C:\Users\Gunnar\Atollic\TrueSTUDIO\ARM_workspace\FreeRTOS\Debug\libFreeRTOS.a(list.o)
                              C:\Users\Gunnar\Atollic\TrueSTUDIO\ARM_workspace\FreeRTOS\Debug\libFreeRTOS.a(tasks.o) (vListInitialise)
C:\Users\Gunnar\Atollic\TrueSTUDIO\ARM_workspace\FreeRTOS\Debug\libFreeRTOS.a(timers.o)
                              C:\Users\Gunnar\Atollic\TrueSTUDIO\ARM_workspace\FreeRTOS\Debug\libFreeRTOS.a(tasks.o) (xTimerCreateTimerTask)
c:/program files/atollic/truestudio for arm pro 4.3.1/armtools/bin/../lib/gcc/arm-atollic-eabi/4.7.3/../../../../arm-atollic-eabi/lib/armv7e-m/fpu\libc_s.a(lib_a-atoi.o)
                              src\application\RFComm.o (atoi)
c:/program files/atollic/truestudio for arm pro 4.3.1/armtools/bin/../lib/gcc/arm-atollic-eabi/4.7.3/../../../../arm-atollic-eabi/lib/armv7e-m/fpu\libc_s.a(lib_a-init.o)
                              src\startup_stm32f40xx.o (__libc_init_array)
c:/program files/atollic/truestudio for arm pro 4.3.1/armtools/bin/../lib/gcc/arm-atollic-eabi/4.7.3/../../../../arm-atollic-eabi/lib/armv7e-m/fpu\libc_s.a(lib_a-memcmp.o)
                              C:\Users\Gunnar\Atollic\TrueSTUDIO\ARM_workspace\FreeRTOS\Debug\libFreeRTOS.a(tasks.o) (memcmp)
c:/program files/atollic/truestudio for arm pro 4.3.1/armtools/bin/../lib/gcc/arm-atollic-eabi/4.7.3/../../../../arm-atollic-eabi/lib/armv7e-m/fpu\libc_s.a(lib_a-memcpy.o)
                              C:\Users\Gunnar\Atollic\TrueSTUDIO\ARM_workspace\FreeRTOS\Debug\libFreeRTOS.a(queue.o) (memcpy)
c:/program files/atollic/truestudio for arm pro 4.3.1/armtools/bin/../lib/gcc/arm-atollic-eabi/4.7.3/../../../../arm-atollic-eabi/lib/armv7e-m/fpu\libc_s.a(lib_a-memset.o)
                              src\application\RFComm.o (memset)
c:/program files/atollic/truestudio for arm pro 4.3.1/armtools/bin/../lib/gcc/arm-atollic-eabi/4.7.3/../../../../arm-atollic-eabi/lib/armv7e-m/fpu\libc_s.a(lib_a-printf.o)
                              src\application\GyroTask.o (printf)
c:/program files/atollic/truestudio for arm pro 4.3.1/armtools/bin/../lib/gcc/arm-atollic-eabi/4.7.3/../../../../arm-atollic-eabi/lib/armv7e-m/fpu\libc_s.a(lib_a-puts.o)
                              src\application\GyroTask.o (puts)
c:/program files/atollic/truestudio for arm pro 4.3.1/armtools/bin/../lib/gcc/arm-atollic-eabi/4.7.3/../../../../arm-atollic-eabi/lib/armv7e-m/fpu\libc_s.a(lib_a-sprintf.o)
                              src\application\RFComm.o (sprintf)
c:/program files/atollic/truestudio for arm pro 4.3.1/armtools/bin/../lib/gcc/arm-atollic-eabi/4.7.3/../../../../arm-atollic-eabi/lib/armv7e-m/fpu\libc_s.a(lib_a-strcat.o)
                              src\application\RFComm.o (strcat)
c:/program files/atollic/truestudio for arm pro 4.3.1/armtools/bin/../lib/gcc/arm-atollic-eabi/4.7.3/../../../../arm-atollic-eabi/lib/armv7e-m/fpu\libc_s.a(lib_a-strcpy.o)
                              src\application\RFComm.o (strcpy)
[...]
Memory Configuration

Name             Origin             Length             Attributes
FLASH            0x08000000         0x00100000         xr
RAM              0x20000000         0x00020000         xrw
MEMORY_B1        0x60000000         0x00000000         xr
CCMRAM           0x10000000         0x00010000         rw
*default*        0x00000000         0xffffffff

Linker script and memory map

LOAD c:/program files/atollic/truestudio for arm pro 4.3.1/armtools/bin/../lib/gcc/arm-atollic-eabi/4.7.3/armv7e-m/fpu/crti.o
LOAD c:/program files/atollic/truestudio for arm pro 4.3.1/armtools/bin/../lib/gcc/arm-atollic-eabi/4.7.3/armv7e-m/fpu/crtbegin.o
LOAD src\startup_stm32f40xx.o
LOAD src\lib\can.o
LOAD src\lib\UART.o
LOAD src\lib\I2C.o
LOAD src\application\main.o
LOAD src\application\Trilateration.o
LOAD src\application\RFComm.o
LOAD src\application\GyroTask.o
LOAD src\application\CANGatekeeper.o
LOAD C:\Users\Gunnar\Atollic\TrueSTUDIO\ARM_workspace\BSP\Debug\libBSP.a
LOAD C:\Users\Gunnar\Atollic\TrueSTUDIO\ARM_workspace\FreeRTOS\Debug\libFreeRTOS.a
START GROUP
LOAD c:/program files/atollic/truestudio for arm pro 4.3.1/armtools/bin/../lib/gcc/arm-atollic-eabi/4.7.3/../../../../arm-atollic-eabi/lib/armv7e-m/fpu\libc_s.a
LOAD c:/program files/atollic/truestudio for arm pro 4.3.1/armtools/bin/../lib/gcc/arm-atollic-eabi/4.7.3/../../../../arm-atollic-eabi/lib/armv7e-m/fpu\libm.a
END GROUP
                0x00001000                malloc_getpagesize_P = 0x1000
START GROUP
LOAD c:/program files/atollic/truestudio for arm pro 4.3.1/armtools/bin/../lib/gcc/arm-atollic-eabi/4.7.3/armv7e-m/fpu\libgcc.a
LOAD c:/program files/atollic/truestudio for arm pro 4.3.1/armtools/bin/../lib/gcc/arm-atollic-eabi/4.7.3/../../../../arm-atollic-eabi/lib/armv7e-m/fpu\libc.a
END GROUP
LOAD c:/program files/atollic/truestudio for arm pro 4.3.1/armtools/bin/../lib/gcc/arm-atollic-eabi/4.7.3/armv7e-m/fpu/crtend.o
LOAD c:/program files/atollic/truestudio for arm pro 4.3.1/armtools/bin/../lib/gcc/arm-atollic-eabi/4.7.3/armv7e-m/fpu/crtn.o
                0x20020000                _estack = 0x20020000
                0x00000000                _Min_Heap_Size = 0x0
                0x00000400                _Min_Stack_Size = 0x400

.isr_vector     0x08000000      0x188
                0x08000000                . = ALIGN (0x4)
 *(.isr_vector)
 .isr_vector    0x08000000      0x188 src\startup_stm32f40xx.o
                0x08000000                g_pfnVectors
                0x08000188                . = ALIGN (0x4)

.text           0x08000188     0x442c
                0x08000188                . = ALIGN (0x4)
 *(.text)
 .text          0x08000188       0x54 c:/program files/atollic/truestudio for arm pro 4.3.1/armtools/bin/../lib/gcc/arm-atollic-eabi/4.7.3/armv7e-m/fpu/crtbegin.o
 *(.text*)
 .text.Reset_Handler
                0x080001dc       0x58 src\startup_stm32f40xx.o
                0x080001dc                Reset_Handler
 .text.Default_Handler
                0x08000234        0x4 src\startup_stm32f40xx.o
                0x08000234                RTC_Alarm_IRQHandler
                0x08000234                HASH_RNG_IRQHandler
                0x08000234                EXTI2_IRQHandler
                0x08000234                TIM8_CC_IRQHandler
                0x08000234                DebugMon_Handler
                0x08000234                TIM1_CC_IRQHandler
                0x08000234                DMA2_Stream5_IRQHandler
                0x08000234                HardFault_Handler
                0x08000234                DMA1_Stream5_IRQHandler
                0x08000234                PVD_IRQHandler
                0x08000234                SDIO_IRQHandler
                0x08000234                TAMP_STAMP_IRQHandler
                0x08000234                NMI_Handler
                0x08000234                CAN2_RX1_IRQHandler
                0x08000234                EXTI3_IRQHandler
                0x08000234                TIM8_TRG_COM_TIM14_IRQHandler
                0x08000234                TIM1_UP_TIM10_IRQHandler
                0x08000234                TIM8_UP_TIM13_IRQHandler
                0x08000234                I2C3_ER_IRQHandler
                0x08000234                EXTI0_IRQHandler
                0x08000234                I2C2_EV_IRQHandler
                0x08000234                DMA1_Stream2_IRQHandler
                0x08000234                FPU_IRQHandler
                0x08000234                OTG_HS_WKUP_IRQHandler
                0x08000234                UsageFault_Handler
                0x08000234                CAN2_SCE_IRQHandler
                0x08000234                DMA2_Stream2_IRQHandler
                0x08000234                SPI1_IRQHandler
                0x08000234                TIM6_DAC_IRQHandler
                0x08000234                TIM1_BRK_TIM9_IRQHandler
                0x08000234                DCMI_IRQHandler
                0x08000234                CAN2_RX0_IRQHandler
                0x08000234                DMA2_Stream3_IRQHandler
                0x08000234                USART6_IRQHandler
                0x08000234                USART3_IRQHandler
                0x08000234                CRYP_IRQHandler
                0x08000234                CAN1_RX1_IRQHandler
                0x08000234                UART5_IRQHandler
                0x08000234                DMA2_Stream0_IRQHandler
                0x08000234                TIM4_IRQHandler
                0x08000234                I2C1_EV_IRQHandler
                0x08000234                DMA1_Stream6_IRQHandler
                0x08000234                DMA1_Stream1_IRQHandler
                0x08000234                UART4_IRQHandler
                0x08000234                TIM3_IRQHandler
                0x08000234                RCC_IRQHandler
                0x08000234                TIM8_BRK_TIM12_IRQHandler
                0x08000234                Default_Handler
                0x08000234                EXTI15_10_IRQHandler
                0x08000234                ADC_IRQHandler
                0x08000234                DMA1_Stream7_IRQHandler
                0x08000234                TIM7_IRQHandler
                0x08000234                CAN2_TX_IRQHandler
                0x08000234                TIM5_IRQHandler
                0x08000234                DMA2_Stream7_IRQHandler
                0x08000234                I2C3_EV_IRQHandler
                0x08000234                EXTI9_5_IRQHandler
                0x08000234                RTC_WKUP_IRQHandler
                0x08000234                ETH_WKUP_IRQHandler
                0x08000234                SPI2_IRQHandler
                0x08000234                OTG_HS_EP1_IN_IRQHandler
                0x08000234                MemManage_Handler
                0x08000234                DMA1_Stream0_IRQHandler
                0x08000234                CAN1_TX_IRQHandler
                0x08000234                EXTI4_IRQHandler
                0x08000234                FSMC_IRQHandler
                0x08000234                ETH_IRQHandler
                0x08000234                OTG_HS_EP1_OUT_IRQHandler
                0x08000234                WWDG_IRQHandler
                0x08000234                TIM2_IRQHandler
                0x08000234                OTG_FS_WKUP_IRQHandler
                0x08000234                TIM1_TRG_COM_TIM11_IRQHandler
                0x08000234                OTG_HS_IRQHandler
                0x08000234                EXTI1_IRQHandler
                0x08000234                USART2_IRQHandler
                0x08000234                I2C2_ER_IRQHandler
                0x08000234                DMA2_Stream1_IRQHandler
                0x08000234                CAN1_SCE_IRQHandler
                0x08000234                FLASH_IRQHandler
                0x08000234                DMA2_Stream4_IRQHandler
                0x08000234                BusFault_Handler
                0x08000234                OTG_FS_IRQHandler
                0x08000234                SPI3_IRQHandler
                0x08000234                DMA1_Stream4_IRQHandler
                0x08000234                DMA2_Stream6_IRQHandler
                0x08000234                DMA1_Stream3_IRQHandler
 .text.initCAN  0x08000238      0x1c4 src\lib\can.o
                0x08000238                initCAN
 .text.setCANFilter
                0x080003fc      0x138 src\lib\can.o
                0x080003fc                setCANFilter
 .text.initCANInterrupt
                0x08000534       0x30 src\lib\can.o
 .text.CAN1_RX0_IRQHandler
                0x08000564       0x3c src\lib\can.o
                0x08000564                CAN1_RX0_IRQHandler
 .text.I2C1_ER_IRQHandler
                0x080005a0       0x54 src\lib\I2C.o
                0x080005a0                I2C1_ER_IRQHandler
 .text.posRequest
                0x080005f4       0x1c src\application\main.o
                0x080005f4                posRequest
 .text.main     0x08000610       0x28 src\application\main.o
                0x08000610                main
 .text.vApplicationMallocFailedHook
                0x08000638        0xc src\application\main.o
                0x08000638                vApplicationMallocFailedHook
 .text.vApplicationStackOverflowHook
                0x08000644       0x10 src\application\main.o
                0x08000644                vApplicationStackOverflowHook
 .text.USART1_IRQHandler
                0x08000654       0x98 src\application\RFComm.o
                0x08000654                USART1_IRQHandler
 .text.initCANGatekeeper
                0x080006ec       0xb8 src\application\CANGatekeeper.o
                0x080006ec                initCANGatekeeper
 .text.setFunctionCANListener
                0x080007a4       0xc0 src\application\CANGatekeeper.o
                0x080007a4                setFunctionCANListener
 .text.createCANMessage
                0x08000864       0xa0 src\application\CANGatekeeper.o
                0x08000864                createCANMessage
 .text.txNaviPositionResponse
                0x08000904       0x28 src\application\CANGatekeeper.o
                0x08000904                txNaviPositionResponse
 .text.txPositionResponse
                0x0800092c       0x80 src\application\CANGatekeeper.o
 .text.rxEmergencyStop
                0x080009ac       0x28 src\application\CANGatekeeper.o
 .text.rxGotoXY
                0x080009d4       0xc8 src\application\CANGatekeeper.o
 .text.rxGotoStateResponse
                0x08000a9c       0x40 src\application\CANGatekeeper.o
 .text.rxPositionResponse
                0x08000adc       0x84 src\application\CANGatekeeper.o
 .text.rxStartConfigurationSet
                0x08000b60       0x80 src\application\CANGatekeeper.o
 .text.vCANRx   0x08000be0      0x238 src\application\CANGatekeeper.o
 .text.vCANTx   0x08000e18       0xbc src\application\CANGatekeeper.o
 .text.catchCANRx
                0x08000ed4       0x34 src\application\CANGatekeeper.o
 .text.USART_ReceiveData
                0x08000f08       0x24 C:\Users\Gunnar\Atollic\TrueSTUDIO\ARM_workspace\BSP\Debug\libBSP.a(stm32f4xx_usart.o)
                0x08000f08                USART_ReceiveData
 .text.USART_GetITStatus
                0x08000f2c       0xc4 C:\Users\Gunnar\Atollic\TrueSTUDIO\ARM_workspace\BSP\Debug\libBSP.a(stm32f4xx_usart.o)
                0x08000f2c                USART_GetITStatus
 .text.RCC_AHB1PeriphClockCmd
                0x08000ff0       0x54 C:\Users\Gunnar\Atollic\TrueSTUDIO\ARM_workspace\BSP\Debug\libBSP.a(stm32f4xx_rcc.o)
                0x08000ff0                RCC_AHB1PeriphClockCmd
 .text.RCC_APB1PeriphClockCmd
                0x08001044       0x54 C:\Users\Gunnar\Atollic\TrueSTUDIO\ARM_workspace\BSP\Debug\libBSP.a(stm32f4xx_rcc.o)
                0x08001044                RCC_APB1PeriphClockCmd
 .text.RCC_APB1PeriphResetCmd
                0x08001098       0x54 C:\Users\Gunnar\Atollic\TrueSTUDIO\ARM_workspace\BSP\Debug\libBSP.a(stm32f4xx_rcc.o)
                0x08001098                RCC_APB1PeriphResetCmd
 .text.I2C_GenerateSTOP
                0x080010ec       0x40 C:\Users\Gunnar\Atollic\TrueSTUDIO\ARM_workspace\BSP\Debug\libBSP.a(stm32f4xx_i2c.o)
                0x080010ec                I2C_GenerateSTOP
 .text.I2C_ClearFlag
                0x0800112c       0x30 C:\Users\Gunnar\Atollic\TrueSTUDIO\ARM_workspace\BSP\Debug\libBSP.a(stm32f4xx_i2c.o)
                0x0800112c                I2C_ClearFlag
 .text.GPIO_Init
                0x0800115c      0x144 C:\Users\Gunnar\Atollic\TrueSTUDIO\ARM_workspace\BSP\Debug\libBSP.a(stm32f4xx_gpio.o)
                0x0800115c                GPIO_Init
 .text.GPIO_PinAFConfig
                0x080012a0       0xa8 C:\Users\Gunnar\Atollic\TrueSTUDIO\ARM_workspace\BSP\Debug\libBSP.a(stm32f4xx_gpio.o)
                0x080012a0                GPIO_PinAFConfig
 .text.CAN_DeInit
                0x08001348       0x50 C:\Users\Gunnar\Atollic\TrueSTUDIO\ARM_workspace\BSP\Debug\libBSP.a(stm32f4xx_can.o)
                0x08001348                CAN_DeInit
 .text.CAN_Init
                0x08001398      0x1bc C:\Users\Gunnar\Atollic\TrueSTUDIO\ARM_workspace\BSP\Debug\libBSP.a(stm32f4xx_can.o)
                0x08001398                CAN_Init
 .text.CAN_FilterInit
                0x08001554      0x210 C:\Users\Gunnar\Atollic\TrueSTUDIO\ARM_workspace\BSP\Debug\libBSP.a(stm32f4xx_can.o)
                0x08001554                CAN_FilterInit
 .text.CAN_Transmit
                0x08001764      0x1dc C:\Users\Gunnar\Atollic\TrueSTUDIO\ARM_workspace\BSP\Debug\libBSP.a(stm32f4xx_can.o)
                0x08001764                CAN_Transmit
 .text.CAN_Receive
                0x08001940      0x1a8 C:\Users\Gunnar\Atollic\TrueSTUDIO\ARM_workspace\BSP\Debug\libBSP.a(stm32f4xx_can.o)
                0x08001940                CAN_Receive
 .text.CAN_ITConfig
                0x08001ae8       0x3c C:\Users\Gunnar\Atollic\TrueSTUDIO\ARM_workspace\BSP\Debug\libBSP.a(stm32f4xx_can.o)
                0x08001ae8                CAN_ITConfig
 .text.NVIC_PriorityGroupConfig
                0x08001b24       0x28 C:\Users\Gunnar\Atollic\TrueSTUDIO\ARM_workspace\BSP\Debug\libBSP.a(misc.o)
                0x08001b24                NVIC_PriorityGroupConfig
 .text.NVIC_Init
                0x08001b4c       0xe4 C:\Users\Gunnar\Atollic\TrueSTUDIO\ARM_workspace\BSP\Debug\libBSP.a(misc.o)
                0x08001b4c                NVIC_Init
 .text.SystemInit
                0x08001c30       0xb0 C:\Users\Gunnar\Atollic\TrueSTUDIO\ARM_workspace\BSP\Debug\libBSP.a(system_stm32f4xx.o)
                0x08001c30                SystemInit
 .text.SetSysClock
                0x08001ce0      0x188 C:\Users\Gunnar\Atollic\TrueSTUDIO\ARM_workspace\BSP\Debug\libBSP.a(system_stm32f4xx.o)
 .text.xTaskGenericCreate
                0x08001e68      0x1c0 C:\Users\Gunnar\Atollic\TrueSTUDIO\ARM_workspace\FreeRTOS\Debug\libFreeRTOS.a(tasks.o)
                0x08001e68                xTaskGenericCreate
 .text.vTaskDelayUntil
                0x08002028       0xbc C:\Users\Gunnar\Atollic\TrueSTUDIO\ARM_workspace\FreeRTOS\Debug\libFreeRTOS.a(tasks.o)
                0x08002028                vTaskDelayUntil
 .text.vTaskStartScheduler
                0x080020e4       0x88 C:\Users\Gunnar\Atollic\TrueSTUDIO\ARM_workspace\FreeRTOS\Debug\libFreeRTOS.a(tasks.o)
                0x080020e4                vTaskStartScheduler
 .text.vTaskSuspendAll
                0x0800216c       0x24 C:\Users\Gunnar\Atollic\TrueSTUDIO\ARM_workspace\FreeRTOS\Debug\libFreeRTOS.a(tasks.o)
                0x0800216c                vTaskSuspendAll
 .text.xTaskResumeAll
                0x08002190      0x17c C:\Users\Gunnar\Atollic\TrueSTUDIO\ARM_workspace\FreeRTOS\Debug\libFreeRTOS.a(tasks.o)
                0x08002190                xTaskResumeAll
 .text.xTaskGetTickCount
                0x0800230c       0x28 C:\Users\Gunnar\Atollic\TrueSTUDIO\ARM_workspace\FreeRTOS\Debug\libFreeRTOS.a(tasks.o)
                0x0800230c                xTaskGetTickCount
 .text.xTaskIncrementTick
                0x08002334      0x234 C:\Users\Gunnar\Atollic\TrueSTUDIO\ARM_workspace\FreeRTOS\Debug\libFreeRTOS.a(tasks.o)
                0x08002334                xTaskIncrementTick
 .text.vTaskSwitchContext
                0x08002568      0x154 C:\Users\Gunnar\Atollic\TrueSTUDIO\ARM_workspace\FreeRTOS\Debug\libFreeRTOS.a(tasks.o)
                0x08002568                vTaskSwitchContext
 .text.vTaskPlaceOnEventList
                0x080026bc       0x84 C:\Users\Gunnar\Atollic\TrueSTUDIO\ARM_workspace\FreeRTOS\Debug\libFreeRTOS.a(tasks.o)
                0x080026bc                vTaskPlaceOnEventList
 .text.vTaskPlaceOnEventListRestricted
                0x08002740       0x60 C:\Users\Gunnar\Atollic\TrueSTUDIO\ARM_workspace\FreeRTOS\Debug\libFreeRTOS.a(tasks.o)
                0x08002740                vTaskPlaceOnEventListRestricted
 .text.xTaskRemoveFromEventList
                0x080027a0       0xd0 C:\Users\Gunnar\Atollic\TrueSTUDIO\ARM_workspace\FreeRTOS\Debug\libFreeRTOS.a(tasks.o)
                0x080027a0                xTaskRemoveFromEventList
 .text.vTaskSetTimeOutState
                0x08002870       0x38 C:\Users\Gunnar\Atollic\TrueSTUDIO\ARM_workspace\FreeRTOS\Debug\libFreeRTOS.a(tasks.o)
                0x08002870                vTaskSetTimeOutState
 .text.xTaskCheckForTimeOut
                0x080028a8       0xb0 C:\Users\Gunnar\Atollic\TrueSTUDIO\ARM_workspace\FreeRTOS\Debug\libFreeRTOS.a(tasks.o)
                0x080028a8                xTaskCheckForTimeOut
 .text.vTaskMissedYield
                0x08002958       0x18 C:\Users\Gunnar\Atollic\TrueSTUDIO\ARM_workspace\FreeRTOS\Debug\libFreeRTOS.a(tasks.o)
                0x08002958                vTaskMissedYield
 .text.prvIdleTask
                0x08002970       0x24 C:\Users\Gunnar\Atollic\TrueSTUDIO\ARM_workspace\FreeRTOS\Debug\libFreeRTOS.a(tasks.o)
 .text.prvInitialiseTCBVariables
                0x08002994       0xa0 C:\Users\Gunnar\Atollic\TrueSTUDIO\ARM_workspace\FreeRTOS\Debug\libFreeRTOS.a(tasks.o)
 .text.prvInitialiseTaskLists
                0x08002a34       0xa4 C:\Users\Gunnar\Atollic\TrueSTUDIO\ARM_workspace\FreeRTOS\Debug\libFreeRTOS.a(tasks.o)
 .text.prvCheckTasksWaitingTermination
                0x08002ad8       0x9c C:\Users\Gunnar\Atollic\TrueSTUDIO\ARM_workspace\FreeRTOS\Debug\libFreeRTOS.a(tasks.o)
 .text.prvAddCurrentTaskToDelayedList
                0x08002b74       0x8c C:\Users\Gunnar\Atollic\TrueSTUDIO\ARM_workspace\FreeRTOS\Debug\libFreeRTOS.a(tasks.o)
 .text.prvAllocateTCBAndStack
                0x08002c00       0x70 C:\Users\Gunnar\Atollic\TrueSTUDIO\ARM_workspace\FreeRTOS\Debug\libFreeRTOS.a(tasks.o)
 .text.prvDeleteTCB
                0x08002c70       0x20 C:\Users\Gunnar\Atollic\TrueSTUDIO\ARM_workspace\FreeRTOS\Debug\libFreeRTOS.a(tasks.o)
 .text.xTaskGetCurrentTaskHandle
                0x08002c90       0x20 C:\Users\Gunnar\Atollic\TrueSTUDIO\ARM_workspace\FreeRTOS\Debug\libFreeRTOS.a(tasks.o)
                0x08002c90                xTaskGetCurrentTaskHandle
 .text.xTaskGetSchedulerState
                0x08002cb0       0x48 C:\Users\Gunnar\Atollic\TrueSTUDIO\ARM_workspace\FreeRTOS\Debug\libFreeRTOS.a(tasks.o)
                0x08002cb0                xTaskGetSchedulerState
 .text.vTaskPriorityInherit
                0x08002cf8       0xe8 C:\Users\Gunnar\Atollic\TrueSTUDIO\ARM_workspace\FreeRTOS\Debug\libFreeRTOS.a(tasks.o)
                0x08002cf8                vTaskPriorityInherit
 .text.vTaskPriorityDisinherit
                0x08002de0       0x90 C:\Users\Gunnar\Atollic\TrueSTUDIO\ARM_workspace\FreeRTOS\Debug\libFreeRTOS.a(tasks.o)
                0x08002de0                vTaskPriorityDisinherit
 .text.xQueueGenericReset
                0x08002e70       0xc0 C:\Users\Gunnar\Atollic\TrueSTUDIO\ARM_workspace\FreeRTOS\Debug\libFreeRTOS.a(queue.o)
                0x08002e70                xQueueGenericReset
 .text.xQueueGenericCreate
                0x08002f30       0x90 C:\Users\Gunnar\Atollic\TrueSTUDIO\ARM_workspace\FreeRTOS\Debug\libFreeRTOS.a(queue.o)
                0x08002f30                xQueueGenericCreate
 .text.xQueueGenericSend
                0x08002fc0      0x178 C:\Users\Gunnar\Atollic\TrueSTUDIO\ARM_workspace\FreeRTOS\Debug\libFreeRTOS.a(queue.o)
                0x08002fc0                xQueueGenericSend
 .text.xQueueGenericSendFromISR
                0x08003138       0xe8 C:\Users\Gunnar\Atollic\TrueSTUDIO\ARM_workspace\FreeRTOS\Debug\libFreeRTOS.a(queue.o)
                0x08003138                xQueueGenericSendFromISR
 .text.xQueueGenericReceive
                0x08003220      0x1b8 C:\Users\Gunnar\Atollic\TrueSTUDIO\ARM_workspace\FreeRTOS\Debug\libFreeRTOS.a(queue.o)
                0x08003220                xQueueGenericReceive
 .text.prvCopyDataToQueue
                0x080033d8       0xdc C:\Users\Gunnar\Atollic\TrueSTUDIO\ARM_workspace\FreeRTOS\Debug\libFreeRTOS.a(queue.o)
 .text.prvCopyDataFromQueue
                0x080034b4       0x50 C:\Users\Gunnar\Atollic\TrueSTUDIO\ARM_workspace\FreeRTOS\Debug\libFreeRTOS.a(queue.o)
 .text.prvUnlockQueue
                0x08003504       0xa0 C:\Users\Gunnar\Atollic\TrueSTUDIO\ARM_workspace\FreeRTOS\Debug\libFreeRTOS.a(queue.o)
 .text.prvIsQueueEmpty
                0x080035a4       0x34 C:\Users\Gunnar\Atollic\TrueSTUDIO\ARM_workspace\FreeRTOS\Debug\libFreeRTOS.a(queue.o)
 .text.prvIsQueueFull
                0x080035d8       0x38 C:\Users\Gunnar\Atollic\TrueSTUDIO\ARM_workspace\FreeRTOS\Debug\libFreeRTOS.a(queue.o)
 .text.vQueueWaitForMessageRestricted
                0x08003610       0x60 C:\Users\Gunnar\Atollic\TrueSTUDIO\ARM_workspace\FreeRTOS\Debug\libFreeRTOS.a(queue.o)
                0x08003610                vQueueWaitForMessageRestricted
 .text.pvPortMalloc
                0x08003670      0x164 C:\Users\Gunnar\Atollic\TrueSTUDIO\ARM_workspace\FreeRTOS\Debug\libFreeRTOS.a(heap_4.o)
                0x08003670                pvPortMalloc
 .text.vPortFree
                0x080037d4       0xb8 C:\Users\Gunnar\Atollic\TrueSTUDIO\ARM_workspace\FreeRTOS\Debug\libFreeRTOS.a(heap_4.o)
                0x080037d4                vPortFree
 .text.prvHeapInit
                0x0800388c       0xf8 C:\Users\Gunnar\Atollic\TrueSTUDIO\ARM_workspace\FreeRTOS\Debug\libFreeRTOS.a(heap_4.o)
 .text.prvInsertBlockIntoFreeList
                0x08003984       0xbc C:\Users\Gunnar\Atollic\TrueSTUDIO\ARM_workspace\FreeRTOS\Debug\libFreeRTOS.a(heap_4.o)
 .text.pxPortInitialiseStack
                0x08003a40       0x70 C:\Users\Gunnar\Atollic\TrueSTUDIO\ARM_workspace\FreeRTOS\Debug\libFreeRTOS.a(port.o)
                0x08003a40                pxPortInitialiseStack
 .text.SVC_Handler
                0x08003ab0       0x1c C:\Users\Gunnar\Atollic\TrueSTUDIO\ARM_workspace\FreeRTOS\Debug\libFreeRTOS.a(port.o)
                0x08003ab0                SVC_Handler
 .text.prvPortStartFirstTask
                0x08003acc       0x14 C:\Users\Gunnar\Atollic\TrueSTUDIO\ARM_workspace\FreeRTOS\Debug\libFreeRTOS.a(port.o)
 .text.xPortStartScheduler
                0x08003ae0      0x124 C:\Users\Gunnar\Atollic\TrueSTUDIO\ARM_workspace\FreeRTOS\Debug\libFreeRTOS.a(port.o)
                0x08003ae0                xPortStartScheduler
 .text.vPortYield
                0x08003c04       0x20 C:\Users\Gunnar\Atollic\TrueSTUDIO\ARM_workspace\FreeRTOS\Debug\libFreeRTOS.a(port.o)
                0x08003c04                vPortYield
 .text.vPortEnterCritical
                0x08003c24       0x2c C:\Users\Gunnar\Atollic\TrueSTUDIO\ARM_workspace\FreeRTOS\Debug\libFreeRTOS.a(port.o)
                0x08003c24                vPortEnterCritical
 .text.vPortExitCritical
                0x08003c50       0x34 C:\Users\Gunnar\Atollic\TrueSTUDIO\ARM_workspace\FreeRTOS\Debug\libFreeRTOS.a(port.o)
                0x08003c50                vPortExitCritical
 .text.ulPortSetInterruptMask
                0x08003c84       0x14 C:\Users\Gunnar\Atollic\TrueSTUDIO\ARM_workspace\FreeRTOS\Debug\libFreeRTOS.a(port.o)
                0x08003c84                ulPortSetInterruptMask
 .text.vPortClearInterruptMask
                0x08003c98        0x8 C:\Users\Gunnar\Atollic\TrueSTUDIO\ARM_workspace\FreeRTOS\Debug\libFreeRTOS.a(port.o)
                0x08003c98                vPortClearInterruptMask
 .text.PendSV_Handler
                0x08003ca0       0x50 C:\Users\Gunnar\Atollic\TrueSTUDIO\ARM_workspace\FreeRTOS\Debug\libFreeRTOS.a(port.o)
                0x08003ca0                PendSV_Handler
 .text.SysTick_Handler
                0x08003cf0       0x2c C:\Users\Gunnar\Atollic\TrueSTUDIO\ARM_workspace\FreeRTOS\Debug\libFreeRTOS.a(port.o)
                0x08003cf0                SysTick_Handler
 .text.vPortSetupTimerInterrupt
                0x08003d1c       0x40 C:\Users\Gunnar\Atollic\TrueSTUDIO\ARM_workspace\FreeRTOS\Debug\libFreeRTOS.a(port.o)
                0x08003d1c                vPortSetupTimerInterrupt
 .text.vPortEnableVFP
                0x08003d5c       0x14 C:\Users\Gunnar\Atollic\TrueSTUDIO\ARM_workspace\FreeRTOS\Debug\libFreeRTOS.a(port.o)
 .text.vPortValidateInterruptPriority
                0x08003d70       0x64 C:\Users\Gunnar\Atollic\TrueSTUDIO\ARM_workspace\FreeRTOS\Debug\libFreeRTOS.a(port.o)
                0x08003d70                vPortValidateInterruptPriority
 .text.vListInitialise
                0x08003dd4       0x40 C:\Users\Gunnar\Atollic\TrueSTUDIO\ARM_workspace\FreeRTOS\Debug\libFreeRTOS.a(list.o)
                0x08003dd4                vListInitialise
 .text.vListInitialiseItem
                0x08003e14       0x1c C:\Users\Gunnar\Atollic\TrueSTUDIO\ARM_workspace\FreeRTOS\Debug\libFreeRTOS.a(list.o)
                0x08003e14                vListInitialiseItem
 .text.vListInsertEnd
                0x08003e30       0x48 C:\Users\Gunnar\Atollic\TrueSTUDIO\ARM_workspace\FreeRTOS\Debug\libFreeRTOS.a(list.o)
                0x08003e30                vListInsertEnd
 .text.vListInsert
                0x08003e78       0x74 C:\Users\Gunnar\Atollic\TrueSTUDIO\ARM_workspace\FreeRTOS\Debug\libFreeRTOS.a(list.o)
                0x08003e78                vListInsert
 .text.uxListRemove
                0x08003eec       0x58 C:\Users\Gunnar\Atollic\TrueSTUDIO\ARM_workspace\FreeRTOS\Debug\libFreeRTOS.a(list.o)
                0x08003eec                uxListRemove
 .text.xTimerCreateTimerTask
                0x08003f44       0x6c C:\Users\Gunnar\Atollic\TrueSTUDIO\ARM_workspace\FreeRTOS\Debug\libFreeRTOS.a(timers.o)
                0x08003f44                xTimerCreateTimerTask
 .text.xTimerGenericCommand
                0x08003fb0       0xac C:\Users\Gunnar\Atollic\TrueSTUDIO\ARM_workspace\FreeRTOS\Debug\libFreeRTOS.a(timers.o)
                0x08003fb0                xTimerGenericCommand
 .text.prvProcessExpiredTimer
                0x0800405c       0x7c C:\Users\Gunnar\Atollic\TrueSTUDIO\ARM_workspace\FreeRTOS\Debug\libFreeRTOS.a(timers.o)
 .text.prvTimerTask
                0x080040d8       0x24 C:\Users\Gunnar\Atollic\TrueSTUDIO\ARM_workspace\FreeRTOS\Debug\libFreeRTOS.a(timers.o)
 .text.prvProcessTimerOrBlockTask
                0x080040fc       0x74 C:\Users\Gunnar\Atollic\TrueSTUDIO\ARM_workspace\FreeRTOS\Debug\libFreeRTOS.a(timers.o)
 .text.prvGetNextExpireTime
                0x08004170       0x54 C:\Users\Gunnar\Atollic\TrueSTUDIO\ARM_workspace\FreeRTOS\Debug\libFreeRTOS.a(timers.o)
 .text.prvSampleTimeNow
                0x080041c4       0x58 C:\Users\Gunnar\Atollic\TrueSTUDIO\ARM_workspace\FreeRTOS\Debug\libFreeRTOS.a(timers.o)
 .text.prvInsertTimerInActiveList
                0x0800421c       0x94 C:\Users\Gunnar\Atollic\TrueSTUDIO\ARM_workspace\FreeRTOS\Debug\libFreeRTOS.a(timers.o)
 .text.prvProcessReceivedCommands
                0x080042b0      0x104 C:\Users\Gunnar\Atollic\TrueSTUDIO\ARM_workspace\FreeRTOS\Debug\libFreeRTOS.a(timers.o)
 .text.prvSwitchTimerLists
                0x080043b4       0xe8 C:\Users\Gunnar\Atollic\TrueSTUDIO\ARM_workspace\FreeRTOS\Debug\libFreeRTOS.a(timers.o)
 .text.prvCheckForValidListAndQueue
                0x0800449c       0x74 C:\Users\Gunnar\Atollic\TrueSTUDIO\ARM_workspace\FreeRTOS\Debug\libFreeRTOS.a(timers.o)
 .text.__libc_init_array
                0x08004510       0x4c c:/program files/atollic/truestudio for arm pro 4.3.1/armtools/bin/../lib/gcc/arm-atollic-eabi/4.7.3/../../../../arm-atollic-eabi/lib/armv7e-m/fpu\libc_s.a(lib_a-init.o)
                0x08004510                __libc_init_array
 .text.memcmp   0x0800455c       0x1e c:/program files/atollic/truestudio for arm pro 4.3.1/armtools/bin/../lib/gcc/arm-atollic-eabi/4.7.3/../../../../arm-atollic-eabi/lib/armv7e-m/fpu\libc_s.a(lib_a-memcmp.o)
                0x0800455c                memcmp
 .text.memcpy   0x0800457a       0x12 c:/program files/atollic/truestudio for arm pro 4.3.1/armtools/bin/../lib/gcc/arm-atollic-eabi/4.7.3/../../../../arm-atollic-eabi/lib/armv7e-m/fpu\libc_s.a(lib_a-memcpy.o)
                0x0800457a                memcpy
 .text.memset   0x0800458c       0x10 c:/program files/atollic/truestudio for arm pro 4.3.1/armtools/bin/../lib/gcc/arm-atollic-eabi/4.7.3/../../../../arm-atollic-eabi/lib/armv7e-m/fpu\libc_s.a(lib_a-memset.o)
                0x0800458c                memset
 *(.glue_7)
 .glue_7        0x00000000        0x0 linker stubs
 *(.glue_7t)
 .glue_7t       0x00000000        0x0 linker stubs
 *(.eh_frame)
 .eh_frame      0x0800459c        0x0 c:/program files/atollic/truestudio for arm pro 4.3.1/armtools/bin/../lib/gcc/arm-atollic-eabi/4.7.3/armv7e-m/fpu/crtbegin.o
 *(.init)
 .init          0x0800459c        0x4 c:/program files/atollic/truestudio for arm pro 4.3.1/armtools/bin/../lib/gcc/arm-atollic-eabi/4.7.3/armv7e-m/fpu/crti.o
                0x0800459c                _init
 .init          0x080045a0        0x8 c:/program files/atollic/truestudio for arm pro 4.3.1/armtools/bin/../lib/gcc/arm-atollic-eabi/4.7.3/armv7e-m/fpu/crtn.o
 *(.fini)
 .fini          0x080045a8        0x4 c:/program files/atollic/truestudio for arm pro 4.3.1/armtools/bin/../lib/gcc/arm-atollic-eabi/4.7.3/armv7e-m/fpu/crti.o
                0x080045a8                _fini
 .fini          0x080045ac        0x8 c:/program files/atollic/truestudio for arm pro 4.3.1/armtools/bin/../lib/gcc/arm-atollic-eabi/4.7.3/armv7e-m/fpu/crtn.o
                0x080045b4                . = ALIGN (0x4)
                0x080045b4                _etext = .

.vfp11_veneer   0x080045b4        0x0
 .vfp11_veneer  0x00000000        0x0 linker stubs

.v4_bx          0x080045b4        0x0
 .v4_bx         0x00000000        0x0 linker stubs

.iplt           0x080045b4        0x0
 .iplt          0x00000000        0x0 c:/program files/atollic/truestudio for arm pro 4.3.1/armtools/bin/../lib/gcc/arm-atollic-eabi/4.7.3/armv7e-m/fpu/crtbegin.o

.rodata         0x080045b4       0x40
                0x080045b4                . = ALIGN (0x4)
 *(.rodata)
 .rodata        0x080045b4       0x10 src\application\CANGatekeeper.o
 .rodata        0x080045c4        0x8 C:\Users\Gunnar\Atollic\TrueSTUDIO\ARM_workspace\FreeRTOS\Debug\libFreeRTOS.a(tasks.o)
 .rodata        0x080045cc        0x8 C:\Users\Gunnar\Atollic\TrueSTUDIO\ARM_workspace\FreeRTOS\Debug\libFreeRTOS.a(timers.o)
 *(.rodata*)
 .rodata.ucExpectedStackBytes.8600
                0x080045d4       0x14 C:\Users\Gunnar\Atollic\TrueSTUDIO\ARM_workspace\FreeRTOS\Debug\libFreeRTOS.a(tasks.o)
 .rodata.heapSTRUCT_SIZE
                0x080045e8        0x2 C:\Users\Gunnar\Atollic\TrueSTUDIO\ARM_workspace\FreeRTOS\Debug\libFreeRTOS.a(heap_4.o)
 *fill*         0x080045ea        0x2 00
 .rodata.xTotalHeapSize
                0x080045ec        0x4 C:\Users\Gunnar\Atollic\TrueSTUDIO\ARM_workspace\FreeRTOS\Debug\libFreeRTOS.a(heap_4.o)
 .rodata.pcInterruptPriorityRegisters
                0x080045f0        0x4 C:\Users\Gunnar\Atollic\TrueSTUDIO\ARM_workspace\FreeRTOS\Debug\libFreeRTOS.a(port.o)
                0x080045f4                . = ALIGN (0x4)

.rel.dyn        0x080045f4        0x0
 .rel.iplt      0x00000000        0x0 c:/program files/atollic/truestudio for arm pro 4.3.1/armtools/bin/../lib/gcc/arm-atollic-eabi/4.7.3/armv7e-m/fpu/crtbegin.o

.ARM.extab
 *(.ARM.extab* .gnu.linkonce.armextab.*)

.ARM            0x080045f4        0x0
                0x080045f4                __exidx_start = .
 *(.ARM.exidx*)
                0x080045f4                __exidx_end = .

.preinit_array  0x080045f4        0x0
                0x080045f4                PROVIDE (__preinit_array_start, .)
 *(.preinit_array*)
                0x080045f4                PROVIDE (__preinit_array_end, .)

.init_array     0x080045f4        0x4
                0x080045f4                PROVIDE (__init_array_start, .)
 *(SORT(.init_array.*))
 *(.init_array*)
 .init_array    0x080045f4        0x4 c:/program files/atollic/truestudio for arm pro 4.3.1/armtools/bin/../lib/gcc/arm-atollic-eabi/4.7.3/armv7e-m/fpu/crtbegin.o
                0x080045f8                PROVIDE (__init_array_end, .)

.fini_array     0x080045f8        0x4
                0x080045f8                PROVIDE (__fini_array_start, .)
 *(SORT(.fini_array.*))
 *(.fini_array*)
 .fini_array    0x080045f8        0x4 c:/program files/atollic/truestudio for arm pro 4.3.1/armtools/bin/../lib/gcc/arm-atollic-eabi/4.7.3/armv7e-m/fpu/crtbegin.o
                0x080045fc                PROVIDE (__fini_array_end, .)
                0x080045fc                _sidata = LOADADDR (.data)

.data           0x20000000       0x10 load address 0x080045fc
                0x20000000                . = ALIGN (0x4)
                0x20000000                _sdata = .
 *(.data)
 *(.data*)
 .data.SystemCoreClock
                0x20000000        0x4 C:\Users\Gunnar\Atollic\TrueSTUDIO\ARM_workspace\BSP\Debug\libBSP.a(system_stm32f4xx.o)
                0x20000000                SystemCoreClock
 .data.xNextTaskUnblockTime
                0x20000004        0x4 C:\Users\Gunnar\Atollic\TrueSTUDIO\ARM_workspace\FreeRTOS\Debug\libFreeRTOS.a(tasks.o)
 .data.xFreeBytesRemaining
                0x20000008        0x4 C:\Users\Gunnar\Atollic\TrueSTUDIO\ARM_workspace\FreeRTOS\Debug\libFreeRTOS.a(heap_4.o)
 .data.uxCriticalNesting
                0x2000000c        0x4 C:\Users\Gunnar\Atollic\TrueSTUDIO\ARM_workspace\FreeRTOS\Debug\libFreeRTOS.a(port.o)
                0x20000010                . = ALIGN (0x4)
                0x20000010                _edata = .
                0x0800460c                _siccmram = LOADADDR (.ccmram)

.jcr            0x20000010        0x0 load address 0x0800460c
 .jcr           0x20000010        0x0 c:/program files/atollic/truestudio for arm pro 4.3.1/armtools/bin/../lib/gcc/arm-atollic-eabi/4.7.3/armv7e-m/fpu/crtbegin.o

.igot.plt       0x20000010        0x0 load address 0x0800460c
 .igot.plt      0x00000000        0x0 c:/program files/atollic/truestudio for arm pro 4.3.1/armtools/bin/../lib/gcc/arm-atollic-eabi/4.7.3/armv7e-m/fpu/crtbegin.o

.ccmram         0x10000000        0x0 load address 0x0800460c
                0x10000000                . = ALIGN (0x4)
                0x10000000                _sccmram = .
 *(.ccmram)
 *(.ccmram*)
                0x10000000                . = ALIGN (0x4)
                0x10000000                _eccmram = .
                0x10000000                . = ALIGN (0x4)

.bss            0x20000010    0x12f90
                0x20000010                _sbss = .
                0x20000010                __bss_start__ = _sbss
 *(.bss)
 .bss           0x20000010       0x1c c:/program files/atollic/truestudio for arm pro 4.3.1/armtools/bin/../lib/gcc/arm-atollic-eabi/4.7.3/armv7e-m/fpu/crtbegin.o
 *(.bss*)
 .bss.rx_function
                0x2000002c        0x4 src\lib\can.o
 .bss.filter_bank
                0x20000030       0x70 src\lib\can.o
 .bss.filter_bank_number
                0x200000a0        0x1 src\lib\can.o
 .bss.filter_id_number.7459
                0x200000a1        0x1 src\lib\can.o
 .bss.i         0x200000a2        0x1 src\application\RFComm.o
                0x200000a2                i
 *fill*         0x200000a3        0x1 00
 .bss.qCANRx    0x200000a4        0x4 src\application\CANGatekeeper.o
 .bss.qCANTx    0x200000a8        0x4 src\application\CANGatekeeper.o
 .bss.can_listener_buffer
                0x200000ac       0xf0 src\application\CANGatekeeper.o
 .bss.current_buffer_size
                0x2000019c        0x1 src\application\CANGatekeeper.o
 *fill*         0x2000019d        0x3 00
 .bss.pxCurrentTCB
                0x200001a0        0x4 C:\Users\Gunnar\Atollic\TrueSTUDIO\ARM_workspace\FreeRTOS\Debug\libFreeRTOS.a(tasks.o)
                0x200001a0                pxCurrentTCB
 .bss.pxReadyTasksLists
                0x200001a4       0x64 C:\Users\Gunnar\Atollic\TrueSTUDIO\ARM_workspace\FreeRTOS\Debug\libFreeRTOS.a(tasks.o)
 .bss.xDelayedTaskList1
                0x20000208       0x14 C:\Users\Gunnar\Atollic\TrueSTUDIO\ARM_workspace\FreeRTOS\Debug\libFreeRTOS.a(tasks.o)
 .bss.xDelayedTaskList2
                0x2000021c       0x14 C:\Users\Gunnar\Atollic\TrueSTUDIO\ARM_workspace\FreeRTOS\Debug\libFreeRTOS.a(tasks.o)
 .bss.pxDelayedTaskList
                0x20000230        0x4 C:\Users\Gunnar\Atollic\TrueSTUDIO\ARM_workspace\FreeRTOS\Debug\libFreeRTOS.a(tasks.o)
 .bss.pxOverflowDelayedTaskList
                0x20000234        0x4 C:\Users\Gunnar\Atollic\TrueSTUDIO\ARM_workspace\FreeRTOS\Debug\libFreeRTOS.a(tasks.o)
 .bss.xPendingReadyList
                0x20000238       0x14 C:\Users\Gunnar\Atollic\TrueSTUDIO\ARM_workspace\FreeRTOS\Debug\libFreeRTOS.a(tasks.o)
 .bss.xTasksWaitingTermination
                0x2000024c       0x14 C:\Users\Gunnar\Atollic\TrueSTUDIO\ARM_workspace\FreeRTOS\Debug\libFreeRTOS.a(tasks.o)
 .bss.uxTasksDeleted
                0x20000260        0x4 C:\Users\Gunnar\Atollic\TrueSTUDIO\ARM_workspace\FreeRTOS\Debug\libFreeRTOS.a(tasks.o)
 .bss.xSuspendedTaskList
                0x20000264       0x14 C:\Users\Gunnar\Atollic\TrueSTUDIO\ARM_workspace\FreeRTOS\Debug\libFreeRTOS.a(tasks.o)
 .bss.uxCurrentNumberOfTasks
                0x20000278        0x4 C:\Users\Gunnar\Atollic\TrueSTUDIO\ARM_workspace\FreeRTOS\Debug\libFreeRTOS.a(tasks.o)
 .bss.xTickCount
                0x2000027c        0x4 C:\Users\Gunnar\Atollic\TrueSTUDIO\ARM_workspace\FreeRTOS\Debug\libFreeRTOS.a(tasks.o)
 .bss.uxTopReadyPriority
                0x20000280        0x4 C:\Users\Gunnar\Atollic\TrueSTUDIO\ARM_workspace\FreeRTOS\Debug\libFreeRTOS.a(tasks.o)
 .bss.xSchedulerRunning
                0x20000284        0x4 C:\Users\Gunnar\Atollic\TrueSTUDIO\ARM_workspace\FreeRTOS\Debug\libFreeRTOS.a(tasks.o)
 .bss.uxSchedulerSuspended
                0x20000288        0x4 C:\Users\Gunnar\Atollic\TrueSTUDIO\ARM_workspace\FreeRTOS\Debug\libFreeRTOS.a(tasks.o)
 .bss.uxPendedTicks
                0x2000028c        0x4 C:\Users\Gunnar\Atollic\TrueSTUDIO\ARM_workspace\FreeRTOS\Debug\libFreeRTOS.a(tasks.o)
 .bss.xYieldPending
                0x20000290        0x4 C:\Users\Gunnar\Atollic\TrueSTUDIO\ARM_workspace\FreeRTOS\Debug\libFreeRTOS.a(tasks.o)
 .bss.xNumOfOverflows
                0x20000294        0x4 C:\Users\Gunnar\Atollic\TrueSTUDIO\ARM_workspace\FreeRTOS\Debug\libFreeRTOS.a(tasks.o)
 .bss.uxTaskNumber
                0x20000298        0x4 C:\Users\Gunnar\Atollic\TrueSTUDIO\ARM_workspace\FreeRTOS\Debug\libFreeRTOS.a(tasks.o)
 .bss.ucHeap    0x2000029c    0x12c00 C:\Users\Gunnar\Atollic\TrueSTUDIO\ARM_workspace\FreeRTOS\Debug\libFreeRTOS.a(heap_4.o)
 .bss.xStart    0x20012e9c        0x8 C:\Users\Gunnar\Atollic\TrueSTUDIO\ARM_workspace\FreeRTOS\Debug\libFreeRTOS.a(heap_4.o)
 .bss.pxEnd     0x20012ea4        0x4 C:\Users\Gunnar\Atollic\TrueSTUDIO\ARM_workspace\FreeRTOS\Debug\libFreeRTOS.a(heap_4.o)
 .bss.xBlockAllocatedBit
                0x20012ea8        0x4 C:\Users\Gunnar\Atollic\TrueSTUDIO\ARM_workspace\FreeRTOS\Debug\libFreeRTOS.a(heap_4.o)
 .bss.ucMaxSysCallPriority
                0x20012eac        0x1 C:\Users\Gunnar\Atollic\TrueSTUDIO\ARM_workspace\FreeRTOS\Debug\libFreeRTOS.a(port.o)
 *fill*         0x20012ead        0x3 00
 .bss.ulMaxPRIGROUPValue
                0x20012eb0        0x4 C:\Users\Gunnar\Atollic\TrueSTUDIO\ARM_workspace\FreeRTOS\Debug\libFreeRTOS.a(port.o)
 .bss.xActiveTimerList1
                0x20012eb4       0x14 C:\Users\Gunnar\Atollic\TrueSTUDIO\ARM_workspace\FreeRTOS\Debug\libFreeRTOS.a(timers.o)
 .bss.xActiveTimerList2
                0x20012ec8       0x14 C:\Users\Gunnar\Atollic\TrueSTUDIO\ARM_workspace\FreeRTOS\Debug\libFreeRTOS.a(timers.o)
 .bss.pxCurrentTimerList
                0x20012edc        0x4 C:\Users\Gunnar\Atollic\TrueSTUDIO\ARM_workspace\FreeRTOS\Debug\libFreeRTOS.a(timers.o)
 .bss.pxOverflowTimerList
                0x20012ee0        0x4 C:\Users\Gunnar\Atollic\TrueSTUDIO\ARM_workspace\FreeRTOS\Debug\libFreeRTOS.a(timers.o)
 .bss.xTimerQueue
                0x20012ee4        0x4 C:\Users\Gunnar\Atollic\TrueSTUDIO\ARM_workspace\FreeRTOS\Debug\libFreeRTOS.a(timers.o)
 .bss.xLastTime.8449
                0x20012ee8        0x4 C:\Users\Gunnar\Atollic\TrueSTUDIO\ARM_workspace\FreeRTOS\Debug\libFreeRTOS.a(timers.o)
 *(COMMON)
 COMMON         0x20012eec       0xb3 src\application\RFComm.o
                0x20012eec                Filterstr
                0x20012ef8                RxMsg
                0x20012f90                stringout
                0x20012fa0                . = ALIGN (0x4)
 *fill*         0x20012f9f        0x1 00
                0x20012fa0                _ebss = .
                0x20012fa0                __bss_end__ = _ebss

._user_heap_stack
                0x20012fa0      0x400
                0x20012fa0                . = ALIGN (0x4)
                0x20012fa0                PROVIDE (end, .)
                0x20012fa0                PROVIDE (_end, .)
                0x20012fa0                . = (. + _Min_Heap_Size)
                0x200133a0                . = (. + _Min_Stack_Size)
 *fill*         0x20012fa0      0x400 00
                0x200133a0                . = ALIGN (0x4)

.memory_b1_text
 *(.mb1text)
 *(.mb1text*)
 *(.mb1rodata)
 *(.mb1rodata*)

/DISCARD/
 libc.a(*)
 libm.a(*)
 libgcc.a(*)

.ARM.attributes
                0x00000000       0x32
 *(.ARM.attributes)
 .ARM.attributes
                0x00000000       0x24 c:/program files/atollic/truestudio for arm pro 4.3.1/armtools/bin/../lib/gcc/arm-atollic-eabi/4.7.3/armv7e-m/fpu/crti.o
 .ARM.attributes
                0x00000024       0x36 c:/program files/atollic/truestudio for arm pro 4.3.1/armtools/bin/../lib/gcc/arm-atollic-eabi/4.7.3/armv7e-m/fpu/crtbegin.o
 .ARM.attributes
                0x0000005a       0x21 src\startup_stm32f40xx.o
 .ARM.attributes
                0x0000007b       0x3b src\lib\can.o
 .ARM.attributes
                0x000000b6       0x3b src\lib\I2C.o
 .ARM.attributes
                0x000000f1       0x3b src\application\main.o
 .ARM.attributes
                0x0000012c       0x3b src\application\RFComm.o
 .ARM.attributes
                0x00000167       0x3b src\application\CANGatekeeper.o
 .ARM.attributes
                0x000001a2       0x3b C:\Users\Gunnar\Atollic\TrueSTUDIO\ARM_workspace\BSP\Debug\libBSP.a(stm32f4xx_usart.o)
 .ARM.attributes
                0x000001dd       0x3b C:\Users\Gunnar\Atollic\TrueSTUDIO\ARM_workspace\BSP\Debug\libBSP.a(stm32f4xx_rcc.o)
 .ARM.attributes
                0x00000218       0x3b C:\Users\Gunnar\Atollic\TrueSTUDIO\ARM_workspace\BSP\Debug\libBSP.a(stm32f4xx_i2c.o)
 .ARM.attributes
                0x00000253       0x3b C:\Users\Gunnar\Atollic\TrueSTUDIO\ARM_workspace\BSP\Debug\libBSP.a(stm32f4xx_gpio.o)
 .ARM.attributes
                0x0000028e       0x3b C:\Users\Gunnar\Atollic\TrueSTUDIO\ARM_workspace\BSP\Debug\libBSP.a(stm32f4xx_can.o)
 .ARM.attributes
                0x000002c9       0x3b C:\Users\Gunnar\Atollic\TrueSTUDIO\ARM_workspace\BSP\Debug\libBSP.a(misc.o)
 .ARM.attributes
                0x00000304       0x3b C:\Users\Gunnar\Atollic\TrueSTUDIO\ARM_workspace\BSP\Debug\libBSP.a(system_stm32f4xx.o)
 .ARM.attributes
                0x0000033f       0x3b C:\Users\Gunnar\Atollic\TrueSTUDIO\ARM_workspace\FreeRTOS\Debug\libFreeRTOS.a(tasks.o)
 .ARM.attributes
                0x0000037a       0x3b C:\Users\Gunnar\Atollic\TrueSTUDIO\ARM_workspace\FreeRTOS\Debug\libFreeRTOS.a(queue.o)
 .ARM.attributes
                0x000003b5       0x3b C:\Users\Gunnar\Atollic\TrueSTUDIO\ARM_workspace\FreeRTOS\Debug\libFreeRTOS.a(heap_4.o)
 .ARM.attributes
                0x000003f0       0x3b C:\Users\Gunnar\Atollic\TrueSTUDIO\ARM_workspace\FreeRTOS\Debug\libFreeRTOS.a(port.o)
 .ARM.attributes
                0x0000042b       0x3b C:\Users\Gunnar\Atollic\TrueSTUDIO\ARM_workspace\FreeRTOS\Debug\libFreeRTOS.a(list.o)
 .ARM.attributes
                0x00000466       0x3b C:\Users\Gunnar\Atollic\TrueSTUDIO\ARM_workspace\FreeRTOS\Debug\libFreeRTOS.a(timers.o)
 .ARM.attributes
                0x000004a1       0x36 c:/program files/atollic/truestudio for arm pro 4.3.1/armtools/bin/../lib/gcc/arm-atollic-eabi/4.7.3/../../../../arm-atollic-eabi/lib/armv7e-m/fpu\libc_s.a(lib_a-init.o)
 .ARM.attributes
                0x000004d7       0x36 c:/program files/atollic/truestudio for arm pro 4.3.1/armtools/bin/../lib/gcc/arm-atollic-eabi/4.7.3/../../../../arm-atollic-eabi/lib/armv7e-m/fpu\libc_s.a(lib_a-memcmp.o)
 .ARM.attributes
                0x0000050d       0x36 c:/program files/atollic/truestudio for arm pro 4.3.1/armtools/bin/../lib/gcc/arm-atollic-eabi/4.7.3/../../../../arm-atollic-eabi/lib/armv7e-m/fpu\libc_s.a(lib_a-memcpy.o)
 .ARM.attributes
                0x00000543       0x36 c:/program files/atollic/truestudio for arm pro 4.3.1/armtools/bin/../lib/gcc/arm-atollic-eabi/4.7.3/../../../../arm-atollic-eabi/lib/armv7e-m/fpu\libc_s.a(lib_a-memset.o)
 .ARM.attributes
                0x00000579       0x24 c:/program files/atollic/truestudio for arm pro 4.3.1/armtools/bin/../lib/gcc/arm-atollic-eabi/4.7.3/armv7e-m/fpu/crtn.o
OUTPUT(Eurobot_Ultraschallnavi.elf elf32-littlearm)

.debug_line     0x00000000     0x48bb
 .debug_line    0x00000000       0x7a src\startup_stm32f40xx.o
 .debug_line    0x0000007a      0x276 src\lib\can.o
 .debug_line    0x000002f0      0x2c7 src\lib\I2C.o
 .debug_line    0x000005b7      0x2b6 src\application\main.o
 .debug_line    0x0000086d      0x252 src\application\RFComm.o
 .debug_line    0x00000abf      0x594 src\application\CANGatekeeper.o
 .debug_line    0x00001053      0x444 C:\Users\Gunnar\Atollic\TrueSTUDIO\ARM_workspace\BSP\Debug\libBSP.a(stm32f4xx_usart.o)
 .debug_line    0x00001497      0x548 C:\Users\Gunnar\Atollic\TrueSTUDIO\ARM_workspace\BSP\Debug\libBSP.a(stm32f4xx_rcc.o)
 .debug_line    0x000019df      0x4a0 C:\Users\Gunnar\Atollic\TrueSTUDIO\ARM_workspace\BSP\Debug\libBSP.a(stm32f4xx_i2c.o)
 .debug_line    0x00001e7f      0x2d9 C:\Users\Gunnar\Atollic\TrueSTUDIO\ARM_workspace\BSP\Debug\libBSP.a(stm32f4xx_gpio.o)
 .debug_line    0x00002158      0x4f4 C:\Users\Gunnar\Atollic\TrueSTUDIO\ARM_workspace\BSP\Debug\libBSP.a(stm32f4xx_can.o)
 .debug_line    0x0000264c      0x1df C:\Users\Gunnar\Atollic\TrueSTUDIO\ARM_workspace\BSP\Debug\libBSP.a(misc.o)
 .debug_line    0x0000282b      0x1b4 C:\Users\Gunnar\Atollic\TrueSTUDIO\ARM_workspace\BSP\Debug\libBSP.a(system_stm32f4xx.o)
 .debug_line    0x000029df      0xa3f C:\Users\Gunnar\Atollic\TrueSTUDIO\ARM_workspace\FreeRTOS\Debug\libFreeRTOS.a(tasks.o)
 .debug_line    0x0000341e      0x7e8 C:\Users\Gunnar\Atollic\TrueSTUDIO\ARM_workspace\FreeRTOS\Debug\libFreeRTOS.a(queue.o)
 .debug_line    0x00003c06      0x296 C:\Users\Gunnar\Atollic\TrueSTUDIO\ARM_workspace\FreeRTOS\Debug\libFreeRTOS.a(heap_4.o)
 .debug_line    0x00003e9c      0x3bf C:\Users\Gunnar\Atollic\TrueSTUDIO\ARM_workspace\FreeRTOS\Debug\libFreeRTOS.a(port.o)
 .debug_line    0x0000425b      0x268 C:\Users\Gunnar\Atollic\TrueSTUDIO\ARM_workspace\FreeRTOS\Debug\libFreeRTOS.a(list.o)
 .debug_line    0x000044c3      0x3f8 C:\Users\Gunnar\Atollic\TrueSTUDIO\ARM_workspace\FreeRTOS\Debug\libFreeRTOS.a(timers.o)

.debug_info     0x00000000     0xa0ad
 .debug_info    0x00000000       0x8f src\startup_stm32f40xx.o
 .debug_info    0x0000008f      0xb29 src\lib\can.o
 .debug_info    0x00000bb8      0x93d src\lib\I2C.o
 .debug_info    0x000014f5      0x737 src\application\main.o
 .debug_info    0x00001c2c      0x5d3 src\application\RFComm.o
 .debug_info    0x000021ff      0xe06 src\application\CANGatekeeper.o
 .debug_info    0x00003005      0xa69 C:\Users\Gunnar\Atollic\TrueSTUDIO\ARM_workspace\BSP\Debug\libBSP.a(stm32f4xx_usart.o)
 .debug_info    0x00003a6e      0xd78 C:\Users\Gunnar\Atollic\TrueSTUDIO\ARM_workspace\BSP\Debug\libBSP.a(stm32f4xx_rcc.o)
 .debug_info    0x000047e6      0xc50 C:\Users\Gunnar\Atollic\TrueSTUDIO\ARM_workspace\BSP\Debug\libBSP.a(stm32f4xx_i2c.o)
 .debug_info    0x00005436      0x647 C:\Users\Gunnar\Atollic\TrueSTUDIO\ARM_workspace\BSP\Debug\libBSP.a(stm32f4xx_gpio.o)
 .debug_info    0x00005a7d      0xc78 C:\Users\Gunnar\Atollic\TrueSTUDIO\ARM_workspace\BSP\Debug\libBSP.a(stm32f4xx_can.o)
 .debug_info    0x000066f5      0x596 C:\Users\Gunnar\Atollic\TrueSTUDIO\ARM_workspace\BSP\Debug\libBSP.a(misc.o)
 .debug_info    0x00006c8b      0x608 C:\Users\Gunnar\Atollic\TrueSTUDIO\ARM_workspace\BSP\Debug\libBSP.a(system_stm32f4xx.o)
 .debug_info    0x00007293     0x1185 C:\Users\Gunnar\Atollic\TrueSTUDIO\ARM_workspace\FreeRTOS\Debug\libFreeRTOS.a(tasks.o)
 .debug_info    0x00008418      0xbfa C:\Users\Gunnar\Atollic\TrueSTUDIO\ARM_workspace\FreeRTOS\Debug\libFreeRTOS.a(queue.o)
 .debug_info    0x00009012      0x302 C:\Users\Gunnar\Atollic\TrueSTUDIO\ARM_workspace\FreeRTOS\Debug\libFreeRTOS.a(heap_4.o)
 .debug_info    0x00009314      0x34d C:\Users\Gunnar\Atollic\TrueSTUDIO\ARM_workspace\FreeRTOS\Debug\libFreeRTOS.a(port.o)
 .debug_info    0x00009661      0x2cc C:\Users\Gunnar\Atollic\TrueSTUDIO\ARM_workspace\FreeRTOS\Debug\libFreeRTOS.a(list.o)
 .debug_info    0x0000992d      0x780 C:\Users\Gunnar\Atollic\TrueSTUDIO\ARM_workspace\FreeRTOS\Debug\libFreeRTOS.a(timers.o)

.debug_abbrev   0x00000000     0x1ddf
 .debug_abbrev  0x00000000       0x12 src\startup_stm32f40xx.o
 .debug_abbrev  0x00000012      0x1a8 src\lib\can.o
 .debug_abbrev  0x000001ba      0x1ae src\lib\I2C.o
 .debug_abbrev  0x00000368      0x20b src\application\main.o
 .debug_abbrev  0x00000573      0x1dc src\application\RFComm.o
 .debug_abbrev  0x0000074f      0x211 src\application\CANGatekeeper.o
 .debug_abbrev  0x00000960      0x159 C:\Users\Gunnar\Atollic\TrueSTUDIO\ARM_workspace\BSP\Debug\libBSP.a(stm32f4xx_usart.o)
 .debug_abbrev  0x00000ab9      0x1e7 C:\Users\Gunnar\Atollic\TrueSTUDIO\ARM_workspace\BSP\Debug\libBSP.a(stm32f4xx_rcc.o)
 .debug_abbrev  0x00000ca0      0x168 C:\Users\Gunnar\Atollic\TrueSTUDIO\ARM_workspace\BSP\Debug\libBSP.a(stm32f4xx_i2c.o)
 .debug_abbrev  0x00000e08      0x1a7 C:\Users\Gunnar\Atollic\TrueSTUDIO\ARM_workspace\BSP\Debug\libBSP.a(stm32f4xx_gpio.o)
 .debug_abbrev  0x00000faf      0x1d9 C:\Users\Gunnar\Atollic\TrueSTUDIO\ARM_workspace\BSP\Debug\libBSP.a(stm32f4xx_can.o)
 .debug_abbrev  0x00001188      0x12b C:\Users\Gunnar\Atollic\TrueSTUDIO\ARM_workspace\BSP\Debug\libBSP.a(misc.o)
 .debug_abbrev  0x000012b3      0x13a C:\Users\Gunnar\Atollic\TrueSTUDIO\ARM_workspace\BSP\Debug\libBSP.a(system_stm32f4xx.o)
 .debug_abbrev  0x000013ed      0x221 C:\Users\Gunnar\Atollic\TrueSTUDIO\ARM_workspace\FreeRTOS\Debug\libFreeRTOS.a(tasks.o)
 .debug_abbrev  0x0000160e      0x1dc C:\Users\Gunnar\Atollic\TrueSTUDIO\ARM_workspace\FreeRTOS\Debug\libFreeRTOS.a(queue.o)
 .debug_abbrev  0x000017ea      0x1b3 C:\Users\Gunnar\Atollic\TrueSTUDIO\ARM_workspace\FreeRTOS\Debug\libFreeRTOS.a(heap_4.o)
 .debug_abbrev  0x0000199d      0x1e0 C:\Users\Gunnar\Atollic\TrueSTUDIO\ARM_workspace\FreeRTOS\Debug\libFreeRTOS.a(port.o)
 .debug_abbrev  0x00001b7d       0xda C:\Users\Gunnar\Atollic\TrueSTUDIO\ARM_workspace\FreeRTOS\Debug\libFreeRTOS.a(list.o)
 .debug_abbrev  0x00001c57      0x188 C:\Users\Gunnar\Atollic\TrueSTUDIO\ARM_workspace\FreeRTOS\Debug\libFreeRTOS.a(timers.o)

.debug_aranges  0x00000000      0xc18
 .debug_aranges
                0x00000000       0x28 src\startup_stm32f40xx.o
 .debug_aranges
                0x00000028       0x38 src\lib\can.o
 .debug_aranges
                0x00000060       0x60 src\lib\I2C.o
 .debug_aranges
                0x000000c0       0x60 src\application\main.o
 .debug_aranges
                0x00000120       0x40 src\application\RFComm.o
 .debug_aranges
                0x00000160      0x138 src\application\CANGatekeeper.o
 .debug_aranges
                0x00000298      0x100 C:\Users\Gunnar\Atollic\TrueSTUDIO\ARM_workspace\BSP\Debug\libBSP.a(stm32f4xx_usart.o)
 .debug_aranges
                0x00000398      0x180 C:\Users\Gunnar\Atollic\TrueSTUDIO\ARM_workspace\BSP\Debug\libBSP.a(stm32f4xx_rcc.o)
 .debug_aranges
                0x00000518      0x130 C:\Users\Gunnar\Atollic\TrueSTUDIO\ARM_workspace\BSP\Debug\libBSP.a(stm32f4xx_i2c.o)
 .debug_aranges
                0x00000648       0x88 C:\Users\Gunnar\Atollic\TrueSTUDIO\ARM_workspace\BSP\Debug\libBSP.a(stm32f4xx_gpio.o)
 .debug_aranges
                0x000006d0       0xe0 C:\Users\Gunnar\Atollic\TrueSTUDIO\ARM_workspace\BSP\Debug\libBSP.a(stm32f4xx_can.o)
 .debug_aranges
                0x000007b0       0x40 C:\Users\Gunnar\Atollic\TrueSTUDIO\ARM_workspace\BSP\Debug\libBSP.a(misc.o)
 .debug_aranges
                0x000007f0       0x30 C:\Users\Gunnar\Atollic\TrueSTUDIO\ARM_workspace\BSP\Debug\libBSP.a(system_stm32f4xx.o)
 .debug_aranges
                0x00000820      0x160 C:\Users\Gunnar\Atollic\TrueSTUDIO\ARM_workspace\FreeRTOS\Debug\libFreeRTOS.a(tasks.o)
 .debug_aranges
                0x00000980       0xf8 C:\Users\Gunnar\Atollic\TrueSTUDIO\ARM_workspace\FreeRTOS\Debug\libFreeRTOS.a(queue.o)
 .debug_aranges
                0x00000a78       0x48 C:\Users\Gunnar\Atollic\TrueSTUDIO\ARM_workspace\FreeRTOS\Debug\libFreeRTOS.a(heap_4.o)
 .debug_aranges
                0x00000ac0       0x90 C:\Users\Gunnar\Atollic\TrueSTUDIO\ARM_workspace\FreeRTOS\Debug\libFreeRTOS.a(port.o)
 .debug_aranges
                0x00000b50       0x40 C:\Users\Gunnar\Atollic\TrueSTUDIO\ARM_workspace\FreeRTOS\Debug\libFreeRTOS.a(list.o)
 .debug_aranges
                0x00000b90       0x88 C:\Users\Gunnar\Atollic\TrueSTUDIO\ARM_workspace\FreeRTOS\Debug\libFreeRTOS.a(timers.o)

.debug_ranges   0x00000000      0xaf0
 .debug_ranges  0x00000000       0x20 src\startup_stm32f40xx.o
 .debug_ranges  0x00000020       0x28 src\lib\can.o
 .debug_ranges  0x00000048       0x50 src\lib\I2C.o
 .debug_ranges  0x00000098       0x50 src\application\main.o
 .debug_ranges  0x000000e8       0x30 src\application\RFComm.o
 .debug_ranges  0x00000118      0x128 src\application\CANGatekeeper.o
 .debug_ranges  0x00000240       0xf0 C:\Users\Gunnar\Atollic\TrueSTUDIO\ARM_workspace\BSP\Debug\libBSP.a(stm32f4xx_usart.o)
 .debug_ranges  0x00000330      0x170 C:\Users\Gunnar\Atollic\TrueSTUDIO\ARM_workspace\BSP\Debug\libBSP.a(stm32f4xx_rcc.o)
 .debug_ranges  0x000004a0      0x120 C:\Users\Gunnar\Atollic\TrueSTUDIO\ARM_workspace\BSP\Debug\libBSP.a(stm32f4xx_i2c.o)
 .debug_ranges  0x000005c0       0x78 C:\Users\Gunnar\Atollic\TrueSTUDIO\ARM_workspace\BSP\Debug\libBSP.a(stm32f4xx_gpio.o)
 .debug_ranges  0x00000638       0xd0 C:\Users\Gunnar\Atollic\TrueSTUDIO\ARM_workspace\BSP\Debug\libBSP.a(stm32f4xx_can.o)
 .debug_ranges  0x00000708       0x30 C:\Users\Gunnar\Atollic\TrueSTUDIO\ARM_workspace\BSP\Debug\libBSP.a(misc.o)
 .debug_ranges  0x00000738       0x20 C:\Users\Gunnar\Atollic\TrueSTUDIO\ARM_workspace\BSP\Debug\libBSP.a(system_stm32f4xx.o)
 .debug_ranges  0x00000758      0x150 C:\Users\Gunnar\Atollic\TrueSTUDIO\ARM_workspace\FreeRTOS\Debug\libFreeRTOS.a(tasks.o)
 .debug_ranges  0x000008a8       0xe8 C:\Users\Gunnar\Atollic\TrueSTUDIO\ARM_workspace\FreeRTOS\Debug\libFreeRTOS.a(queue.o)
 .debug_ranges  0x00000990       0x38 C:\Users\Gunnar\Atollic\TrueSTUDIO\ARM_workspace\FreeRTOS\Debug\libFreeRTOS.a(heap_4.o)
 .debug_ranges  0x000009c8       0x80 C:\Users\Gunnar\Atollic\TrueSTUDIO\ARM_workspace\FreeRTOS\Debug\libFreeRTOS.a(port.o)
 .debug_ranges  0x00000a48       0x30 C:\Users\Gunnar\Atollic\TrueSTUDIO\ARM_workspace\FreeRTOS\Debug\libFreeRTOS.a(list.o)
 .debug_ranges  0x00000a78       0x78 C:\Users\Gunnar\Atollic\TrueSTUDIO\ARM_workspace\FreeRTOS\Debug\libFreeRTOS.a(timers.o)

.debug_loc      0x00000000     0x44ac
 .debug_loc     0x00000000       0xe0 src\lib\can.o
 .debug_loc     0x000000e0      0x1ec src\lib\I2C.o
 .debug_loc     0x000002cc      0x1bc src\application\main.o
 .debug_loc     0x00000488      0x10e src\application\RFComm.o
 .debug_loc     0x00000596      0x73a src\application\CANGatekeeper.o
 .debug_loc     0x00000cd0      0x658 C:\Users\Gunnar\Atollic\TrueSTUDIO\ARM_workspace\BSP\Debug\libBSP.a(stm32f4xx_usart.o)
 .debug_loc     0x00001328      0x9b4 C:\Users\Gunnar\Atollic\TrueSTUDIO\ARM_workspace\BSP\Debug\libBSP.a(stm32f4xx_rcc.o)
 .debug_loc     0x00001cdc      0x7a8 C:\Users\Gunnar\Atollic\TrueSTUDIO\ARM_workspace\BSP\Debug\libBSP.a(stm32f4xx_i2c.o)
 .debug_loc     0x00002484      0x310 C:\Users\Gunnar\Atollic\TrueSTUDIO\ARM_workspace\BSP\Debug\libBSP.a(stm32f4xx_gpio.o)
 .debug_loc     0x00002794      0x578 C:\Users\Gunnar\Atollic\TrueSTUDIO\ARM_workspace\BSP\Debug\libBSP.a(stm32f4xx_can.o)
 .debug_loc     0x00002d0c      0x118 C:\Users\Gunnar\Atollic\TrueSTUDIO\ARM_workspace\BSP\Debug\libBSP.a(misc.o)
 .debug_loc     0x00002e24       0x9c C:\Users\Gunnar\Atollic\TrueSTUDIO\ARM_workspace\BSP\Debug\libBSP.a(system_stm32f4xx.o)
 .debug_loc     0x00002ec0      0x8c8 C:\Users\Gunnar\Atollic\TrueSTUDIO\ARM_workspace\FreeRTOS\Debug\libFreeRTOS.a(tasks.o)
 .debug_loc     0x00003788      0x620 C:\Users\Gunnar\Atollic\TrueSTUDIO\ARM_workspace\FreeRTOS\Debug\libFreeRTOS.a(queue.o)
 .debug_loc     0x00003da8      0x138 C:\Users\Gunnar\Atollic\TrueSTUDIO\ARM_workspace\FreeRTOS\Debug\libFreeRTOS.a(heap_4.o)
 .debug_loc     0x00003ee0      0x1b0 C:\Users\Gunnar\Atollic\TrueSTUDIO\ARM_workspace\FreeRTOS\Debug\libFreeRTOS.a(port.o)
 .debug_loc     0x00004090      0x118 C:\Users\Gunnar\Atollic\TrueSTUDIO\ARM_workspace\FreeRTOS\Debug\libFreeRTOS.a(list.o)
 .debug_loc     0x000041a8      0x304 C:\Users\Gunnar\Atollic\TrueSTUDIO\ARM_workspace\FreeRTOS\Debug\libFreeRTOS.a(timers.o)

.debug_str      0x00000000     0x3e9b
 .debug_str     0x00000000      0xb7f src\lib\can.o
                                0xbca (size before relaxing)
 .debug_str     0x00000b7f      0x1e2 src\lib\I2C.o
                                0xab3 (size before relaxing)
 .debug_str     0x00000d61      0x274 src\application\main.o
                                0x427 (size before relaxing)
 .debug_str     0x00000fd5      0x11a src\application\RFComm.o
                                0x307 (size before relaxing)
 .debug_str     0x000010ef      0x3bd src\application\CANGatekeeper.o
                                0x766 (size before relaxing)
 .debug_str     0x000014ac      0x499 C:\Users\Gunnar\Atollic\TrueSTUDIO\ARM_workspace\BSP\Debug\libBSP.a(stm32f4xx_usart.o)
                                0x645 (size before relaxing)
 .debug_str     0x00001945      0x5e4 C:\Users\Gunnar\Atollic\TrueSTUDIO\ARM_workspace\BSP\Debug\libBSP.a(stm32f4xx_rcc.o)
                                0x82f (size before relaxing)
 .debug_str     0x00001f29      0x354 C:\Users\Gunnar\Atollic\TrueSTUDIO\ARM_workspace\BSP\Debug\libBSP.a(stm32f4xx_i2c.o)
                                0x668 (size before relaxing)
 .debug_str     0x0000227d      0x166 C:\Users\Gunnar\Atollic\TrueSTUDIO\ARM_workspace\BSP\Debug\libBSP.a(stm32f4xx_gpio.o)
                                0x459 (size before relaxing)
 .debug_str     0x000023e3      0x2f4 C:\Users\Gunnar\Atollic\TrueSTUDIO\ARM_workspace\BSP\Debug\libBSP.a(stm32f4xx_can.o)
                                0x6f4 (size before relaxing)
 .debug_str     0x000026d7      0x18d C:\Users\Gunnar\Atollic\TrueSTUDIO\ARM_workspace\BSP\Debug\libBSP.a(misc.o)
                                0x38f (size before relaxing)
 .debug_str     0x00002864       0xa2 C:\Users\Gunnar\Atollic\TrueSTUDIO\ARM_workspace\BSP\Debug\libBSP.a(system_stm32f4xx.o)
                                0x366 (size before relaxing)
 .debug_str     0x00002906      0x990 C:\Users\Gunnar\Atollic\TrueSTUDIO\ARM_workspace\FreeRTOS\Debug\libFreeRTOS.a(tasks.o)
                                0xae6 (size before relaxing)
 .debug_str     0x00003296      0x45e C:\Users\Gunnar\Atollic\TrueSTUDIO\ARM_workspace\FreeRTOS\Debug\libFreeRTOS.a(queue.o)
                                0x6d4 (size before relaxing)
 .debug_str     0x000036f4      0x1ac C:\Users\Gunnar\Atollic\TrueSTUDIO\ARM_workspace\FreeRTOS\Debug\libFreeRTOS.a(heap_4.o)
                                0x300 (size before relaxing)
 .debug_str     0x000038a0      0x227 C:\Users\Gunnar\Atollic\TrueSTUDIO\ARM_workspace\FreeRTOS\Debug\libFreeRTOS.a(port.o)
                                0x3a3 (size before relaxing)
 .debug_str     0x00003ac7       0x9c C:\Users\Gunnar\Atollic\TrueSTUDIO\ARM_workspace\FreeRTOS\Debug\libFreeRTOS.a(list.o)
                                0x27c (size before relaxing)
 .debug_str     0x00003b63      0x338 C:\Users\Gunnar\Atollic\TrueSTUDIO\ARM_workspace\FreeRTOS\Debug\libFreeRTOS.a(timers.o)
                                0x58a (size before relaxing)

.comment        0x00000000       0x82
 .comment       0x00000000       0x82 src\lib\can.o
                                 0x83 (size before relaxing)
 .comment       0x00000000       0x83 src\lib\I2C.o
 .comment       0x00000000       0x83 src\application\main.o
 .comment       0x00000000       0x83 src\application\RFComm.o
 .comment       0x00000000       0x83 src\application\CANGatekeeper.o
 .comment       0x00000000       0x83 C:\Users\Gunnar\Atollic\TrueSTUDIO\ARM_workspace\BSP\Debug\libBSP.a(stm32f4xx_usart.o)
 .comment       0x00000000       0x83 C:\Users\Gunnar\Atollic\TrueSTUDIO\ARM_workspace\BSP\Debug\libBSP.a(stm32f4xx_rcc.o)
 .comment       0x00000000       0x83 C:\Users\Gunnar\Atollic\TrueSTUDIO\ARM_workspace\BSP\Debug\libBSP.a(stm32f4xx_i2c.o)
 .comment       0x00000000       0x83 C:\Users\Gunnar\Atollic\TrueSTUDIO\ARM_workspace\BSP\Debug\libBSP.a(stm32f4xx_gpio.o)
 .comment       0x00000000       0x83 C:\Users\Gunnar\Atollic\TrueSTUDIO\ARM_workspace\BSP\Debug\libBSP.a(stm32f4xx_can.o)
 .comment       0x00000000       0x83 C:\Users\Gunnar\Atollic\TrueSTUDIO\ARM_workspace\BSP\Debug\libBSP.a(misc.o)
 .comment       0x00000000       0x83 C:\Users\Gunnar\Atollic\TrueSTUDIO\ARM_workspace\BSP\Debug\libBSP.a(system_stm32f4xx.o)
 .comment       0x00000000       0x83 C:\Users\Gunnar\Atollic\TrueSTUDIO\ARM_workspace\FreeRTOS\Debug\libFreeRTOS.a(tasks.o)
 .comment       0x00000000       0x83 C:\Users\Gunnar\Atollic\TrueSTUDIO\ARM_workspace\FreeRTOS\Debug\libFreeRTOS.a(queue.o)
 .comment       0x00000000       0x83 C:\Users\Gunnar\Atollic\TrueSTUDIO\ARM_workspace\FreeRTOS\Debug\libFreeRTOS.a(heap_4.o)
 .comment       0x00000000       0x83 C:\Users\Gunnar\Atollic\TrueSTUDIO\ARM_workspace\FreeRTOS\Debug\libFreeRTOS.a(port.o)
 .comment       0x00000000       0x83 C:\Users\Gunnar\Atollic\TrueSTUDIO\ARM_workspace\FreeRTOS\Debug\libFreeRTOS.a(list.o)
 .comment       0x00000000       0x83 C:\Users\Gunnar\Atollic\TrueSTUDIO\ARM_workspace\FreeRTOS\Debug\libFreeRTOS.a(timers.o)

.debug_frame    0x00000000     0x26ec
 .debug_frame   0x00000000       0x8c src\lib\can.o
 .debug_frame   0x0000008c      0x12c src\lib\I2C.o
 .debug_frame   0x000001b8      0x110 src\application\main.o
 .debug_frame   0x000002c8       0xac src\application\RFComm.o
 .debug_frame   0x00000374      0x444 src\application\CANGatekeeper.o
 .debug_frame   0x000007b8      0x344 C:\Users\Gunnar\Atollic\TrueSTUDIO\ARM_workspace\BSP\Debug\libBSP.a(stm32f4xx_usart.o)
 .debug_frame   0x00000afc      0x4f4 C:\Users\Gunnar\Atollic\TrueSTUDIO\ARM_workspace\BSP\Debug\libBSP.a(stm32f4xx_rcc.o)
 .debug_frame   0x00000ff0      0x3ec C:\Users\Gunnar\Atollic\TrueSTUDIO\ARM_workspace\BSP\Debug\libBSP.a(stm32f4xx_i2c.o)
 .debug_frame   0x000013dc      0x19c C:\Users\Gunnar\Atollic\TrueSTUDIO\ARM_workspace\BSP\Debug\libBSP.a(stm32f4xx_gpio.o)
 .debug_frame   0x00001578      0x2d4 C:\Users\Gunnar\Atollic\TrueSTUDIO\ARM_workspace\BSP\Debug\libBSP.a(stm32f4xx_can.o)
 .debug_frame   0x0000184c       0x9c C:\Users\Gunnar\Atollic\TrueSTUDIO\ARM_workspace\BSP\Debug\libBSP.a(misc.o)
 .debug_frame   0x000018e8       0x64 C:\Users\Gunnar\Atollic\TrueSTUDIO\ARM_workspace\BSP\Debug\libBSP.a(system_stm32f4xx.o)
 .debug_frame   0x0000194c      0x500 C:\Users\Gunnar\Atollic\TrueSTUDIO\ARM_workspace\FreeRTOS\Debug\libFreeRTOS.a(tasks.o)
 .debug_frame   0x00001e4c      0x37c C:\Users\Gunnar\Atollic\TrueSTUDIO\ARM_workspace\FreeRTOS\Debug\libFreeRTOS.a(queue.o)
 .debug_frame   0x000021c8       0xbc C:\Users\Gunnar\Atollic\TrueSTUDIO\ARM_workspace\FreeRTOS\Debug\libFreeRTOS.a(heap_4.o)
 .debug_frame   0x00002284      0x168 C:\Users\Gunnar\Atollic\TrueSTUDIO\ARM_workspace\FreeRTOS\Debug\libFreeRTOS.a(port.o)
 .debug_frame   0x000023ec       0x9c C:\Users\Gunnar\Atollic\TrueSTUDIO\ARM_workspace\FreeRTOS\Debug\libFreeRTOS.a(list.o)
 .debug_frame   0x00002488      0x1c4 C:\Users\Gunnar\Atollic\TrueSTUDIO\ARM_workspace\FreeRTOS\Debug\libFreeRTOS.a(timers.o)
 .debug_frame   0x0000264c       0x2c c:/program files/atollic/truestudio for arm pro 4.3.1/armtools/bin/../lib/gcc/arm-atollic-eabi/4.7.3/../../../../arm-atollic-eabi/lib/armv7e-m/fpu\libc_s.a(lib_a-init.o)
 .debug_frame   0x00002678       0x2c c:/program files/atollic/truestudio for arm pro 4.3.1/armtools/bin/../lib/gcc/arm-atollic-eabi/4.7.3/../../../../arm-atollic-eabi/lib/armv7e-m/fpu\libc_s.a(lib_a-memcmp.o)
 .debug_frame   0x000026a4       0x28 c:/program files/atollic/truestudio for arm pro 4.3.1/armtools/bin/../lib/gcc/arm-atollic-eabi/4.7.3/../../../../arm-atollic-eabi/lib/armv7e-m/fpu\libc_s.a(lib_a-memcpy.o)
 .debug_frame   0x000026cc       0x20 c:/program files/atollic/truestudio for arm pro 4.3.1/armtools/bin/../lib/gcc/arm-atollic-eabi/4.7.3/../../../../arm-atollic-eabi/lib/armv7e-m/fpu\libc_s.a(lib_a-memset.o)

Cross Reference Table

Symbol                                            File
ADC_IRQHandler                                    src\startup_stm32f40xx.o
AHBPrescTable                                     C:\Users\Gunnar\Atollic\TrueSTUDIO\ARM_workspace\BSP\Debug\libBSP.a(system_stm32f4xx.o)
BusFault_Handler                                  src\startup_stm32f40xx.o
CAN1_RX0_IRQHandler                               src\lib\can.o
                                                  src\startup_stm32f40xx.o
CAN1_RX1_IRQHandler                               src\startup_stm32f40xx.o
CAN1_SCE_IRQHandler                               src\startup_stm32f40xx.o
CAN1_TX_IRQHandler                                src\startup_stm32f40xx.o
CAN2_RX0_IRQHandler                               src\startup_stm32f40xx.o
CAN2_RX1_IRQHandler                               src\startup_stm32f40xx.o
CAN2_SCE_IRQHandler                               src\startup_stm32f40xx.o
CAN2_TX_IRQHandler                                src\startup_stm32f40xx.o
CAN_CancelTransmit                                C:\Users\Gunnar\Atollic\TrueSTUDIO\ARM_workspace\BSP\Debug\libBSP.a(stm32f4xx_can.o)
CAN_ClearFlag                                     C:\Users\Gunnar\Atollic\TrueSTUDIO\ARM_workspace\BSP\Debug\libBSP.a(stm32f4xx_can.o)
CAN_ClearITPendingBit                             C:\Users\Gunnar\Atollic\TrueSTUDIO\ARM_workspace\BSP\Debug\libBSP.a(stm32f4xx_can.o)
CAN_DBGFreeze                                     C:\Users\Gunnar\Atollic\TrueSTUDIO\ARM_workspace\BSP\Debug\libBSP.a(stm32f4xx_can.o)
CAN_DeInit                                        C:\Users\Gunnar\Atollic\TrueSTUDIO\ARM_workspace\BSP\Debug\libBSP.a(stm32f4xx_can.o)
                                                  src\lib\can.o
CAN_FIFORelease                                   C:\Users\Gunnar\Atollic\TrueSTUDIO\ARM_workspace\BSP\Debug\libBSP.a(stm32f4xx_can.o)
CAN_FilterInit                                    C:\Users\Gunnar\Atollic\TrueSTUDIO\ARM_workspace\BSP\Debug\libBSP.a(stm32f4xx_can.o)
                                                  src\lib\can.o
CAN_GetFlagStatus                                 C:\Users\Gunnar\Atollic\TrueSTUDIO\ARM_workspace\BSP\Debug\libBSP.a(stm32f4xx_can.o)
CAN_GetITStatus                                   C:\Users\Gunnar\Atollic\TrueSTUDIO\ARM_workspace\BSP\Debug\libBSP.a(stm32f4xx_can.o)
CAN_GetLSBTransmitErrorCounter                    C:\Users\Gunnar\Atollic\TrueSTUDIO\ARM_workspace\BSP\Debug\libBSP.a(stm32f4xx_can.o)
CAN_GetLastErrorCode                              C:\Users\Gunnar\Atollic\TrueSTUDIO\ARM_workspace\BSP\Debug\libBSP.a(stm32f4xx_can.o)
CAN_GetReceiveErrorCounter                        C:\Users\Gunnar\Atollic\TrueSTUDIO\ARM_workspace\BSP\Debug\libBSP.a(stm32f4xx_can.o)
CAN_ITConfig                                      C:\Users\Gunnar\Atollic\TrueSTUDIO\ARM_workspace\BSP\Debug\libBSP.a(stm32f4xx_can.o)
                                                  src\lib\can.o
CAN_Init                                          C:\Users\Gunnar\Atollic\TrueSTUDIO\ARM_workspace\BSP\Debug\libBSP.a(stm32f4xx_can.o)
                                                  src\lib\can.o
CAN_MessagePending                                C:\Users\Gunnar\Atollic\TrueSTUDIO\ARM_workspace\BSP\Debug\libBSP.a(stm32f4xx_can.o)
CAN_OperatingModeRequest                          C:\Users\Gunnar\Atollic\TrueSTUDIO\ARM_workspace\BSP\Debug\libBSP.a(stm32f4xx_can.o)
CAN_Receive                                       C:\Users\Gunnar\Atollic\TrueSTUDIO\ARM_workspace\BSP\Debug\libBSP.a(stm32f4xx_can.o)
                                                  src\lib\can.o
CAN_SlaveStartBank                                C:\Users\Gunnar\Atollic\TrueSTUDIO\ARM_workspace\BSP\Debug\libBSP.a(stm32f4xx_can.o)
CAN_Sleep                                         C:\Users\Gunnar\Atollic\TrueSTUDIO\ARM_workspace\BSP\Debug\libBSP.a(stm32f4xx_can.o)
CAN_StructInit                                    C:\Users\Gunnar\Atollic\TrueSTUDIO\ARM_workspace\BSP\Debug\libBSP.a(stm32f4xx_can.o)
CAN_TTComModeCmd                                  C:\Users\Gunnar\Atollic\TrueSTUDIO\ARM_workspace\BSP\Debug\libBSP.a(stm32f4xx_can.o)
CAN_Transmit                                      C:\Users\Gunnar\Atollic\TrueSTUDIO\ARM_workspace\BSP\Debug\libBSP.a(stm32f4xx_can.o)
                                                  src\application\CANGatekeeper.o
CAN_TransmitStatus                                C:\Users\Gunnar\Atollic\TrueSTUDIO\ARM_workspace\BSP\Debug\libBSP.a(stm32f4xx_can.o)
CAN_WakeUp                                        C:\Users\Gunnar\Atollic\TrueSTUDIO\ARM_workspace\BSP\Debug\libBSP.a(stm32f4xx_can.o)
CRYP_IRQHandler                                   src\startup_stm32f40xx.o
CTRL_REG1_G_DATA                                  src\application\GyroTask.o
CTRL_REG2_G_DATA                                  src\application\GyroTask.o
CTRL_REG3_G_DATA                                  src\application\GyroTask.o
CTRL_REG4_G_DATA                                  src\application\GyroTask.o
CTRL_REG5_G_DATA                                  src\application\GyroTask.o
DCMI_IRQHandler                                   src\startup_stm32f40xx.o
DMA1_Stream0_IRQHandler                           src\startup_stm32f40xx.o
DMA1_Stream1_IRQHandler                           src\startup_stm32f40xx.o
DMA1_Stream2_IRQHandler                           src\startup_stm32f40xx.o
DMA1_Stream3_IRQHandler                           src\startup_stm32f40xx.o
DMA1_Stream4_IRQHandler                           src\startup_stm32f40xx.o
DMA1_Stream5_IRQHandler                           src\startup_stm32f40xx.o
DMA1_Stream6_IRQHandler                           src\startup_stm32f40xx.o
DMA1_Stream7_IRQHandler                           src\startup_stm32f40xx.o
DMA2_Stream0_IRQHandler                           src\startup_stm32f40xx.o
DMA2_Stream1_IRQHandler                           src\startup_stm32f40xx.o
DMA2_Stream2_IRQHandler                           src\startup_stm32f40xx.o
DMA2_Stream3_IRQHandler                           src\startup_stm32f40xx.o
DMA2_Stream4_IRQHandler                           src\startup_stm32f40xx.o
DMA2_Stream5_IRQHandler                           src\startup_stm32f40xx.o
DMA2_Stream6_IRQHandler                           src\startup_stm32f40xx.o
DMA2_Stream7_IRQHandler                           src\startup_stm32f40xx.o
DebugMon_Handler                                  src\startup_stm32f40xx.o
Default_Handler                                   src\startup_stm32f40xx.o
Delay                                             src\application\GyroTask.o
Delay_ms                                          src\application\RFComm.o
ETH_IRQHandler                                    src\startup_stm32f40xx.o
ETH_WKUP_IRQHandler                               src\startup_stm32f40xx.o
EXTI0_IRQHandler                                  src\startup_stm32f40xx.o
EXTI15_10_IRQHandler                              src\startup_stm32f40xx.o
EXTI1_IRQHandler                                  src\startup_stm32f40xx.o
EXTI2_IRQHandler                                  src\startup_stm32f40xx.o
EXTI3_IRQHandler                                  src\startup_stm32f40xx.o
EXTI4_IRQHandler                                  src\startup_stm32f40xx.o
EXTI9_5_IRQHandler                                src\startup_stm32f40xx.o
Enemy1Pos                                         src\application\RFComm.o
                                                  src\application\Trilateration.o
                                                  src\application\main.o
Enemy2Pos                                         src\application\RFComm.o
                                                  src\application\Trilateration.o
                                                  src\application\main.o
FLASH_IRQHandler                                  src\startup_stm32f40xx.o
FPU_IRQHandler                                    src\startup_stm32f40xx.o
FSMC_IRQHandler                                   src\startup_stm32f40xx.o
Filterstr                                         src\application\RFComm.o
GPIO_DeInit                                       C:\Users\Gunnar\Atollic\TrueSTUDIO\ARM_workspace\BSP\Debug\libBSP.a(stm32f4xx_gpio.o)
GPIO_Init                                         C:\Users\Gunnar\Atollic\TrueSTUDIO\ARM_workspace\BSP\Debug\libBSP.a(stm32f4xx_gpio.o)
                                                  src\lib\I2C.o
                                                  src\lib\UART.o
                                                  src\lib\can.o
GPIO_PinAFConfig                                  C:\Users\Gunnar\Atollic\TrueSTUDIO\ARM_workspace\BSP\Debug\libBSP.a(stm32f4xx_gpio.o)
                                                  src\lib\I2C.o
                                                  src\lib\UART.o
                                                  src\lib\can.o
GPIO_PinLockConfig                                C:\Users\Gunnar\Atollic\TrueSTUDIO\ARM_workspace\BSP\Debug\libBSP.a(stm32f4xx_gpio.o)
GPIO_ReadInputData                                C:\Users\Gunnar\Atollic\TrueSTUDIO\ARM_workspace\BSP\Debug\libBSP.a(stm32f4xx_gpio.o)
GPIO_ReadInputDataBit                             C:\Users\Gunnar\Atollic\TrueSTUDIO\ARM_workspace\BSP\Debug\libBSP.a(stm32f4xx_gpio.o)
GPIO_ReadOutputData                               C:\Users\Gunnar\Atollic\TrueSTUDIO\ARM_workspace\BSP\Debug\libBSP.a(stm32f4xx_gpio.o)
GPIO_ReadOutputDataBit                            C:\Users\Gunnar\Atollic\TrueSTUDIO\ARM_workspace\BSP\Debug\libBSP.a(stm32f4xx_gpio.o)
GPIO_ResetBits                                    C:\Users\Gunnar\Atollic\TrueSTUDIO\ARM_workspace\BSP\Debug\libBSP.a(stm32f4xx_gpio.o)
GPIO_SetBits                                      C:\Users\Gunnar\Atollic\TrueSTUDIO\ARM_workspace\BSP\Debug\libBSP.a(stm32f4xx_gpio.o)
GPIO_StructInit                                   C:\Users\Gunnar\Atollic\TrueSTUDIO\ARM_workspace\BSP\Debug\libBSP.a(stm32f4xx_gpio.o)
GPIO_ToggleBits                                   C:\Users\Gunnar\Atollic\TrueSTUDIO\ARM_workspace\BSP\Debug\libBSP.a(stm32f4xx_gpio.o)
GPIO_Write                                        C:\Users\Gunnar\Atollic\TrueSTUDIO\ARM_workspace\BSP\Debug\libBSP.a(stm32f4xx_gpio.o)
GPIO_WriteBit                                     C:\Users\Gunnar\Atollic\TrueSTUDIO\ARM_workspace\BSP\Debug\libBSP.a(stm32f4xx_gpio.o)
HASH_RNG_IRQHandler                               src\startup_stm32f40xx.o
HardFault_Handler                                 src\startup_stm32f40xx.o
I2C1_ER_IRQHandler                                src\lib\I2C.o
                                                  src\startup_stm32f40xx.o
I2C1_EV_IRQHandler                                src\startup_stm32f40xx.o
I2C2_ER_IRQHandler                                src\startup_stm32f40xx.o
I2C2_EV_IRQHandler                                src\startup_stm32f40xx.o
I2C3_ER_IRQHandler                                src\startup_stm32f40xx.o
I2C3_EV_IRQHandler                                src\startup_stm32f40xx.o
I2C_ARPCmd                                        C:\Users\Gunnar\Atollic\TrueSTUDIO\ARM_workspace\BSP\Debug\libBSP.a(stm32f4xx_i2c.o)
I2C_AcknowledgeConfig                             C:\Users\Gunnar\Atollic\TrueSTUDIO\ARM_workspace\BSP\Debug\libBSP.a(stm32f4xx_i2c.o)
                                                  src\lib\I2C.o
I2C_AnalogFilterCmd                               C:\Users\Gunnar\Atollic\TrueSTUDIO\ARM_workspace\BSP\Debug\libBSP.a(stm32f4xx_i2c.o)
I2C_CalculatePEC                                  C:\Users\Gunnar\Atollic\TrueSTUDIO\ARM_workspace\BSP\Debug\libBSP.a(stm32f4xx_i2c.o)
I2C_CheckEvent                                    C:\Users\Gunnar\Atollic\TrueSTUDIO\ARM_workspace\BSP\Debug\libBSP.a(stm32f4xx_i2c.o)
                                                  src\lib\I2C.o
I2C_ClearFlag                                     C:\Users\Gunnar\Atollic\TrueSTUDIO\ARM_workspace\BSP\Debug\libBSP.a(stm32f4xx_i2c.o)
                                                  src\lib\I2C.o
I2C_ClearITPendingBit                             C:\Users\Gunnar\Atollic\TrueSTUDIO\ARM_workspace\BSP\Debug\libBSP.a(stm32f4xx_i2c.o)
I2C_Cmd                                           C:\Users\Gunnar\Atollic\TrueSTUDIO\ARM_workspace\BSP\Debug\libBSP.a(stm32f4xx_i2c.o)
                                                  src\lib\I2C.o
I2C_DMACmd                                        C:\Users\Gunnar\Atollic\TrueSTUDIO\ARM_workspace\BSP\Debug\libBSP.a(stm32f4xx_i2c.o)
I2C_DMALastTransferCmd                            C:\Users\Gunnar\Atollic\TrueSTUDIO\ARM_workspace\BSP\Debug\libBSP.a(stm32f4xx_i2c.o)
I2C_DeInit                                        C:\Users\Gunnar\Atollic\TrueSTUDIO\ARM_workspace\BSP\Debug\libBSP.a(stm32f4xx_i2c.o)
                                                  src\lib\I2C.o
I2C_DigitalFilterConfig                           C:\Users\Gunnar\Atollic\TrueSTUDIO\ARM_workspace\BSP\Debug\libBSP.a(stm32f4xx_i2c.o)
I2C_DualAddressCmd                                C:\Users\Gunnar\Atollic\TrueSTUDIO\ARM_workspace\BSP\Debug\libBSP.a(stm32f4xx_i2c.o)
I2C_FastModeDutyCycleConfig                       C:\Users\Gunnar\Atollic\TrueSTUDIO\ARM_workspace\BSP\Debug\libBSP.a(stm32f4xx_i2c.o)
I2C_GeneralCallCmd                                C:\Users\Gunnar\Atollic\TrueSTUDIO\ARM_workspace\BSP\Debug\libBSP.a(stm32f4xx_i2c.o)
I2C_GenerateSTART                                 C:\Users\Gunnar\Atollic\TrueSTUDIO\ARM_workspace\BSP\Debug\libBSP.a(stm32f4xx_i2c.o)
                                                  src\lib\I2C.o
I2C_GenerateSTOP                                  C:\Users\Gunnar\Atollic\TrueSTUDIO\ARM_workspace\BSP\Debug\libBSP.a(stm32f4xx_i2c.o)
                                                  src\lib\I2C.o
I2C_GetFlagStatus                                 C:\Users\Gunnar\Atollic\TrueSTUDIO\ARM_workspace\BSP\Debug\libBSP.a(stm32f4xx_i2c.o)
                                                  src\lib\I2C.o
I2C_GetITStatus                                   C:\Users\Gunnar\Atollic\TrueSTUDIO\ARM_workspace\BSP\Debug\libBSP.a(stm32f4xx_i2c.o)
I2C_GetLastEvent                                  C:\Users\Gunnar\Atollic\TrueSTUDIO\ARM_workspace\BSP\Debug\libBSP.a(stm32f4xx_i2c.o)
I2C_GetPEC                                        C:\Users\Gunnar\Atollic\TrueSTUDIO\ARM_workspace\BSP\Debug\libBSP.a(stm32f4xx_i2c.o)
I2C_ITConfig                                      C:\Users\Gunnar\Atollic\TrueSTUDIO\ARM_workspace\BSP\Debug\libBSP.a(stm32f4xx_i2c.o)
I2C_Init                                          C:\Users\Gunnar\Atollic\TrueSTUDIO\ARM_workspace\BSP\Debug\libBSP.a(stm32f4xx_i2c.o)
                                                  src\lib\I2C.o
I2C_NACKPositionConfig                            C:\Users\Gunnar\Atollic\TrueSTUDIO\ARM_workspace\BSP\Debug\libBSP.a(stm32f4xx_i2c.o)
I2C_OwnAddress2Config                             C:\Users\Gunnar\Atollic\TrueSTUDIO\ARM_workspace\BSP\Debug\libBSP.a(stm32f4xx_i2c.o)
I2C_PECPositionConfig                             C:\Users\Gunnar\Atollic\TrueSTUDIO\ARM_workspace\BSP\Debug\libBSP.a(stm32f4xx_i2c.o)
I2C_ReadRegister                                  C:\Users\Gunnar\Atollic\TrueSTUDIO\ARM_workspace\BSP\Debug\libBSP.a(stm32f4xx_i2c.o)
I2C_ReceiveData                                   C:\Users\Gunnar\Atollic\TrueSTUDIO\ARM_workspace\BSP\Debug\libBSP.a(stm32f4xx_i2c.o)
                                                  src\lib\I2C.o
I2C_SMBusAlertConfig                              C:\Users\Gunnar\Atollic\TrueSTUDIO\ARM_workspace\BSP\Debug\libBSP.a(stm32f4xx_i2c.o)
I2C_Send7bitAddress                               C:\Users\Gunnar\Atollic\TrueSTUDIO\ARM_workspace\BSP\Debug\libBSP.a(stm32f4xx_i2c.o)
                                                  src\lib\I2C.o
I2C_SendData                                      C:\Users\Gunnar\Atollic\TrueSTUDIO\ARM_workspace\BSP\Debug\libBSP.a(stm32f4xx_i2c.o)
                                                  src\lib\I2C.o
I2C_SoftwareResetCmd                              C:\Users\Gunnar\Atollic\TrueSTUDIO\ARM_workspace\BSP\Debug\libBSP.a(stm32f4xx_i2c.o)
I2C_StretchClockCmd                               C:\Users\Gunnar\Atollic\TrueSTUDIO\ARM_workspace\BSP\Debug\libBSP.a(stm32f4xx_i2c.o)
I2C_StructInit                                    C:\Users\Gunnar\Atollic\TrueSTUDIO\ARM_workspace\BSP\Debug\libBSP.a(stm32f4xx_i2c.o)
I2C_TransmitPEC                                   C:\Users\Gunnar\Atollic\TrueSTUDIO\ARM_workspace\BSP\Debug\libBSP.a(stm32f4xx_i2c.o)
MemManage_Handler                                 src\startup_stm32f40xx.o
NMI_Handler                                       src\startup_stm32f40xx.o
NVIC_Init                                         C:\Users\Gunnar\Atollic\TrueSTUDIO\ARM_workspace\BSP\Debug\libBSP.a(misc.o)
                                                  src\lib\I2C.o
                                                  src\lib\UART.o
                                                  src\lib\can.o
NVIC_PriorityGroupConfig                          C:\Users\Gunnar\Atollic\TrueSTUDIO\ARM_workspace\BSP\Debug\libBSP.a(misc.o)
                                                  src\application\main.o
NVIC_SetVectorTable                               C:\Users\Gunnar\Atollic\TrueSTUDIO\ARM_workspace\BSP\Debug\libBSP.a(misc.o)
NVIC_SystemLPConfig                               C:\Users\Gunnar\Atollic\TrueSTUDIO\ARM_workspace\BSP\Debug\libBSP.a(misc.o)
OTG_FS_IRQHandler                                 src\startup_stm32f40xx.o
OTG_FS_WKUP_IRQHandler                            src\startup_stm32f40xx.o
OTG_HS_EP1_IN_IRQHandler                          src\startup_stm32f40xx.o
OTG_HS_EP1_OUT_IRQHandler                         src\startup_stm32f40xx.o
OTG_HS_IRQHandler                                 src\startup_stm32f40xx.o
OTG_HS_WKUP_IRQHandler                            src\startup_stm32f40xx.o
PVD_IRQHandler                                    src\startup_stm32f40xx.o
PendSV_Handler                                    C:\Users\Gunnar\Atollic\TrueSTUDIO\ARM_workspace\FreeRTOS\Debug\libFreeRTOS.a(port.o)
                                                  src\startup_stm32f40xx.o
RCC_AHB1PeriphClockCmd                            C:\Users\Gunnar\Atollic\TrueSTUDIO\ARM_workspace\BSP\Debug\libBSP.a(stm32f4xx_rcc.o)
                                                  src\lib\I2C.o
                                                  src\lib\UART.o
                                                  src\lib\can.o
RCC_AHB1PeriphClockLPModeCmd                      C:\Users\Gunnar\Atollic\TrueSTUDIO\ARM_workspace\BSP\Debug\libBSP.a(stm32f4xx_rcc.o)
RCC_AHB1PeriphResetCmd                            C:\Users\Gunnar\Atollic\TrueSTUDIO\ARM_workspace\BSP\Debug\libBSP.a(stm32f4xx_rcc.o)
                                                  C:\Users\Gunnar\Atollic\TrueSTUDIO\ARM_workspace\BSP\Debug\libBSP.a(stm32f4xx_gpio.o)
RCC_AHB2PeriphClockCmd                            C:\Users\Gunnar\Atollic\TrueSTUDIO\ARM_workspace\BSP\Debug\libBSP.a(stm32f4xx_rcc.o)
RCC_AHB2PeriphClockLPModeCmd                      C:\Users\Gunnar\Atollic\TrueSTUDIO\ARM_workspace\BSP\Debug\libBSP.a(stm32f4xx_rcc.o)
RCC_AHB2PeriphResetCmd                            C:\Users\Gunnar\Atollic\TrueSTUDIO\ARM_workspace\BSP\Debug\libBSP.a(stm32f4xx_rcc.o)
RCC_AHB3PeriphClockCmd                            C:\Users\Gunnar\Atollic\TrueSTUDIO\ARM_workspace\BSP\Debug\libBSP.a(stm32f4xx_rcc.o)
RCC_AHB3PeriphClockLPModeCmd                      C:\Users\Gunnar\Atollic\TrueSTUDIO\ARM_workspace\BSP\Debug\libBSP.a(stm32f4xx_rcc.o)
RCC_AHB3PeriphResetCmd                            C:\Users\Gunnar\Atollic\TrueSTUDIO\ARM_workspace\BSP\Debug\libBSP.a(stm32f4xx_rcc.o)
RCC_APB1PeriphClockCmd                            C:\Users\Gunnar\Atollic\TrueSTUDIO\ARM_workspace\BSP\Debug\libBSP.a(stm32f4xx_rcc.o)
                                                  src\lib\I2C.o
                                                  src\lib\can.o
RCC_APB1PeriphClockLPModeCmd                      C:\Users\Gunnar\Atollic\TrueSTUDIO\ARM_workspace\BSP\Debug\libBSP.a(stm32f4xx_rcc.o)
RCC_APB1PeriphResetCmd                            C:\Users\Gunnar\Atollic\TrueSTUDIO\ARM_workspace\BSP\Debug\libBSP.a(stm32f4xx_rcc.o)
                                                  C:\Users\Gunnar\Atollic\TrueSTUDIO\ARM_workspace\BSP\Debug\libBSP.a(stm32f4xx_can.o)
                                                  C:\Users\Gunnar\Atollic\TrueSTUDIO\ARM_workspace\BSP\Debug\libBSP.a(stm32f4xx_i2c.o)
                                                  C:\Users\Gunnar\Atollic\TrueSTUDIO\ARM_workspace\BSP\Debug\libBSP.a(stm32f4xx_usart.o)
RCC_APB2PeriphClockCmd                            C:\Users\Gunnar\Atollic\TrueSTUDIO\ARM_workspace\BSP\Debug\libBSP.a(stm32f4xx_rcc.o)
                                                  src\lib\I2C.o
                                                  src\lib\UART.o
RCC_APB2PeriphClockLPModeCmd                      C:\Users\Gunnar\Atollic\TrueSTUDIO\ARM_workspace\BSP\Debug\libBSP.a(stm32f4xx_rcc.o)
RCC_APB2PeriphResetCmd                            C:\Users\Gunnar\Atollic\TrueSTUDIO\ARM_workspace\BSP\Debug\libBSP.a(stm32f4xx_rcc.o)
                                                  C:\Users\Gunnar\Atollic\TrueSTUDIO\ARM_workspace\BSP\Debug\libBSP.a(stm32f4xx_usart.o)
RCC_AdjustHSICalibrationValue                     C:\Users\Gunnar\Atollic\TrueSTUDIO\ARM_workspace\BSP\Debug\libBSP.a(stm32f4xx_rcc.o)
RCC_BackupResetCmd                                C:\Users\Gunnar\Atollic\TrueSTUDIO\ARM_workspace\BSP\Debug\libBSP.a(stm32f4xx_rcc.o)
RCC_ClearFlag                                     C:\Users\Gunnar\Atollic\TrueSTUDIO\ARM_workspace\BSP\Debug\libBSP.a(stm32f4xx_rcc.o)
RCC_ClearITPendingBit                             C:\Users\Gunnar\Atollic\TrueSTUDIO\ARM_workspace\BSP\Debug\libBSP.a(stm32f4xx_rcc.o)
RCC_ClockSecuritySystemCmd                        C:\Users\Gunnar\Atollic\TrueSTUDIO\ARM_workspace\BSP\Debug\libBSP.a(stm32f4xx_rcc.o)
RCC_DeInit                                        C:\Users\Gunnar\Atollic\TrueSTUDIO\ARM_workspace\BSP\Debug\libBSP.a(stm32f4xx_rcc.o)
RCC_GetClocksFreq                                 C:\Users\Gunnar\Atollic\TrueSTUDIO\ARM_workspace\BSP\Debug\libBSP.a(stm32f4xx_rcc.o)
                                                  C:\Users\Gunnar\Atollic\TrueSTUDIO\ARM_workspace\BSP\Debug\libBSP.a(stm32f4xx_i2c.o)
                                                  C:\Users\Gunnar\Atollic\TrueSTUDIO\ARM_workspace\BSP\Debug\libBSP.a(stm32f4xx_usart.o)
RCC_GetFlagStatus                                 C:\Users\Gunnar\Atollic\TrueSTUDIO\ARM_workspace\BSP\Debug\libBSP.a(stm32f4xx_rcc.o)
RCC_GetITStatus                                   C:\Users\Gunnar\Atollic\TrueSTUDIO\ARM_workspace\BSP\Debug\libBSP.a(stm32f4xx_rcc.o)
RCC_GetSYSCLKSource                               C:\Users\Gunnar\Atollic\TrueSTUDIO\ARM_workspace\BSP\Debug\libBSP.a(stm32f4xx_rcc.o)
RCC_HCLKConfig                                    C:\Users\Gunnar\Atollic\TrueSTUDIO\ARM_workspace\BSP\Debug\libBSP.a(stm32f4xx_rcc.o)
RCC_HSEConfig                                     C:\Users\Gunnar\Atollic\TrueSTUDIO\ARM_workspace\BSP\Debug\libBSP.a(stm32f4xx_rcc.o)
RCC_HSICmd                                        C:\Users\Gunnar\Atollic\TrueSTUDIO\ARM_workspace\BSP\Debug\libBSP.a(stm32f4xx_rcc.o)
RCC_I2SCLKConfig                                  C:\Users\Gunnar\Atollic\TrueSTUDIO\ARM_workspace\BSP\Debug\libBSP.a(stm32f4xx_rcc.o)
RCC_IRQHandler                                    src\startup_stm32f40xx.o
RCC_ITConfig                                      C:\Users\Gunnar\Atollic\TrueSTUDIO\ARM_workspace\BSP\Debug\libBSP.a(stm32f4xx_rcc.o)
RCC_LSEConfig                                     C:\Users\Gunnar\Atollic\TrueSTUDIO\ARM_workspace\BSP\Debug\libBSP.a(stm32f4xx_rcc.o)
RCC_LSICmd                                        C:\Users\Gunnar\Atollic\TrueSTUDIO\ARM_workspace\BSP\Debug\libBSP.a(stm32f4xx_rcc.o)
RCC_MCO1Config                                    C:\Users\Gunnar\Atollic\TrueSTUDIO\ARM_workspace\BSP\Debug\libBSP.a(stm32f4xx_rcc.o)
RCC_MCO2Config                                    C:\Users\Gunnar\Atollic\TrueSTUDIO\ARM_workspace\BSP\Debug\libBSP.a(stm32f4xx_rcc.o)
RCC_PCLK1Config                                   C:\Users\Gunnar\Atollic\TrueSTUDIO\ARM_workspace\BSP\Debug\libBSP.a(stm32f4xx_rcc.o)
RCC_PCLK2Config                                   C:\Users\Gunnar\Atollic\TrueSTUDIO\ARM_workspace\BSP\Debug\libBSP.a(stm32f4xx_rcc.o)
RCC_PLLCmd                                        C:\Users\Gunnar\Atollic\TrueSTUDIO\ARM_workspace\BSP\Debug\libBSP.a(stm32f4xx_rcc.o)
RCC_PLLConfig                                     C:\Users\Gunnar\Atollic\TrueSTUDIO\ARM_workspace\BSP\Debug\libBSP.a(stm32f4xx_rcc.o)
RCC_PLLI2SCmd                                     C:\Users\Gunnar\Atollic\TrueSTUDIO\ARM_workspace\BSP\Debug\libBSP.a(stm32f4xx_rcc.o)
RCC_PLLI2SConfig                                  C:\Users\Gunnar\Atollic\TrueSTUDIO\ARM_workspace\BSP\Debug\libBSP.a(stm32f4xx_rcc.o)
RCC_RTCCLKCmd                                     C:\Users\Gunnar\Atollic\TrueSTUDIO\ARM_workspace\BSP\Debug\libBSP.a(stm32f4xx_rcc.o)
RCC_RTCCLKConfig                                  C:\Users\Gunnar\Atollic\TrueSTUDIO\ARM_workspace\BSP\Debug\libBSP.a(stm32f4xx_rcc.o)
RCC_SYSCLKConfig                                  C:\Users\Gunnar\Atollic\TrueSTUDIO\ARM_workspace\BSP\Debug\libBSP.a(stm32f4xx_rcc.o)
RCC_TIMCLKPresConfig                              C:\Users\Gunnar\Atollic\TrueSTUDIO\ARM_workspace\BSP\Debug\libBSP.a(stm32f4xx_rcc.o)
RCC_WaitForHSEStartUp                             C:\Users\Gunnar\Atollic\TrueSTUDIO\ARM_workspace\BSP\Debug\libBSP.a(stm32f4xx_rcc.o)
RTC_Alarm_IRQHandler                              src\startup_stm32f40xx.o
RTC_WKUP_IRQHandler                               src\startup_stm32f40xx.o
Reset_Handler                                     src\startup_stm32f40xx.o
Robo1Pos                                          src\application\RFComm.o
                                                  src\application\Trilateration.o
                                                  src\application\main.o
Robo2Pos                                          src\application\RFComm.o
                                                  src\application\Trilateration.o
                                                  src\application\main.o
RukaRaw_yaw                                       src\application\GyroTask.o
RxMsg                                             src\application\RFComm.o
SDIO_IRQHandler                                   src\startup_stm32f40xx.o
SPI1_IRQHandler                                   src\startup_stm32f40xx.o
SPI2_IRQHandler                                   src\startup_stm32f40xx.o
SPI3_IRQHandler                                   src\startup_stm32f40xx.o
SVC_Handler                                       C:\Users\Gunnar\Atollic\TrueSTUDIO\ARM_workspace\FreeRTOS\Debug\libFreeRTOS.a(port.o)
                                                  src\startup_stm32f40xx.o
SWV_printfloat                                    src\application\main.o
                                                  src\application\GyroTask.o
SWV_printnum                                      src\application\main.o
SendRFMsg                                         src\application\RFComm.o
SysTick_CLKSourceConfig                           C:\Users\Gunnar\Atollic\TrueSTUDIO\ARM_workspace\BSP\Debug\libBSP.a(misc.o)
SysTick_Handler                                   C:\Users\Gunnar\Atollic\TrueSTUDIO\ARM_workspace\FreeRTOS\Debug\libFreeRTOS.a(port.o)
                                                  src\startup_stm32f40xx.o
SystemCoreClock                                   C:\Users\Gunnar\Atollic\TrueSTUDIO\ARM_workspace\BSP\Debug\libBSP.a(system_stm32f4xx.o)
                                                  C:\Users\Gunnar\Atollic\TrueSTUDIO\ARM_workspace\FreeRTOS\Debug\libFreeRTOS.a(port.o)
SystemCoreClockUpdate                             C:\Users\Gunnar\Atollic\TrueSTUDIO\ARM_workspace\BSP\Debug\libBSP.a(system_stm32f4xx.o)
SystemInit                                        C:\Users\Gunnar\Atollic\TrueSTUDIO\ARM_workspace\BSP\Debug\libBSP.a(system_stm32f4xx.o)
                                                  src\startup_stm32f40xx.o
TAMP_STAMP_IRQHandler                             src\startup_stm32f40xx.o
TIM1_BRK_TIM9_IRQHandler                          src\startup_stm32f40xx.o
TIM1_CC_IRQHandler                                src\startup_stm32f40xx.o
TIM1_TRG_COM_TIM11_IRQHandler                     src\startup_stm32f40xx.o